02-06 06:24:17.551     1     1 W         : -(2)[1:swapper/0] kernel_init_freeable+0xb0/0x130
02-06 06:24:17.551     1     1 W         : -(2)[1:swapper/0] kernel_init+0x14/0x10c
02-06 06:24:17.551     1     1 W         : -(2)[1:swapper/0] ret_from_fork+0x10/0x18
02-06 06:24:17.551     1     1 I (2)[1:swapper/0]rt-flash-led: rtfled_probe() line-403: Richtek FlashLED Driver initialized successfully
02-06 06:24:17.552     1     1 I (2)[1:swapper/0]mt6370_pmu_bled mt6370_pmu_bled: mt6370_pmu_bled_probe successfully
02-06 06:24:17.552     1     1 W (2)[1:swapper/0]mt6370_pmu_dsv mt6370_pmu_dsv: DMA mask not set
02-06 06:24:17.552     1     1 I (2)[1:swapper/0]mt6370_pmu_dsv_probe: (1.0.1_MTK)
02-06 06:24:17.552     1     1 I (2)[1:swapper/0]mt6370_pmu_dsv mt6370_pmu_dsv: regulator_name = dsv_pos, min_uV = 4000000, max_uV = 6000000
02-06 06:24:17.552     1     1 I (2)[1:swapper/0]mt6370_pmu_dsv mt6370_pmu_dsv: regulator_name = dsv_neg, min_uV = 4000000, max_uV = 6000000
02-06 06:24:17.553     1     1 I (2)[1:swapper/0]mt6370_pmu_dsv mt6370_pmu_dsv: mt6370_pmu_dsv_probe successfully
02-06 06:24:17.553     1     1 I (2)[1:swapper/0]mt6370_pmu 5-0034: mt6370_pmu_probe successfully
02-06 06:24:17.553     1     1 I         : (2)[1:swapper/0]mt6370_i2c_probe
02-06 06:24:17.553     1     1 I (2)[1:swapper/0]I2C functionality: OK...
02-06 06:24:17.555   122   122 I         : (0)[122:pd_dbg_info]///PD dbg info 193d
02-06 06:24:17.555   122   122 I         : (0)[122:pd_dbg_info]<    1.389>0
02-06 06:24:17.555     0     0 I <    1.389>pd_dbg_info: t2-t1 = 12
02-06 06:24:17.555     0     0 I         : <    1.389>1
02-06 06:24:17.555     0     0 I <    1.389>pd_dbg_info: t2-t1 = 1
02-06 06:24:17.555     0     0 I         : <    1.389>2
02-06 06:24:17.555     0     0 I         : <    1.389>pd_dbg_
02-06 06:24:17.555   122   122 I (0)[122:pd_dbg_info]: t2-t1 = 1
02-06 06:24:17.555     0     0 I         : <    1.389>3
02-06 06:24:17.555     0     0 I <    1.389>pd_dbg_info: t2-t1 = 1
02-06 06:24:17.555     1     1 I         : (2)[1:swapper/0]0
02-06 06:24:17.555     1     1 I (2)[1:swapper/0]pr_info: t2-t1 = 3
02-06 06:24:17.555     1     1 I         : (2)[1:swapper/0]1
02-06 06:24:17.555     1     1 I (2)[1:swapper/0]pr_info: t2-t1 = 5
02-06 06:24:17.555     1     1 I         : (2)[1:swapper/0]2
02-06 06:24:17.555     1     1 I (2)[1:swapper/0]pr_info: t2-t1 = 3
02-06 06:24:17.555     1     1 I         : (2)[1:swapper/0]3
02-06 06:24:17.555     1     1 I (2)[1:swapper/0]pr_info: t2-t1 = 2
02-06 06:24:17.555     1     1 I         : (2)[1:swapper/0]4
02-06 06:24:17.555     1     1 I (2)[1:swapper/0]pr_info: t2-t1 = 3
02-06 06:24:17.555     1     1 I         : (2)[1:swapper/0]5
02-06 06:24:17.555     1     1 I (2)[1:swapper/0]pr_info: t2-t1 = 3
02-06 06:24:17.555     1     1 I         : (2)[1:swapper/0]6
02-06 06:24:17.555     1     1 I (2)[1:swapper/0]pr_info: t2-t1 = 2
02-06 06:24:17.555     1     1 I         : (2)[1:swapper/0]7
02-06 06:24:17.555     1     1 I (2)[1:swapper/0]pr_info: t2-t1 = 2
02-06 06:24:17.555     1     1 I         : (2)[1:swapper/0]8
02-06 06:24:17.556     1     1 I (2)[1:swapper/0]pr_info: t2-t1 = 2
02-06 06:24:17.556     1     1 I         : (2)[1:swapper/0]9
02-06 06:24:17.556     1     1 I (2)[1:swapper/0]pr_info: t2-t1 = 2
02-06 06:24:17.556     1     1 I         : (2)[1:swapper/0]mt_parse_dt
02-06 06:24:17.556     1     1 I         : (2)[1:swapper/0]mt6370_chipID = 0x3072
02-06 06:24:17.556     1     1 I         : (2)[1:swapper/0]rt_regmap_device_register_ex name = mt6370-4e
02-06 06:24:17.556     1     1 I         : (2)[1:swapper/0]rt_regmap_cache_init
02-06 06:24:17.556     1     1 I         : (2)[1:swapper/0]rt_regmap_cache_init successfully
02-06 06:24:17.556     1     1 I (2)[1:swapper/0] rt_regmap_mt6370-4e: rt_regmap_set_cache_mode mode_mask = 0
02-06 06:24:17.556     1     1 I (2)[1:swapper/0] rt_regmap_mt6370-4e: rt_regmap_cache_reload
02-06 06:24:17.556     1     1 I (2)[1:swapper/0]usb_type_c 5-004e: mt6370_tcpcdev_init
02-06 06:24:17.556     1     1 I         : (2)[1:swapper/0]tcpc_device_register register tcpc device (type_c_port0)
02-06 06:24:17.556     1     1 I         : (2)[1:swapper/0]PD Timer number = 56
02-06 06:24:17.556     1     1 I (2)[1:swapper/0]tcpci_timer_init: init OK
02-06 06:24:17.556     1     1 I         : (2)[1:swapper/0]pd_parse_pdata
02-06 06:24:17.556     1     1 I         : (2)[1:swapper/0]pd_parse_pdata src pdo data =
02-06 06:24:17.556     1     1 I (2)[1:swapper/0]pd_parse_pdata 0: 0x00019096
02-06 06:24:17.556     1     1 I         : (2)[1:swapper/0]pd_parse_pdata snk pdo data =
02-06 06:24:17.556     1     1 I (2)[1:swapper/0]pd_parse_pdata 0: 0x000190c8
02-06 06:24:17.556     1     1 I         : (2)[1:swapper/0]pd_parse_pdata id vdos data =
02-06 06:24:17.556     1     1 I (2)[1:swapper/0]pd_parse_pdata 0: 0xd14029cf
02-06 06:24:17.556     1     1 I (2)[1:swapper/0]pd_parse_pdata 1: 0x00000000
02-06 06:24:17.556     1     1 I (2)[1:swapper/0]pd_parse_pdata 2: 0x50810000
02-06 06:24:17.556     1     1 I (2)[1:swapper/0]pd_parse_pdata 3: 0x41800000
02-06 06:24:17.556     1     1 I (2)[1:swapper/0]pd_parse_pdata 4: 0x00000000
02-06 06:24:17.556     1     1 I (2)[1:swapper/0]pd_parse_pdata 5: 0x21800000
02-06 06:24:17.556     1     1 I         : (2)[1:swapper/0]pd_parse_pdata charging_policy = 49
02-06 06:24:17.556     1     1 I         : (2)[1:swapper/0]pd_parse_pdata_bats Battery NR = 1
02-06 06:24:17.556     1     1 I         : (2)[1:swapper/0]pd_parse_pdata_bats fix_bat_info[0].mfrs_info.vid = 0x29cf, .mfrs_info.pid = 0x5081, .mfrs_string = bat1, .bat_design_cap = 3000
02-06 06:24:17.556     1     1 I         : (2)[1:swapper/0]pd_parse_pdata_countries Country NR = 0
02-06 06:24:17.556     1     1 I         : (2)[1:swapper/0]pd_parse_log_src_cap_ext vid = 0x29cf, pid = 0x5081, xid = 0x0, fw_ver = 0x0, hw_ver = 0x0
02-06 06:24:17.556     1     1 I         : (2)[1:swapper/0]pd_parse_log_src_cap_ext voltage_regulation = 0, hold_time_ms = 0, compliance = 0x0, touch_current = 0x0, peak_current = 0 0 0
02-06 06:24:17.556     1     1 I         : (2)[1:swapper/0]pd_parse_log_src_cap_ext touch_temp = 0, source_inputs = 0x0, batteries = 0x0, source_pdp = 0x7
02-06 06:24:17.556     1     1 I         : (2)[1:swapper/0]pd_parse_pdata_mfrs VID = 0x29cf, PID = 0x5081
02-06 06:24:17.556     1     1 I         : (2)[1:swapper/0]pd_parse_pdata_mfrs PD mfrs_string = RichtekTCPC
02-06 06:24:17.556     1     1 I (2)[1:swapper/0]dpm_caps: local_dr_power
02-06 06:24:17.556     1     1 I (2)[1:swapper/0]dpm_caps: local_dr_data
02-06 06:24:17.556     1     1 I (2)[1:swapper/0]dpm_caps: local_ext_power
02-06 06:24:17.556     1     1 I (2)[1:swapper/0]dpm_caps: local_usb_comm
02-06 06:24:17.556     1     1 I (2)[1:swapper/0]dpm_caps: local_usb_suspend
02-06 06:24:17.556     1     1 I (2)[1:swapper/0]dpm_caps: local_high_cap
02-06 06:24:17.556     1     1 I (2)[1:swapper/0]dpm_caps: local_give_back
02-06 06:24:17.556     1     1 I (2)[1:swapper/0]dpm_caps: local_no_suspend
02-06 06:24:17.556     1     1 I (2)[1:swapper/0]dpm_caps: local_vconn_supply
02-06 06:24:17.557     1     1 I (2)[1:swapper/0]dpm_caps: attemp_discover_cable_dfp
02-06 06:24:17.557     1     1 I (2)[1:swapper/0]dpm_caps: attemp_enter_dp_mode
02-06 06:24:17.557     1     1 I (2)[1:swapper/0]dpm_caps: attemp_discover_cable
02-06 06:24:17.557     1     1 I (2)[1:swapper/0]dpm_caps: attemp_discover_id
02-06 06:24:17.557     1     1 I (2)[1:swapper/0]dpm_caps: attemp_discover_svid
02-06 06:24:17.557     1     1 I (2)[1:swapper/0]dpm_caps: pr_reject_as_source
02-06 06:24:17.557     1     1 I (2)[1:swapper/0]dpm_caps: pr_reject_as_sink
02-06 06:24:17.557     1     1 I (2)[1:swapper/0]dpm_caps: pr_check_gp_source
02-06 06:24:17.557     1     1 I (2)[1:swapper/0]dpm_caps: pr_check_gp_sink
02-06 06:24:17.557     1     1 I (2)[1:swapper/0]dpm_caps: dr_reject_as_dfp
02-06 06:24:17.557     1     1 I (2)[1:swapper/0]dpm_caps: dr_reject_as_ufp
02-06 06:24:17.557     1     1 I         : (2)[1:swapper/0]dpm_caps = 0x0000e18b
02-06 06:24:17.557     1     1 I         : (2)[1:swapper/0]dp, svid
02-06 06:24:17.557     1     1 I         : (2)[1:swapper/0]dp, ufp_np
02-06 06:24:17.557     1     1 I         : (2)[1:swapper/0]dp, dfp_np
02-06 06:24:17.557     1     1 I         : (2)[1:swapper/0]dp, 1st_connection
02-06 06:24:17.557     1     1 I         : (2)[1:swapper/0]dp, 2nd_connection
02-06 06:24:17.557     1     1 I (2)[1:swapper/0]usb_type_c 5-004e: PD_REV30
02-06 06:24:17.557     1     1 I         : (2)[1:swapper/0]mt6370_init_alert name = type_c_port0, gpio = 114
02-06 06:24:17.557     1     1 I (2)[1:swapper/0]mt6370_init_alert: IRQ number = 162
02-06 06:24:17.557     1     1 I         : (2)[1:swapper/0]IRQF_NO_THREAD Test
02-06 06:24:17.557     1     1 I         : (2)[1:swapper/0]mt6370_i2c_probe probe OK!
02-06 06:24:17.557     1     1 I (2)[1:swapper/0]BOOTPROF: 1391.076695:probe: probe=platform_drv_probe drv=mt-i2c(mt_i2c_driver)    17.947385ms
02-06 06:24:17.557     1     1 I (2)[1:swapper/0][I2C]id: 6,freq:400000,div:5,ch_offset:0x100,offset_dma:0x0,offset_ccu:0x200,apdma_size:0x1000
02-06 06:24:17.557     1     1 I (2)[1:swapper/0]mt-i2c 1100d000.i2c6: cannot get mux clock
02-06 06:24:17.557     1     1 I (2)[1:swapper/0]mt-i2c 1100d000.i2c6: cannot get p_main clock
02-06 06:24:17.557     1     1 I (2)[1:swapper/0]mt-i2c 1100d000.i2c6: cannot get p_univ clock
02-06 06:24:17.557     1     1 I (2)[1:swapper/0]mt-i2c 1100d000.i2c6: i2c6 clock source 00000000939ba6e7,clock src frequency 24960000
02-06 06:24:17.558     1     1 I (2)[1:swapper/0]BOOTPROF: 1392.183695:initcall: mt_i2c_init    23.051154ms
02-06 06:24:17.560     1     1 I (2)[1:swapper/0]mt6357_gauge_probe: starts
02-06 06:24:17.560     1     1 I         : (2)[1:swapper/0]mt6357_gauge_probe requests probe deferral
02-06 06:24:17.560     1     1 I (2)[1:swapper/0]mt6357_charger_type_probe: starts
02-06 06:24:17.560     1     1 I         : (2)[1:swapper/0]mt6357 charger type requests probe deferral ret:-517
02-06 06:24:17.561     1     1 I         : (2)[1:swapper/0]mtk_pd_adapter_probe
02-06 06:24:17.561     1     1 I         : (2)[1:swapper/0]adapter_parse_dt
02-06 06:24:17.561     1     1 I (2)[1:swapper/0]adapter_device_register: name=pd_adapter
02-06 06:24:17.562     1     1 I         : (2)[1:swapper/0][wdtk] kick watchdog
02-06 06:24:17.562     1     1 W         : -(2)[1:swapper/0]Perf order domain is not ready!
02-06 06:24:17.562     1     1 I (2)[1:swapper/0]mtk-wdt 10007000.toprgu: Watchdog enabled (timeout=31 sec, nowayout=0)
02-06 06:24:17.562   125   125 I         : (0)[125:watchdogd][wdtk] kick watchdog
02-06 06:24:17.563     1     1 I (2)[1:swapper/0]device-mapper: uevent: version 1.0.3
02-06 06:24:17.563     1     1 I (2)[1:swapper/0]device-mapper: ioctl: 4.39.0-ioctl (2018-04-03) initialised: dm-devel@redhat.com
02-06 06:24:17.563     1     1 I (2)[1:swapper/0]device-mapper: verity-avb: AVB error handler initialized with vbmeta device: PARTUUID=d26472f1-9ebc-421d-ba14-311296457c90
02-06 06:24:17.564     1     1 I (2)[1:swapper/0]mtk-msdc 11230000.msdc: Linked as a consumer to regulator.28
02-06 06:24:17.564     1     1 I         : (2)[1:swapper/0][msdc]DT probe msdc0!
02-06 06:24:17.564     1     1 I         : (2)[1:swapper/0][msdc][msdc0] get irq # 82
02-06 06:24:17.564     1     1 I         : (2)[1:swapper/0][msdc][msdc0] cd_level isn't found in device tree
02-06 06:24:17.565     1     1 I         : (2)[1:swapper/0][msdc][msdc0] device renamed to bootdevice.
02-06 06:24:17.565     1     1 I (2)[1:swapper/0]mtk-msdc 11240000.msdc: Linked as a consumer to regulator.27
02-06 06:24:17.565     1     1 I (2)[1:swapper/0]mtk-msdc 11240000.msdc: Linked as a consumer to regulator.26
02-06 06:24:17.565   133   133 I (4)[133:kworker/u16:1]mtk-msdc bootdevice: mmc0: clock 0Hz busmode 2 powermode 1 cs 0 Vdd 20 width 1 timing 0
02-06 06:24:17.565     1     1 I         : (2)[1:swapper/0][msdc]DT probe msdc1!
02-06 06:24:17.566     1     1 I (2)[1:swapper/0]mtk-msdc 11240000.msdc: Got CD GPIO
02-06 06:24:17.566     1     1 I         : (2)[1:swapper/0][msdc][msdc1] get irq # 83
02-06 06:24:17.566     1     1 I         : (2)[1:swapper/0][msdc][msdc1] device renamed to externdevice.
02-06 06:24:17.567     1     1 I (2)[1:swapper/0]regulator_vibrator vib_probe(373): probe start +++
02-06 06:24:17.567     1     1 I (2)[1:swapper/0]regulator_vibrator regulator_vibrator: Linked as a consumer to regulator.31
02-06 06:24:17.567     1     1 I (2)[1:swapper/0]regulator_vibrator mt_vibra_parse_dt(109): vibr_conf = 15, 15000, 2300000-3200000
02-06 06:24:17.567     1     1 I (2)[1:swapper/0]regulator_vibrator vibr_power_set(123): set voltage = 2300000-3200000
02-06 06:24:17.567     1     1 I (2)[1:swapper/0]regulator_vibrator vib_probe(422): probe success, end ---
02-06 06:24:17.569     1     1 I (2)[1:swapper/0]hidraw: raw HID events driver (C) Jiri Kosina
02-06 06:24:17.569     1     1 I (2)[1:swapper/0]usbcore: registered new interface driver usbhid
02-06 06:24:17.569     1     1 I (2)[1:swapper/0]usbhid: USB HID core driver
02-06 06:24:17.569     1     1 I (2)[1:swapper/0]ashmem: initialized
02-06 06:24:17.570     0     0 I         : -(0)[0:swapper/0][Thermal/TZ/CPU]Driver is ready to report valid temperatures
02-06 06:24:17.571   248   248 I         : (3)[248:krtatm][Thermal/TZ/CPU]krtatm_thread c 26200 p 0 cl 2147483647 gl 2147483647 s 0
02-06 06:24:17.571   248   248 I         : (3)[248:krtatm][Thermal/TZ/CPU]tjs 75000 ttj 75000 -1 on 0 sspm 1 0
02-06 06:24:17.571     1     1 I (2)[1:swapper/0]mt635x-auxadc mt635x-auxadc: mt635x_auxadc_probe done
02-06 06:24:17.575     1     1 I (2)[1:swapper/0]usbcore: registered new interface driver snd-usb-audio
02-06 06:24:17.577     1     1 I (2)[1:swapper/0]mtk_codec_dev_probe: ++
02-06 06:24:17.577     1     1 I (2)[1:swapper/0]mt6357-sound mt-soc-codec: mtk_codec_dev_probe(), get always_pull_down_enable fail, default 0
02-06 06:24:17.577     1     1 I (2)[1:swapper/0]mt6357-sound mt-soc-codec: mtk_codec_dev_probe(), get always_pull_low_off fail, default 0
02-06 06:24:17.577     1     1 I (2)[1:swapper/0]mtk_codec_dev_probe: dev name mt-soc-codec
02-06 06:24:17.577     1     1 I (2)[1:swapper/0]speaker_amp 3-0034: mtk_spk_i2c_probe()
02-06 06:24:17.577     1     1 I         : (2)[1:swapper/0]mtk_soc_capture_platform_init
02-06 06:24:17.577   133   133 I (4)[133:kworker/u16:1]mtk-msdc bootdevice: mmc0: clock 400000Hz busmode 2 powermode 2 cs 0 Vdd 20 width 1 timing 0
02-06 06:24:17.577   133   133 I         : (4)[133:kworker/u16:1][msdc]msdc0 -> !!! Set<400KHz> Source<400000KHz> -> sclk<400KHz> timing<0> mode<0> div<250> hs400_div_dis<0>
02-06 06:24:17.579     1     1 E         : (2)[1:swapper/0]AudDrv_GPIO_probe pinctrl_lookup_state aud_dat_miso2_off fail -19
02-06 06:24:17.579     1     1 E         : (2)[1:swapper/0]AudDrv_GPIO_probe pinctrl_lookup_state aud_dat_miso2_on fail -19
02-06 06:24:17.579     1     1 E         : (2)[1:swapper/0]AudDrv_GPIO_probe pinctrl_lookup_state aud_dat_mosi2_off fail -19
02-06 06:24:17.579     1     1 E         : (2)[1:swapper/0]AudDrv_GPIO_probe pinctrl_lookup_state aud_dat_mosi2_on fail -19
02-06 06:24:17.579     1     1 E         : (2)[1:swapper/0]AudDrv_GPIO_probe pinctrl_lookup_state vow_dat_miso_off fail -19
02-06 06:24:17.579     1     1 E         : (2)[1:swapper/0]AudDrv_GPIO_probe pinctrl_lookup_state vow_dat_miso_on fail -19
02-06 06:24:17.579     1     1 E         : (2)[1:swapper/0]AudDrv_GPIO_probe pinctrl_lookup_state vow_clk_miso_off fail -19
02-06 06:24:17.579     1     1 E         : (2)[1:swapper/0]AudDrv_GPIO_probe pinctrl_lookup_state vow_clk_miso_on fail -19
02-06 06:24:17.579     1     1 E         : (2)[1:swapper/0]AudDrv_GPIO_probe pinctrl_lookup_state aud_smartpa_reset fail -19
02-06 06:24:17.579     1     1 E         : (2)[1:swapper/0]AudDrv_GPIO_probe pinctrl_lookup_state aud_tdm_mode0 fail -19
02-06 06:24:17.579     1     1 E         : (2)[1:swapper/0]AudDrv_GPIO_probe pinctrl_lookup_state aud_tdm_mode1 fail -19
02-06 06:24:17.579     1     1 E         : (2)[1:swapper/0]AudDrv_GPIO_probe pinctrl_lookup_state audpmicclk-mode0 fail -19
02-06 06:24:17.579     1     1 E         : (2)[1:swapper/0]AudDrv_GPIO_probe pinctrl_lookup_state audpmicclk-mode1 fail -19
02-06 06:24:17.579     1     1 E         : (2)[1:swapper/0]AudDrv_GPIO_probe pinctrl_lookup_state audi2s1-mode0 fail -19
02-06 06:24:17.579     1     1 E         : (2)[1:swapper/0]AudDrv_GPIO_probe pinctrl_lookup_state audi2s1-mode1 fail -19
02-06 06:24:17.579     1     1 E         : (2)[1:swapper/0]AudDrv_GPIO_probe pinctrl_lookup_state extamp2-pullhigh fail -19
02-06 06:24:17.579     1     1 E         : (2)[1:swapper/0]AudDrv_GPIO_probe pinctrl_lookup_state extamp2-pulllow fail -19
02-06 06:24:17.579     1     1 E         : (2)[1:swapper/0]AudDrv_GPIO_probe pinctrl_lookup_state rcvspk-pullhigh fail -19
02-06 06:24:17.579     1     1 E         : (2)[1:swapper/0]AudDrv_GPIO_probe pinctrl_lookup_state rcvspk-pulllow fail -19
02-06 06:24:17.579     1     1 E         : (2)[1:swapper/0]AudDrv_GPIO_probe pinctrl_lookup_state hpdepop-pullhigh fail -19
02-06 06:24:17.579     1     1 E         : (2)[1:swapper/0]AudDrv_GPIO_probe pinctrl_lookup_state hpdepop-pulllow fail -19
02-06 06:24:17.579     1     1 E         : (2)[1:swapper/0]AudDrv_GPIO_probe pinctrl_lookup_state aud_clk_mosi_pull_high fail -19
02-06 06:24:17.579     1     1 E         : (2)[1:swapper/0]AudDrv_GPIO_probe pinctrl_lookup_state aud_clk_mosi_pull_low fail -19
02-06 06:24:18.605   334   353 I keystore2: getDeviceHalManifest: Successfully processed VINTF information
02-06 06:24:17.580     1     1 I         : (2)[1:swapper/0]Power/swap [mt_idle_ntf] <00>ffffffad50088eac (audio_idle_notify_call)
02-06 06:24:17.581   122   122 I         : (0)[122:pd_dbg_info]///PD dbg info 320d
02-06 06:24:17.581   122   122 I         : (0)[122:pd_dbg_info]<    1.389>4
02-06 06:24:17.581     0     0 I <    1.389>pd_dbg_info: t2-t1 = 2
02-06 06:24:17.581     0     0 I         : <    1.389>5
02-06 06:24:17.581     0     0 I <    1.389>pd_dbg_info: t2-t1 = 1
02-06 06:24:17.581     0     0 I         : <    1.389>6
02-06 06:24:17.581     0     0 I         : <    1.389>pd_dbg_i
02-06 06:24:17.581   122   122 I (0)[122:pd_dbg_info]: t2-t1 = 1
02-06 06:24:17.581     0     0 I         : <    1.389>7
02-06 06:24:17.581     0     0 I <    1.389>pd_dbg_info: t2-t1 = 1
02-06 06:24:17.581     0     0 I         : <    1.389>8
02-06 06:24:17.581     0     0 I <    1.389>pd_dbg_info: t2-t1 = 1
02-06 06:24:17.581     0     0 I         : <    1.389>9
02-06 06:24:17.581     0     0 I         : <
02-06 06:24:17.581   122   122 I (0)[122:pd_dbg_info]  1.389>pd_dbg_info: t2-t1 = 1
02-06 06:24:17.581     0     0 I <    1.390>TCPC-PE: pd_core_init
02-06 06:24:17.582     1     1 I         : (2)[1:swapper/0]mtk_soc_voice_platform_init()
02-06 06:24:17.583     1     1 I         : (2)[1:swapper/0]mtk_voice_probe(), dev name mt-soc-voicemd1
02-06 06:24:17.589     1     1 I         : (2)[1:swapper/0]mtk_deep_buffer_dl_probe
02-06 06:24:17.590   266   266 I (4)[266:kworker/4:1]mtk-msdc bootdevice: mmc0: clock 400000Hz busmode 2 powermode 2 cs 1 Vdd 20 width 1 timing 0
02-06 06:24:17.593   266   266 I (4)[266:kworker/4:1]mtk-msdc bootdevice: mmc0: clock 400000Hz busmode 2 powermode 2 cs 0 Vdd 20 width 1 timing 0
02-06 06:24:17.595   266   266 I (4)[266:kworker/4:1]mtk-msdc bootdevice: mmc0: clock 400000Hz busmode 1 powermode 2 cs 0 Vdd 20 width 1 timing 0
02-06 06:24:17.595   266   266 I (4)[266:kworker/4:1]mtk-msdc bootdevice: mmc0: clock 400000Hz busmode 1 powermode 2 cs 0 Vdd 20 width 1 timing 0
02-06 06:24:17.595     1     1 I (2)[1:swapper/0]mtk-audio 11220000.audio: mtk_spk_update_dai_link(), mtk_spk_type 0
02-06 06:24:17.595     1     1 I (2)[1:swapper/0]mtk-audio 11220000.audio: mtk_spk_update_dai_link(), ext_Speaker_Multimedia, codec dai name = snd-soc-dummy-dai, codec name = snd-soc-dummy
02-06 06:24:17.595   266   266 I (4)[266:kworker/4:1]mtk-msdc bootdevice: mmc0: clock 400000Hz busmode 1 powermode 2 cs 1 Vdd 20 width 1 timing 0
02-06 06:24:17.596     1     1 I         : (2)[1:swapper/0]mt6357_codec_init_reg
02-06 06:24:17.596     1     1 I         : (2)[1:swapper/0]InitCodecDefault
02-06 06:24:17.596     1     1 I         : (2)[1:swapper/0]+read_efuse_hp_impedance_current_calibration()
02-06 06:24:17.596     1     1 I (2)[1:swapper/0]-read_efuse_hp_impedance_current_calibration(), efuse: 0
02-06 06:24:17.596     1     1 I         : (2)[1:swapper/0]mtk_voice_component_probe()
02-06 06:24:17.597     1     1 I (2)[1:swapper/0]mtk-audio 11220000.audio: mt-soc-codec-tx-dai <-> mt-soc-dl1dai-driver mapping ok
02-06 06:24:17.597     1     1 I (2)[1:swapper/0]mtk-audio 11220000.audio: mt-soc-codec-rx-dai <-> mt-soc-ul1dai-driver mapping ok
02-06 06:24:18.606   351   351 D hw-ProcessState: Binder ioctl to enable oneway spam detection failed: Invalid argument
02-06 06:24:17.597     1     1 I (2)[1:swapper/0]mtk-audio 11220000.audio: mt-soc-codec-voicemd1-dai <-> mt-soc-voicemd1dai-driver mapping ok
02-06 06:24:17.597     1     1 I (2)[1:swapper/0]mtk-audio 11220000.audio: mt-soc-codec-uldlloopback-dai <-> mt-soc-uldlloopbackdai-driver mapping ok
02-06 06:24:17.597     1     1 I (2)[1:swapper/0]mtk-audio 11220000.audio: mt-soc-i2s0-dummy-dai-codec <-> mt-soc-i2s0dai-driver mapping ok
02-06 06:24:17.597     1     1 I (2)[1:swapper/0]mtk-audio 11220000.audio: mt-soc-mrgrx-dai-codec <-> mt-soc-mrgrxdai-driver mapping ok
02-06 06:24:17.597     1     1 I (2)[1:swapper/0]mtk-audio 11220000.audio: mt-soc-mrgrx-dummy-dai-codec <-> mt-soc-mrgrxdai-driver mapping ok
02-06 06:24:17.597     1     1 I (2)[1:swapper/0]mtk-audio 11220000.audio: mt-soc-codec-I2s0tx-dai <-> mt-soc-i2s0dl1dai-driver mapping ok
02-06 06:24:18.606   332   332 E SELinux : avc:  denied  { add } for pid=334 uid=0 name=android.security.compat scontext=u:r:recovery:s0 tcontext=u:object_r:keystore_compat_hal_service:s0 tclass=service_manager permissive=1
02-06 06:24:17.597     1     1 I (2)[1:swapper/0]mtk-audio 11220000.audio: mt-soc-codec-deepbuffer-tx-dai <-> snd-soc-dummy-dai mapping ok
02-06 06:24:17.597     1     1 I (2)[1:swapper/0]mtk-audio 11220000.audio: mt-soc-codec-dl1awb-dai <-> mt-soc-dl1awbdai-driver mapping ok
02-06 06:24:17.597     1     1 I (2)[1:swapper/0]mtk-audio 11220000.audio: mt-soc-codec-voicemd1-bt-dai <-> mt-soc-voicemd1-btdai-driver mapping ok
02-06 06:24:17.597     1     1 I (2)[1:swapper/0]mtk-audio 11220000.audio: mt-soc-codec-voipcall-btout-dai <-> mt-soc-voipcall-btdai-out-driver mapping ok
02-06 06:24:17.597     1     1 I (2)[1:swapper/0]mtk-audio 11220000.audio: mt-soc-codec-voipcall-btin-dai <-> mt-soc-voipcall-btdai-in-driver mapping ok
02-06 06:24:17.597     1     1 I (2)[1:swapper/0]mtk-audio 11220000.audio: mt-soc-tdmrx-dai-codec <-> mt-soc-tdmrxdai-driver mapping ok
02-06 06:24:17.597     1     1 I (2)[1:swapper/0]mtk-audio 11220000.audio: mt-soc-fmmrg2tx-dummy-dai-codec <-> mt-soc-fmmrgtxdai-driver mapping ok
02-06 06:24:17.597     1     1 I (2)[1:swapper/0]mtk-audio 11220000.audio: mt-soc-codec-rx-dai2 <-> mt-soc-ul2dai-driver mapping ok
02-06 06:24:17.598     1     1 I (2)[1:swapper/0]mtk-audio 11220000.audio: mt-soc-codec-i2s0awb-dai <-> mt-soc-i2s0awbdai-driver mapping ok
02-06 06:24:17.598     1     1 I (2)[1:swapper/0]mtk-audio 11220000.audio: mt-soc-codec-voicemd2-dai <-> mt-soc-voicemd2dai-driver mapping ok
02-06 06:24:17.598     1     1 I (2)[1:swapper/0]mtk-audio 11220000.audio: mt-soc-dummy-dai-codec <-> snd-soc-dummy-dai mapping ok
02-06 06:24:17.598     1     1 I (2)[1:swapper/0]mtk-audio 11220000.audio: mt-soc-codec-voicemd2-bt-dai <-> mt-soc-voicemd2-btdai-driver mapping ok
02-06 06:24:17.598     1     1 I (2)[1:swapper/0]mtk-audio 11220000.audio: mt-soc-codec-hp-impedance-dai <-> mt-soc-hpimpedancedai-driver mapping ok
02-06 06:24:18.607   351   351 E cutils-trace: Error opening trace file: No such file or directory (2)
02-06 06:24:17.598     1     1 I (2)[1:swapper/0]mtk-audio 11220000.audio: mt-soc-fm-i2s-dai-codec <-> mt-soc-fmi2S-driver mapping ok
02-06 06:24:18.607   332   332 E SELinux : avc:  denied  { find } for pid=334 uid=0 name=android.security.compat scontext=u:r:recovery:s0 tcontext=u:object_r:keystore_compat_hal_service:s0 tclass=service_manager permissive=1
02-06 06:24:17.598     1     1 I (2)[1:swapper/0]mtk-audio 11220000.audio: mt-soc-fm-i2s-dummy-dai-codec <-> mt-soc-fmi2S-driver mapping ok
02-06 06:24:17.598     1     1 I (2)[1:swapper/0]mtk-audio 11220000.audio: mt-soc-codec-tx-dai2 <-> mt-soc-dl2dai-driver mapping ok
02-06 06:24:17.598     1     1 I (2)[1:swapper/0]mtk-audio 11220000.audio: mt-soc-codec-offload-dai <-> snd-soc-dummy-dai mapping ok
02-06 06:24:17.598     1     1 I (2)[1:swapper/0]mtk-audio 11220000.audio: mt-soc-dummy-dai-codec <-> mt-soc-anc-record-dai-driver mapping ok
02-06 06:24:17.598     1     1 I (2)[1:swapper/0]mtk-audio 11220000.audio: mt-soc-codec-voiceusb-dai <-> snd-soc-dummy-dai mapping ok
02-06 06:24:17.598     1     1 I (2)[1:swapper/0]mtk-audio 11220000.audio: mt-soc-codec-voiceusb-echoref-dai <-> snd-soc-dummy-dai mapping ok
02-06 06:24:17.598     1     1 I (2)[1:swapper/0]mtk-audio 11220000.audio: snd-soc-dummy-dai <-> mt-soc-i2s3dl3dai-driver mapping ok
02-06 06:24:17.598     1     1 I (2)[1:swapper/0]mtk-audio 11220000.audio: snd-soc-dummy-dai <-> mt-soc-i2s0vul2dai-driver mapping ok
02-06 06:24:17.598     1     1 I (2)[1:swapper/0]mtk-audio 11220000.audio: mt-soc-codec-btcvsd-dai <-> mt-soc-btcvsd-dai-driver mapping ok
02-06 06:24:17.598     1     1 I (2)[1:swapper/0]mtk-audio 11220000.audio: snd-soc-dummy-dai <-> snd-soc-dummy-dai mapping ok
02-06 06:24:17.598     1     1 I (2)[1:swapper/0]mtk-audio 11220000.audio: snd-soc-dummy-dai <-> snd-soc-dummy-dai mapping ok
02-06 06:24:17.598     1     1 I (2)[1:swapper/0]mtk-audio 11220000.audio: snd-soc-dummy-dai <-> mt-soc-i2s2adc2dai-driver mapping ok
02-06 06:24:17.598   266   266 I (4)[266:kworker/4:1]mtk-msdc bootdevice: mmc0: clock 400000Hz busmode 1 powermode 2 cs 0 Vdd 20 width 1 timing 0
02-06 06:24:18.607   334   334 D hw-ProcessState: Binder ioctl to enable oneway spam detection failed: Invalid argument
02-06 06:24:17.604   243   243 I -(4)[243:kworker/u16:2][MUSB]musb_hub_control 374: port status 00000100,devctl=0x81
02-06 06:24:18.607   334   334 E cutils-trace: Error opening trace file: No such file or directory (2)
02-06 06:24:18.607   331   331 E cutils-trace: Error opening trace file: No such file or directory (2)
02-06 06:24:18.608   351   351 E LegacySupport: Could not get passthrough implementation for android.hardware.boot@1.0::IBootControl/default.
02-06 06:24:17.605     1     1 I         : (3)[1:swapper/0]Mirror/redirect action on
02-06 06:24:17.605     1     1 I         : (3)[1:swapper/0]u32 classifier
02-06 06:24:17.605     1     1 I         : (3)[1:swapper/0]    input device check on
02-06 06:24:17.605     1     1 I         : (3)[1:swapper/0]    Actions configured
02-06 06:24:17.605     1     1 I (3)[1:swapper/0]xt_time: kernel timezone is -0000
02-06 06:24:17.605     1     1 I (3)[1:swapper/0]ipip: IPv4 and MPLS over IPv4 tunneling driver
02-06 06:24:17.606     1     1 I (3)[1:swapper/0]gre: GRE over IPv4 demultiplexor driver
02-06 06:24:17.606     1     1 I         : (3)[1:swapper/0]IPv4 over IPsec tunneling driver
02-06 06:24:17.606     1     1 I         : (3)[1:swapper/0]Initializing XFRM netlink socket
02-06 06:24:17.606     1     1 I         : (3)[1:swapper/0]IPsec XFRM device driver
02-06 06:24:17.606     1     1 I (3)[1:swapper/0]NET: Registered protocol family 10
02-06 06:24:17.607     1     1 I         : (3)[1:swapper/0]Segment Routing with IPv6
02-06 06:24:17.607     1     1 I (3)[1:swapper/0]mip6: Mobile IPv6
02-06 06:24:17.608     1     1 I (3)[1:swapper/0]sit: IPv6, IPv4 and MPLS over IPv4 tunneling driver
02-06 06:24:17.608     1     1 I (3)[1:swapper/0]NET: Registered protocol family 17
02-06 06:24:17.609     1     1 I (3)[1:swapper/0]NET: Registered protocol family 15
02-06 06:24:17.609     1     1 I         : (3)[1:swapper/0]Bridge firewalling registered
02-06 06:24:17.609     1     1 I (3)[1:swapper/0]l2tp_core: L2TP core driver, V2.0
02-06 06:24:17.609     1     1 I (3)[1:swapper/0]l2tp_ppp: PPPoL2TP kernel driver, V2.0
02-06 06:24:18.609   352   352 D hw-ProcessState: Binder ioctl to enable oneway spam detection failed: Invalid argument
02-06 06:24:17.609     1     1 I (3)[1:swapper/0]sctp: Hash tables configured (bind 256/256)
02-06 06:24:17.609     1     1 I (3)[1:swapper/0]tipc: Activated (version 2.0.0)
02-06 06:24:17.609     1     1 I (3)[1:swapper/0]NET: Registered protocol family 30
02-06 06:24:17.609     1     1 I (3)[1:swapper/0]tipc: Started in single node mode
02-06 06:24:17.609     1     1 I (3)[1:swapper/0]NET: Registered protocol family 40
02-06 06:24:17.609     1     1 D         : (3)[1:swapper/0][SCP] scp_init begins
02-06 06:24:17.609     1     1 D (3)[1:swapper/0][scp_dvfs]: scp_dvfs_init
02-06 06:24:17.610     1     1 I (3)[1:swapper/0]scpdvfs scp_dvfs: cannot get 7st clock parent
02-06 06:24:17.610     1     1 I (3)[1:swapper/0][scp_dvfs]: regulator vcore sshub supply is not available
02-06 06:24:17.611     1     1 D (0)[1:swapper/0][scp_dvfs]: scp_pll_ctrl_set(1, 26)
02-06 06:24:17.611     1     1 D         : (0)[1:swapper/0][SCP] scpreg.scpsys = 0000000070b16443
02-06 06:24:17.612     1     1 E         : (0)[1:swapper/0][SCP] skip the scp probe
02-06 06:24:18.610   331   331 E SELinux : avc:  denied  { find } for interface=android.hardware.keymaster::IKeymasterDevice sid=u:r:recovery:s0 pid=334 scontext=u:r:recovery:s0 tcontext=u:object_r:hal_keymaster_hwservice:s0 tclass=hwservice_manager permissive=1
02-06 06:24:17.612     1     1 D (0)[1:swapper/0][scp_dvfs]: scp_pll_ctrl_set(0, 26)
02-06 06:24:18.610   352   352 E cutils-trace: Error opening trace file: No such file or directory (2)
02-06 06:24:17.613     1     1 W (0)[1:swapper/0]mt6370_pmu_charger mt6370_pmu_charger: DMA mask not set
02-06 06:24:17.613     1     1 I (0)[1:swapper/0]mt6370_pmu_charger_probe: (1.1.30_MTK)
02-06 06:24:17.613     1     1 I (0)[1:swapper/0]mt6370_pmu_charger mt6370_pmu_charger: mt_parse_dt
02-06 06:24:17.613     1     1 E (0)[1:swapper/0]mt6370_pmu_charger mt6370_pmu_charger: mt_parse_dt: no chg alias name
02-06 06:24:17.613     1     1 E (0)[1:swapper/0]mt6370_pmu_charger mt6370_pmu_charger: mt_parse_dt: no ls alias name
02-06 06:24:17.613     1     1 I (0)[1:swapper/0]mt6370_pmu_charger mt6370_pmu_charger: mt6370_chg_init_setting
02-06 06:24:17.613     1     1 I (0)[1:swapper/0]mt6370_pmu_charger mt6370_pmu_charger: mt6370_get_bootmode: size:3 tag:0x41000802 mode:2 type:1
02-06 06:24:17.613     1     1 I (0)[1:swapper/0]mt6370_pmu_charger mt6370_pmu_charger: mt6370_select_input_current_limit: select input current limit = 2
02-06 06:24:17.614   266   266 I (4)[266:kworker/4:1]mtk-msdc bootdevice: mmc0: clock 400000Hz busmode 2 powermode 2 cs 0 Vdd 20 width 1 timing 0
02-06 06:24:17.618     1     1 I (0)[1:swapper/0]mt6370_pmu_charger mt6370_pmu_charger: mt6370_enable_ilim: en = 0
02-06 06:24:17.618     1     1 I (0)[1:swapper/0]mt6370_pmu_charger mt6370_pmu_charger: __mt6370_set_mivr: mivr = 4400000 (0x05)
02-06 06:24:17.619     1     1 I (0)[1:swapper/0]mt6370_pmu_charger mt6370_pmu_charger: __mt6370_set_cv: bat voreg = 4450000 (0x37)
02-06 06:24:17.624     1     1 I (0)[1:swapper/0]mt6370_pmu_charger mt6370_pmu_charger: __mt6370_set_ieoc: ieoc = 200000 (0x02)
02-06 06:24:17.624     1     1 I (0)[1:swapper/0]mt6370_pmu_charger mt6370_pmu_charger: __mt6370_enable_te: en = 1
02-06 06:24:17.624     1     1 I (0)[1:swapper/0]mt6370_pmu_charger mt6370_pmu_charger: mt6370_set_fast_charge_timer: timer = 12 (0x04)
02-06 06:24:17.624     1     1 I (0)[1:swapper/0]mt6370_pmu_charger mt6370_pmu_charger: mt6370_set_dc_wdt: wdt = 4000ms(0x06)
02-06 06:24:17.624     1     1 I (0)[1:swapper/0]mt6370_pmu_charger mt6370_pmu_charger: __mt6370_enable_safety_timer: en = 1
02-06 06:24:18.611   331   331 E SELinux : avc:  denied  { find } for interface=android.hardware.health::IHealth sid=u:r:recovery:s0 pid=352 scontext=u:r:recovery:s0 tcontext=u:object_r:hal_health_hwservice:s0 tclass=hwservice_manager permissive=1
02-06 06:24:17.624     1     1 I (0)[1:swapper/0]mt6370_pmu_charger mt6370_pmu_charger: mt6370_enable_wdt: en = 0
02-06 06:24:18.611   331   331 I hwservicemanager: Since android.hardware.keymaster@4.0::IKeymasterDevice/default is not registered, trying to start it as a lazy HAL.
02-06 06:24:17.625     1     1 I (0)[1:swapper/0]mt6370_pmu_charger mt6370_pmu_charger: mt6370_enable_jeita: en = 0
02-06 06:24:17.625     1     1 I (0)[1:swapper/0]mt6370_pmu_charger mt6370_pmu_charger: mt6370_enable_hz: en = 0
02-06 06:24:17.625     1     1 I (0)[1:swapper/0]mt6370_pmu_charger mt6370_pmu_charger: mt6370_set_ircmp_resistor: resistor = 25000 (0x01)
02-06 06:24:17.625     1     1 I (0)[1:swapper/0]mt6370_pmu_charger mt6370_pmu_charger: mt6370_set_ircmp_vclamp: vclamp = 32000 (0x01)
02-06 06:24:17.625     1     1 I (0)[1:swapper/0]mt6370_pmu_charger mt6370_pmu_charger: __mt6370_enable_chgdet_flow: en = 0
02-06 06:24:17.625     1     1 I (0)[1:swapper/0]mt6370_pmu_charger mt6370_pmu_charger: mt6370_set_usbsw_state: state = 1
02-06 06:24:17.625     1     1 I (0)[1:swapper/0]mtk-tphy usb-phy: u2_phy_instance_set_mode_ext submode(2)
02-06 06:24:17.625     1     1 I (0)[1:swapper/0][MUSB]Charger_Detect_Release 226: Charger_Detect_Release
02-06 06:24:17.625     1     1 I (0)[1:swapper/0]mt6370_pmu_charger mt6370_pmu_charger: mt6370_set_otglbp: otglbp(1), dt(1)
02-06 06:24:17.625     1     1 I (0)[1:swapper/0]mt6370_pmu_charger mt6370_pmu_charger: mt6370_chg_sw_workaround
02-06 06:24:17.626     1     1 I (0)[1:swapper/0]mt6370_pmu_charger mt6370_pmu_charger: mt6370_chg_sw_workaround: zcv = (0x03, 0x66, 4350mV)
02-06 06:24:17.627   266   266 W         : -(4)[266:kworker/4:1]Perf order domain is not ready!
02-06 06:24:17.628     1     1 I (0)[1:swapper/0]mt6370_pmu_charger mt6370_pmu_charger: mt6370_boost_set_current_limit: select otg_oc = 500000
02-06 06:24:17.628     1     1 I (0)[1:swapper/0]mt6370_pmu_charger mt6370_pmu_charger: mt6370_pmu_charger_probe successfully
02-06 06:24:17.628     1     1 I (0)[1:swapper/0]BOOTPROF: 1462.162849:probe: probe=platform_drv_probe drv=mt6370_pmu_charger(mt6370_pmu_charger)    15.343384ms
02-06 06:24:17.628     1     1 I (0)[1:swapper/0]BOOTPROF: 1462.258156:initcall: mt6370_pmu_charger_init    15.894769ms
02-06 06:24:17.628   266   266 I (4)[266:kworker/4:1]mtk-msdc bootdevice: mmc0: clock 400000Hz busmode 2 powermode 2 cs 0 Vdd 20 width 8 timing 0
02-06 06:24:17.629   273   273 I (4)[273:attach_thread]typec_attach_thread: ++
02-06 06:24:17.629     1     1 I         : (0)[1:swapper/0]registered taskstats version 1
02-06 06:24:17.629     1     1 I         : (0)[1:swapper/0]Loading compiled-in X.509 certificates
02-06 06:24:17.629     1     1 I         : (0)[1:swapper/0]Key type ._fscrypt registered
02-06 06:24:17.629     1     1 I         : (0)[1:swapper/0]Key type .fscrypt registered
02-06 06:24:17.629     1     1 I         : (0)[1:swapper/0]Key type fscrypt-provisioning registered
02-06 06:24:17.630     1     1 I (0)[1:swapper/0]pstore: Using compression: deflate
02-06 06:24:17.630     1     1 W (0)[1:swapper/0]sysfs: cannot create duplicate filename '/devices/platform/pinctrl@1000b000/mt_gpio'
02-06 06:24:17.630     1     1 W -(0)[1:swapper/0]CPU: 0 PID: 1 Comm: swapper/0 Tainted: G        W         4.19.191 #1
02-06 06:24:17.630     1     1 W -(0)[1:swapper/0]Hardware name: MT6762 (DT)
02-06 06:24:17.630     1     1 W -(0)[1:swapper/0]Call trace:  
02-06 06:24:17.630     1     1 W         : -(0)[1:swapper/0] dump_backtrace+0x0/0x164
02-06 06:24:17.630     1     1 W         : -(0)[1:swapper/0] show_stack+0x20/0x2c
02-06 06:24:17.630     1     1 W         : -(0)[1:swapper/0] dump_stack+0xb8/0xf0
02-06 06:24:17.630     1     1 W         : -(0)[1:swapper/0] sysfs_warn_dup+0x68/0x80
02-06 06:24:17.630     1     1 W         : -(0)[1:swapper/0] sysfs_add_file_mode_ns+0x134/0x184
02-06 06:24:18.612   331   331 I hwservicemanager: Since android.hardware.keymaster@4.0::IKeymasterDevice/default is not registered, trying to start it as a lazy HAL.
02-06 06:24:17.630     1     1 W         : -(0)[1:swapper/0] sysfs_create_file_ns+0x70/0xa0
02-06 06:24:18.613   352   352 E HidlServiceManagement: Could not find instance 'default' in library android.hardware.health@2.0-impl-default.so. Keeping library open.
02-06 06:24:17.630     1     1 W         : -(0)[1:swapper/0] device_create_file+0x58/0xa0
02-06 06:24:17.630     1     1 W         : -(0)[1:swapper/0] pinctrl_mtk_debug_v2_init+0x7c/0xdc
02-06 06:24:17.630     1     1 W         : -(0)[1:swapper/0] do_one_initcall+0x120/0x284
02-06 06:24:17.630     1     1 W         : -(0)[1:swapper/0] do_initcall_level+0x144/0x16c
02-06 06:24:17.630     1     1 W         : -(0)[1:swapper/0] do_basic_setup+0x34/0x4c
02-06 06:24:18.613   334   334 I HidlServiceManagement: getService: Trying again for android.hardware.keymaster@4.0::IKeymasterDevice/default...
02-06 06:24:17.630     1     1 W         : -(0)[1:swapper/0] kernel_init_freeable+0xb0/0x130
02-06 06:24:17.630     1     1 W         : -(0)[1:swapper/0] kernel_init+0x14/0x10c
02-06 06:24:17.630     1     1 W         : -(0)[1:swapper/0] ret_from_fork+0x10/0x18
02-06 06:24:17.630     1     1 I         : (0)[1:swapper/0][pinctrl]error create mtk_gpio
02-06 06:24:17.630     1     1 I (0)[1:swapper/0][GPU/PVR][INFO]@pvr_init: start to initialize pvrsrvkm driver
02-06 06:24:17.630     1     1 E -(0)[1:swapper/0]PVR_K: (Error):     1: PVRSRVDriverInit:CONFIG_PROC_FS [177]
02-06 06:24:17.631   266   266 I (4)[266:kworker/4:1]mtk-msdc bootdevice: mmc0: clock 400000Hz busmode 2 powermode 2 cs 0 Vdd 20 width 8 timing 9
02-06 06:24:17.631   266   266 I (4)[266:kworker/4:1]mtk-msdc bootdevice: mmc0: clock 200000000Hz busmode 2 powermode 2 cs 0 Vdd 20 width 8 timing 9
02-06 06:24:17.631   266   266 I         : (4)[266:kworker/4:1][msdc]msdc0 -> !!! Set<200000KHz> Source<400000KHz> -> sclk<200000KHz> timing<9> mode<0> div<0> hs400_div_dis<0>
02-06 06:24:17.632   266   266 I         : (4)[266:kworker/4:1][AUTOK]eMMC HS200 Tune
02-06 06:24:17.634   270   270 I (2)[270:dc_trim_thread]mt635x-auxadc mt635x-auxadc: name:HPOFS_CAL, channel=9, adc_out=0x6e2c, adc_result=28204
02-06 06:24:17.635    53    53 I (0)[53:kworker/0:1]nebula nebula: --- init trusty-smc for MTEE 1 ---
02-06 06:24:17.635    53    53 I         : (0)[53:kworker/0:1]GZ SMC version(0) is not supported for MTEE 1, please update
02-06 06:24:17.635    53    53 I (0)[53:kworker/0:1]nebula nebula: Failed to init smc number table
02-06 06:24:17.635    53    53 I (0)[53:kworker/0:1][GPU/FREQ][INFO]@__mt_gpufreq_pdrv_probe: gpufreq driver probe, clock is 23994 KHz
02-06 06:24:17.636    53    53 I (0)[53:kworker/0:1][GPU/FREQ][INFO]@__mt_gpufreq_pdrv_probe: clk_mux is at 0x0000000021fb998a
02-06 06:24:17.636    53    53 I         : (0)[53:kworker/0:1][GPU/FREQ][INFO]clk_main_parent is at 0x00000000ac791a16
02-06 06:24:17.636    53    53 I         : (0)[53:kworker/0:1][GPU/FREQ][INFO]mtcmos_mfg_async is at 0x00000000d328c1ca
02-06 06:24:17.636    53    53 I         : (0)[53:kworker/0:1][GPU/FREQ][INFO]mtcmos_mfg is at 0x000000005ec3f9f1, mtcmos_mfg_core0 is at 0x00000000d399deb0
02-06 06:24:17.636    53    53 I (0)[53:kworker/0:1][GPU/FREQ][INFO]@__mt_gpufreq_pdrv_probe: g_efuse_id = 0x00000001, g_segment_id = 2
02-06 06:24:17.636    53    53 I (0)[53:kworker/0:1]gpufreq gpufreq: Linked as a consumer to regulator.3
02-06 06:24:17.636    53    53 I         : (0)[53:kworker/0:1][register_low_battery_notify] prio_val=2
02-06 06:24:17.636    53    53 I         : (0)[53:kworker/0:1][register_battery_percent_notify] prio_val=2
02-06 06:24:17.636    53    53 I         : (0)[53:kworker/0:1][register_battery_oc_notify] prio_val=2
02-06 06:24:17.636    53    53 I (0)[53:kworker/0:1][GPU/FREQ][INFO]@__mt_gpufreq_pdrv_probe: VGPU sfchg raising rate: 0 us
02-06 06:24:17.636    53    53 I         : (0)[53:kworker/0:1][GPU/FREQ][INFO]VGPU sfchg falling rate: 0 us
02-06 06:24:17.636    53    53 I         : (0)[53:kworker/0:1][GPU/FREQ][INFO]VSRAM_GPU sfchg raising rate: 0 us
02-06 06:24:17.636    53    53 I         : (0)[53:kworker/0:1][GPU/FREQ][INFO]VSRAM_GPU sfchg falling rate: 0 us
02-06 06:24:17.636    53    53 I         : (0)[53:kworker/0:1][GPU/FREQ][INFO]PMIC SRCLKEN_HIGH time: 1000 us
02-06 06:24:17.636    53    53 I (0)[53:kworker/0:1][GPU/GED][INFO]@ged_pdrv_probe: start to probe ged driver
02-06 06:24:17.636   211   211 I (0)[211:pbm][Power/PPM] @ppm_main_freq_to_idx: DVFS table of cluster 0 is not exist!
02-06 06:24:17.636   211   211 I (0)[211:pbm][Power/PPM] @ppm_main_freq_to_idx: DVFS table of cluster 1 is not exist!
02-06 06:24:17.636   266   266 I         : (4)[266:kworker/4:1][AUTOK]CMD 0 	 28 	 OOOOOOOOOOOOOOOOOOOOOOOOOOOXXXXXXXXXOOOOOOOOOOOOOOOOOOOOOOOOOOOO
02-06 06:24:17.637    53    53 I         : (0)[53:kworker/0:1][Hans] ged_kpi init done
02-06 06:24:17.638    53    53 I (0)[53:kworker/0:1][GPU/GED][INFO]@ged_pdrv_probe: ged driver probe done
02-06 06:24:17.638    53    53 I         : (0)[53:kworker/0:1][lbat_user_register] hv=3400, lv1=3250, lv2=3100
02-06 06:24:17.638    53    53 I (0)[53:kworker/0:1]low_battery_throttling low_battery_throttling: 3400 mV, 3250 mV, 3100 mV Done
02-06 06:24:17.638    53    53 I         : (0)[53:kworker/0:1][ccci1/mcd]modem 1 not enable, exit
02-06 06:24:17.638    53    53 I (0)[53:kworker/0:1][ccci0/mcd]ccci_modem_probe: get hw info fail(-1)
02-06 06:24:17.638    53    53 W (0)[53:kworker/0:1]driver_modem: probe of 10014000.mddriver failed with error -1
02-06 06:24:17.639   266   266 I         : (4)[266:kworker/4:1][AUTOK]CMD 1 	 41 	 OOOXXXXXXXXOOOOOOOOOOOOOOOOOOOOOOOOOOOOOOOOOOOOOOOOOXXXXXXXXOOOO
02-06 06:24:17.639   266   266 I (4)[266:kworker/4:1][AUTOK]Analysis Result: 1T = 50
02-06 06:24:17.639   266   266 I         : (4)[266:kworker/4:1][AUTOK]dev status 0x00000900
02-06 06:24:17.639    53    53 E (0)[53:kworker/0:1]Error: Driver 'MAINAF' is already registered, aborting...
02-06 06:24:17.639    53    53 W (0)[53:kworker/0:1]lens_actuator_main_af: probe of camera_af_hw_node failed with error -16
02-06 06:24:17.639    53    53 E (0)[53:kworker/0:1]Error: Driver 'MAIN2AF' is already registered, aborting...
02-06 06:24:17.639    53    53 W (0)[53:kworker/0:1]lens_actuator_main2_af: probe of camera_af_hw_node failed with error -16
02-06 06:24:17.639    53    53 E (0)[53:kworker/0:1]Error: Driver 'MAIN3AF' is already registered, aborting...
02-06 06:24:17.639    53    53 W (0)[53:kworker/0:1]lens_actuator_main3_af: probe of camera_af_hw_node failed with error -16
02-06 06:24:17.639    53    53 E (0)[53:kworker/0:1]Error: Driver 'SUB2AF' is already registered, aborting...
02-06 06:24:17.639    53    53 W (0)[53:kworker/0:1]lens_actuator_sub2_af: probe of camera_af_hw_node failed with error -16
02-06 06:24:17.639    53    53 E (0)[53:kworker/0:1]Error: Driver 'SUBAF' is already registered, aborting...
02-06 06:24:17.639    53    53 W (0)[53:kworker/0:1]lens_actuator_sub_af: probe of camera_af_hw_node failed with error -16
02-06 06:24:17.639    53    53 I         : (0)[53:kworker/0:1][dlpt] UVLO_VOLT_LEVEL = 2600, RG_UVLO_VTHL = 0x2
02-06 06:24:18.616   352   352 I android.hardware.health@2.1-service: default instance initializing with healthd_config...
02-06 06:24:17.639    53    53 I (0)[53:kworker/0:1]mtk_dynamic_loading_throttling mtk-dynamic-loading-throttling: power_path_support:0 isense_support:1
02-06 06:24:17.639   270   270 I (2)[270:dc_trim_thread]mt635x-auxadc mt635x-auxadc: name:HPOFS_CAL, channel=9, adc_out=0x6e24, adc_result=28196
02-06 06:24:17.641   280   280 I (0)[280:kworker/0:2]mt6370_pmu_charger mt6370_pmu_charger: mt6370_pmu_chg_get_online: online = 0
02-06 06:24:17.641   280   280 I (0)[280:kworker/0:2]mt6370_pmu_charger mt6370_pmu_charger: mt6370_pmu_chg_get_online: online = 0
02-06 06:24:17.641   280   280 I (0)[280:kworker/0:2]mt6370_pmu_charger mt6370_pmu_charger: mt6370_pmu_chg_get_online: online = 0
02-06 06:24:17.643   270   270 I (2)[270:dc_trim_thread]mt635x-auxadc mt635x-auxadc: name:HPOFS_CAL, channel=9, adc_out=0x6e28, adc_result=28200
02-06 06:24:17.643    53    53 I (0)[53:kworker/0:1]mt635x-auxadc mt635x-auxadc: name:IMIX_R, channel=0, adc_out=0xaa, adc_result=170
02-06 06:24:17.643    53    53 I         : (0)[53:kworker/0:1][dlpt] imix_r=170
02-06 06:24:17.643    53    53 I         : (0)[53:kworker/0:1][register_low_battery_notify] prio_val=9
02-06 06:24:17.643    53    53 I         : (0)[53:kworker/0:1][Thermal/TZ/PMIC] [mtk_ts_pmic_probe]
02-06 06:24:17.643    53    53 I         : (0)[53:kworker/0:1][Thermal/TZ/PMIC] [pmic_debug]  start
02-06 06:24:17.643    53    53 I         : (0)[53:kworker/0:1][Thermal/TZ/PMIC] [pmic_debug] 6357_efuse: g_o_vts = 1612
02-06 06:24:17.643    53    53 I         : (0)[53:kworker/0:1][Thermal/TZ/PMIC] [pmic_debug] 6357_efuse: g_o_vts_2 = 1553
02-06 06:24:17.643    53    53 I         : (0)[53:kworker/0:1][Thermal/TZ/PMIC] [pmic_debug] 6358_efuse: g_o_vts_3 = 1565
02-06 06:24:17.643    53    53 I         : (0)[53:kworker/0:1][Thermal/TZ/PMIC] [pmic_debug] 6357_efuse: g_degc_cali = 47
02-06 06:24:17.643    53    53 I         : (0)[53:kworker/0:1][Thermal/TZ/PMIC] [pmic_debug] 6357_efuse: g_adc_cali_en = 1
02-06 06:24:17.643    53    53 I         : (0)[53:kworker/0:1][Thermal/TZ/PMIC] [pmic_debug] 6357_efuse: g_o_slope = 0
02-06 06:24:17.643    53    53 I         : (0)[53:kworker/0:1][Thermal/TZ/PMIC] [pmic_debug] 6357_efuse: g_o_slope_sign = 0
02-06 06:24:17.643    53    53 I         : (0)[53:kworker/0:1][Thermal/TZ/PMIC] [pmic_debug] 6357_efuse: g_id = 0
02-06 06:24:17.643    53    53 I         : (0)[53:kworker/0:1][Thermal/TZ/PMIC] [pmic_debug]  end
02-06 06:24:17.643    53    53 I         : (0)[53:kworker/0:1][Thermal/TZ/PMIC] [pmic_debug] g_o_vts        = 0x64c
02-06 06:24:17.643    53    53 I         : (0)[53:kworker/0:1][Thermal/TZ/PMIC] [pmic_debug] g_o_vts_2      = 0x611
02-06 06:24:17.643    53    53 I         : (0)[53:kworker/0:1][Thermal/TZ/PMIC] [pmic_debug] g_o_vts_3      = 0x61d
02-06 06:24:17.643    53    53 I         : (0)[53:kworker/0:1][Thermal/TZ/PMIC] [pmic_debug] g_degc_cali    = 0x2f
02-06 06:24:17.643    53    53 I         : (0)[53:kworker/0:1][Thermal/TZ/PMIC] [pmic_debug] g_adc_cali_en  = 0x1
02-06 06:24:17.643    53    53 I         : (0)[53:kworker/0:1][Thermal/TZ/PMIC] [pmic_debug] g_o_slope      = 0x0
02-06 06:24:17.643    53    53 I         : (0)[53:kworker/0:1][Thermal/TZ/PMIC] [pmic_debug] g_o_slope_sign = 0x0
02-06 06:24:17.643    53    53 I         : (0)[53:kworker/0:1][Thermal/TZ/PMIC] [pmic_debug] g_id           = 0x0
02-06 06:24:17.643    53    53 I         : (0)[53:kworker/0:1][Thermal/TZ/PMIC] [Thermal calibration] SLOPE1=1000000 SLOPE2=-1681 INTERCEPT=444677, Vbe = -708000
02-06 06:24:17.643    53    53 I         : (0)[53:kworker/0:1][Thermal/TZ/PMIC] [Thermal calibration] SLOPE1=1000000 SLOPE2=-1863 INTERCEPT=389576, Vbe = -682000
02-06 06:24:17.643    53    53 I         : (0)[53:kworker/0:1][Thermal/TZ/PMIC] [Thermal calibration] SLOPE1=1000000 SLOPE2=-1863 INTERCEPT=392260, Vbe = -687000
02-06 06:24:17.643     0     0 W         : -(7)[0:swapper/7]Perf order domain is not ready!
02-06 06:24:17.643    53    53 I         : (0)[53:kworker/0:1][Thermal/TZ/PMIC] [mtktspmic_register_thermal]
02-06 06:24:17.644   266   266 I         : (4)[266:kworker/4:1][AUTOK]DAT 0 	 27 	 OOOOOOOOOOOOOOOOOOOOOOOOOOOXXXXXXXXXXXXOOOOOOOOOOOOOOOOOOOOOOOOO
02-06 06:24:17.647   270   270 I (2)[270:dc_trim_thread]mt635x-auxadc mt635x-auxadc: name:HPOFS_CAL, channel=9, adc_out=0x6e29, adc_result=28201
02-06 06:24:17.648   266   266 I         : (4)[266:kworker/4:1][AUTOK]DAT 1 	 38 	 OOOXXXXXXXXXXXOOOOOOOOOOOOOOOOOOOOOOOOOOOOOOOOOOOOOOXXXXXXXXXXXX
02-06 06:24:17.648   266   266 I (4)[266:kworker/4:1][AUTOK]Analysis Result: 1T = 48
02-06 06:24:17.648   266   266 I (4)[266:kworker/4:1][AUTOK]CMD [EDGE: 0 CMD_FIFO_EDGE:0 DLY1:6 DLY2:0]
02-06 06:24:17.648   266   266 I (4)[266:kworker/4:1][AUTOK]DAT [RDAT_EDGE: 0 RD_FIFO_EDGE:0 WD_FIFO_EDGE:0]
02-06 06:24:17.648   266   266 I (4)[266:kworker/4:1][AUTOK]DAT [LATCH_CK: 0 DLY1:8 DLY2:0]
02-06 06:24:18.617   331   331 E SELinux : avc:  denied  { add } for interface=android.hardware.health::IHealth sid=u:r:recovery:s0 pid=352 scontext=u:r:recovery:s0 tcontext=u:object_r:hal_health_hwservice:s0 tclass=hwservice_manager permissive=1
02-06 06:24:17.648   266   266 I (4)[266:kworker/4:1][AUTOK]DS  [DLY1: 0 DLY2:0 DLY3:0]
02-06 06:24:18.617   356   356 E mtk_plpath_utils: Cannot open /dev/block/sda (No such file or directory)
02-06 06:24:17.648   266   266 I         : (4)[266:kworker/4:1][AUTOK]CLK TX  [0]
02-06 06:24:18.617   352   352 I HidlServiceManagement: Registered android.hardware.health@2.1::IHealth/default
02-06 06:24:18.617   352   352 I HidlServiceManagement: Removing namespace from process name android.hardware.health@2.1-service to health@2.1-service.
02-06 06:24:17.648   266   266 I         : (4)[266:kworker/4:1][AUTOK]CMD TX  [0]
02-06 06:24:18.617   352   352 I android.hardware.health@2.1-service: default: Hal init done
02-06 06:24:18.641   362   362 D hw-ProcessState: Binder ioctl to enable oneway spam detection failed: Invalid argument
02-06 06:24:17.648   266   266 I         : (4)[266:kworker/4:1][AUTOK]DAT TX  [D0:0 D1:0 D2:0 D3:0]
02-06 06:24:18.642   362   362 E cutils-trace: Error opening trace file: No such file or directory (2)
02-06 06:24:18.642   331   331 E SELinux : avc:  denied  { find } for interface=android.hardware.gatekeeper::IGatekeeper sid=u:r:recovery:s0 pid=362 scontext=u:r:recovery:s0 tcontext=u:object_r:hal_gatekeeper_hwservice:s0 tclass=hwservice_manager permissive=1
