02-06 06:24:17.426     1     1 W -(2)[1:swapper/0]x25: ffffffad50a1f000 x24: 00000000000000c3
02-06 06:24:17.426     1     1 W -(2)[1:swapper/0]x23: 0000000000000001 x22: ffffff800808b838
02-06 06:24:17.426     1     1 W -(2)[1:swapper/0]x21: ffffff800808b790 x20: ffffff800808b78c
02-06 06:24:17.426     1     1 W -(2)[1:swapper/0]x19: ffffff800808b838 x18: ffffffad50e22668
02-06 06:24:17.426     1     1 W -(2)[1:swapper/0]x17: 0000000000000000 x16: 0000000000000000
02-06 06:24:17.426     1     1 W -(2)[1:swapper/0]x15: 0000000000000006 x14: ffff001000000600
02-06 06:24:17.426     1     1 W -(2)[1:swapper/0]x13: 00000000000002cc x12: 0000000000000000
02-06 06:24:17.426     1     1 W -(2)[1:swapper/0]x11: 0000000000000000 x10: ffffffffffffffff
02-06 06:24:17.426     1     1 W -(2)[1:swapper/0]x9: 44adb82790114300 x8 : 44adb82790114300
02-06 06:24:17.426     1     1 W -(2)[1:swapper/0]x7: 0000000000000000 x6 : ffffffad50ea4ab9
02-06 06:24:17.426     1     1 W -(2)[1:swapper/0]x5: 0000000000000001 x4 : 0000000000000000
02-06 06:24:17.426     1     1 W -(2)[1:swapper/0]x3: 0000000000000000 x2 : 0000000000000001
02-06 06:24:17.426     1     1 W -(2)[1:swapper/0]x1: 0000000000000000 x0 : 0000000000000000
02-06 06:24:18.567   331   331 I hwservicemanager: getDeviceHalManifest: Successfully processed VINTF information
02-06 06:24:17.426     1     1 W -(2)[1:swapper/0]Call trace:  
02-06 06:24:17.426     1     1 W         : -(2)[1:swapper/0] gic_irq_domain_translate+0x150/0x158
02-06 06:24:17.426     1     1 W         : -(2)[1:swapper/0] gic_irq_domain_alloc+0x58/0x228
02-06 06:24:18.567   331   331 I hwservicemanager: getFrameworkHalManifest: Successfully processed VINTF information
02-06 06:24:17.426     1     1 W         : -(2)[1:swapper/0] irq_domain_alloc_irqs_parent+0x48/0x60
02-06 06:24:17.426     1     1 W         : -(2)[1:swapper/0] mtk_sysirq_domain_alloc+0xe8/0x108
02-06 06:24:17.426     1     1 W         : -(2)[1:swapper/0] __irq_domain_alloc_irqs+0x108/0x210
02-06 06:24:17.426     1     1 W         : -(2)[1:swapper/0] irq_create_fwspec_mapping+0x1f0/0x30c
02-06 06:24:17.426     1     1 W         : -(2)[1:swapper/0] irq_create_of_mapping+0x64/0x8c
02-06 06:24:17.426     1     1 W         : -(2)[1:swapper/0] trusty_irq_init_one+0x1bc/0x3f8
02-06 06:24:17.426     1     1 W         : -(2)[1:swapper/0] trusty_irq_probe+0x1ec/0x270
02-06 06:24:17.426     1     1 W         : -(2)[1:swapper/0] platform_drv_probe+0x80/0xb0
02-06 06:24:17.426     1     1 W         : -(2)[1:swapper/0] really_probe+0x260/0x2d8
02-06 06:24:17.426     1     1 W         : -(2)[1:swapper/0] driver_probe_device+0x64/0xfc
02-06 06:24:17.426     1     1 W         : -(2)[1:swapper/0] __driver_attach+0x98/0xd0
02-06 06:24:17.426     1     1 W         : -(2)[1:swapper/0] bus_for_each_dev+0x84/0xcc
02-06 06:24:17.426     1     1 W         : -(2)[1:swapper/0] driver_attach+0x2c/0x38
02-06 06:24:17.426     1     1 W         : -(2)[1:swapper/0] bus_add_driver+0x120/0x1f4
02-06 06:24:17.426     1     1 W         : -(2)[1:swapper/0] driver_register+0x64/0xf8
02-06 06:24:18.568   331   331 E SELinux : avc:  denied  { add } for interface=android.hidl.token::ITokenManager sid=u:r:recovery:s0 pid=331 scontext=u:r:recovery:s0 tcontext=u:object_r:hidl_token_hwservice:s0 tclass=hwservice_manager permissive=1
02-06 06:24:17.426     1     1 W         : -(2)[1:swapper/0] __platform_driver_register+0x4c/0x58
02-06 06:24:17.427     1     1 W         : -(2)[1:swapper/0] trusty_irq_driver_init+0x58/0xac
02-06 06:24:17.427     1     1 W         : -(2)[1:swapper/0] do_one_initcall+0x120/0x284
02-06 06:24:17.427     1     1 W         : -(2)[1:swapper/0] do_initcall_level+0x144/0x16c
02-06 06:24:17.427     1     1 W         : -(2)[1:swapper/0] do_basic_setup+0x34/0x4c
02-06 06:24:17.427     1     1 W         : -(2)[1:swapper/0] kernel_init_freeable+0xb0/0x130
02-06 06:24:17.427     1     1 W         : -(2)[1:swapper/0] kernel_init+0x14/0x10c
02-06 06:24:17.427     1     1 W         : -(2)[1:swapper/0] ret_from_fork+0x10/0x18
02-06 06:24:17.427     1     1 W         : -(2)[1:swapper/0]---[ end trace fe7d9b502c1f55da ]---
02-06 06:24:17.427     1     1 W         : (2)[1:swapper/0]------------[ cut here ]------------
02-06 06:24:17.427     1     1 W -(2)[1:swapper/0]WARNING: CPU: 2 PID: 1 at gic_irq_domain_translate+0x150/0x158
02-06 06:24:17.427     1     1 W         : -(2)[1:swapper/0]Modules linked in:
02-06 06:24:17.427     1     1 W -(2)[1:swapper/0]CPU: 2 PID: 1 Comm: swapper/0 Tainted: G        W         4.19.191 #1
02-06 06:24:17.427     1     1 W -(2)[1:swapper/0]Hardware name: MT6762 (DT)
02-06 06:24:17.427     1     1 W -(2)[1:swapper/0]pstate: 60400005 (nZCv daif +PAN -UAO)
02-06 06:24:17.427     1     1 W -(2)[1:swapper/0]pc: gic_irq_domain_translate+0x150/0x158
02-06 06:24:17.427     1     1 W -(2)[1:swapper/0]lr: gic_irq_domain_translate+0x14c/0x158
02-06 06:24:17.427     1     1 W -(2)[1:swapper/0]sp: ffffff800808b750
02-06 06:24:17.427     1     1 W -(2)[1:swapper/0]x29: ffffff800808b750 x28: 0000000000000000
02-06 06:24:17.427     1     1 W -(2)[1:swapper/0]x27: 0000000000000000 x26: 0000000000000000
02-06 06:24:17.427     1     1 W -(2)[1:swapper/0]x25: ffffffad50a1f000 x24: 00000000000000c4
02-06 06:24:17.427     1     1 W -(2)[1:swapper/0]x23: 0000000000000001 x22: ffffff800808b838
02-06 06:24:17.427     1     1 W -(2)[1:swapper/0]x21: ffffff800808b790 x20: ffffff800808b78c
02-06 06:24:17.427     1     1 W -(2)[1:swapper/0]x19: ffffff800808b838 x18: ffffffad50e22668
02-06 06:24:17.427     1     1 W -(2)[1:swapper/0]x17: 0000000000000000 x16: 0000000000000000
02-06 06:24:17.427     1     1 W -(2)[1:swapper/0]x15: 0000000000000006 x14: ffff001000000600
02-06 06:24:17.427     1     1 W -(2)[1:swapper/0]x13: 00000000000002cc x12: 0000000000000000
02-06 06:24:17.427     1     1 W -(2)[1:swapper/0]x11: 0000000000000000 x10: ffffffffffffffff
02-06 06:24:17.427     1     1 W -(2)[1:swapper/0]x9: 44adb82790114300 x8 : 44adb82790114300
02-06 06:24:17.427     1     1 W -(2)[1:swapper/0]x7: 0000000000000000 x6 : ffffffad50ea4ab9
02-06 06:24:17.427     1     1 W -(2)[1:swapper/0]x5: 0000000000000001 x4 : 0000000000000000
02-06 06:24:17.427     1     1 W -(2)[1:swapper/0]x3: 0000000000000000 x2 : 0000000000000001
02-06 06:24:17.427     1     1 W -(2)[1:swapper/0]x1: 0000000000000000 x0 : 0000000000000000
02-06 06:24:17.427     1     1 W -(2)[1:swapper/0]Call trace:  
02-06 06:24:17.427     1     1 W         : -(2)[1:swapper/0] gic_irq_domain_translate+0x150/0x158
02-06 06:24:17.427     1     1 W         : -(2)[1:swapper/0] gic_irq_domain_alloc+0x58/0x228
02-06 06:24:17.427     1     1 W         : -(2)[1:swapper/0] irq_domain_alloc_irqs_parent+0x48/0x60
02-06 06:24:17.427     1     1 W         : -(2)[1:swapper/0] mtk_sysirq_domain_alloc+0xe8/0x108
02-06 06:24:17.427     1     1 W         : -(2)[1:swapper/0] __irq_domain_alloc_irqs+0x108/0x210
02-06 06:24:17.427     1     1 W         : -(2)[1:swapper/0] irq_create_fwspec_mapping+0x1f0/0x30c
02-06 06:24:17.427     1     1 W         : -(2)[1:swapper/0] irq_create_of_mapping+0x64/0x8c
02-06 06:24:17.427     1     1 W         : -(2)[1:swapper/0] trusty_irq_init_one+0x1bc/0x3f8
02-06 06:24:17.427     1     1 W         : -(2)[1:swapper/0] trusty_irq_probe+0x1ec/0x270
02-06 06:24:17.427     1     1 W         : -(2)[1:swapper/0] platform_drv_probe+0x80/0xb0
02-06 06:24:18.569   331   331 I hwservicemanager: hwservicemanager is ready now.
02-06 06:24:17.427     1     1 W         : -(2)[1:swapper/0] really_probe+0x260/0x2d8
02-06 06:24:17.427     1     1 W         : -(2)[1:swapper/0] driver_probe_device+0x64/0xfc
02-06 06:24:17.427     1     1 W         : -(2)[1:swapper/0] __driver_attach+0x98/0xd0
02-06 06:24:17.427     1     1 W         : -(2)[1:swapper/0] bus_for_each_dev+0x84/0xcc
02-06 06:24:17.427     1     1 W         : -(2)[1:swapper/0] driver_attach+0x2c/0x38
02-06 06:24:17.427     1     1 W         : -(2)[1:swapper/0] bus_add_driver+0x120/0x1f4
02-06 06:24:17.427     1     1 W         : -(2)[1:swapper/0] driver_register+0x64/0xf8
02-06 06:24:17.427     1     1 W         : -(2)[1:swapper/0] __platform_driver_register+0x4c/0x58
02-06 06:24:17.427     1     1 W         : -(2)[1:swapper/0] trusty_irq_driver_init+0x58/0xac
02-06 06:24:17.427     1     1 W         : -(2)[1:swapper/0] do_one_initcall+0x120/0x284
02-06 06:24:17.427     1     1 W         : -(2)[1:swapper/0] do_initcall_level+0x144/0x16c
02-06 06:24:17.427     1     1 W         : -(2)[1:swapper/0] do_basic_setup+0x34/0x4c
02-06 06:24:17.427     1     1 W         : -(2)[1:swapper/0] kernel_init_freeable+0xb0/0x130
02-06 06:24:17.427     1     1 W         : -(2)[1:swapper/0] kernel_init+0x14/0x10c
02-06 06:24:17.427     1     1 W         : -(2)[1:swapper/0] ret_from_fork+0x10/0x18
02-06 06:24:17.427     1     1 W         : -(2)[1:swapper/0]---[ end trace fe7d9b502c1f55db ]---
02-06 06:24:17.428     1     1 I (2)[1:swapper/0]trusty-virtio trusty: trusty-virtio: --- init trusty-virtio for MTEE 0 ---
02-06 06:24:17.429   222   222 I         : (0)[222:id0_trusty_k/0]tee0/trusty_task_kick_1 ->
02-06 06:24:17.429   223   223 I         : (2)[223:id0_trusty_k/1]tee0/trusty_task_kick_2 ->
02-06 06:24:17.429   224   224 I         : (2)[224:id0_trusty_k/2]tee0/trusty_task_kick_3 ->
02-06 06:24:17.429     1     1 I         : (2)[1:swapper/0][trusty_set_tee_name] set tee_name: trusty
02-06 06:24:17.429     1     1 I (2)[1:swapper/0]trusty-virtio-tipc virtio0: --- init trusty-ipc for MTEE 0 ---
02-06 06:24:17.429     1     1 I (2)[1:swapper/0]trusty-virtio-tipc virtio0: Multiple vqueue support:1, rxvq num:1, txvq num:8
02-06 06:24:17.429     1     1 I (2)[1:swapper/0]trusty-virtio-tipc virtio0: tipc_setup_cpumask GET_CMASK ret 0x0
02-06 06:24:17.429     1     1 I (2)[1:swapper/0]trusty-virtio-tipc virtio0: tipc_setup_cpumask default_cpumask = 0xff
02-06 06:24:17.429   225   225 I         : (0)[225:id0_trusty_c/0]tee0/trusty_task_chk_1 ->
02-06 06:24:17.429     1     1 I (2)[1:swapper/0]trusty-virtio trusty: trusty-virtio: trusty_task_default_bind mask=0x0
02-06 06:24:17.429     1     1 I (2)[1:swapper/0]trusty-virtio trusty: trusty-virtio: initializing done
02-06 06:24:17.429   225   225 I (0)[225:id0_trusty_c/0]trusty-virtio-tipc virtio0: is online
02-06 06:24:17.430     1     1 I (2)[1:swapper/0]tee_sanity: driver registered
02-06 06:24:17.431     1     1 I         : (2)[1:swapper/0][DISP]init_log_buffer success
02-06 06:24:17.432     1     1 I (2)[1:swapper/0]disp_probe: 1
02-06 06:24:17.432     1     1 I         : (2)[1:swapper/0]disp driver(1) disp_probe begin
02-06 06:24:17.432     1     1 I         : (2)[1:swapper/0]disp driver(1) disp_probe end
02-06 06:24:17.432     1     1 I         : (2)[1:swapper/0]disp driver(1) disp_probe_1 begin
02-06 06:24:17.435     1     1 I         : (2)[1:swapper/0]disp driver(1) disp_probe_1 end
02-06 06:24:17.436     1     1 I         : (2)[1:swapper/0]disphal_allocate_fb, pa_start=0x0x000000007e250000, pa_end=0x0x000000007f1fffff, va=0xffffff800a000000
02-06 06:24:17.437     1     1 I (2)[1:swapper/0]MMP: mmprofile_enable(): enable: 1
02-06 06:24:17.437     1     1 I (2)[1:swapper/0]MMP: mmprofile_force_start(): start: 1
02-06 06:24:17.440     1     1 I         : (2)[1:swapper/0][DDP/DSI]===>DSI_PHY_TIMCONFIG start
02-06 06:24:17.440     1     1 I         : (2)[1:swapper/0][DDP/DSI]<===DSI_PHY_TIMCONFIG done
02-06 06:24:17.440     1     1 I (2)[1:swapper/0][GAMMA] disp_gamma_write_lut_reg: table [0] not initialized
02-06 06:24:17.441   227   227 I         : (2)[227:init_decouple_b]init_decouple_buffers done
02-06 06:24:17.442     1     1 I (2)[1:swapper/0][M4U] m4u_config_port: DISP_OVL0, m4u_tee_en:0,mmu_en:0->1, sec_en:0->0
02-06 06:24:17.442     1     1 I (2)[1:swapper/0][M4U] m4u_config_port: DISP_2L_OVL0_LARB0, m4u_tee_en:0,mmu_en:0->1, sec_en:0->0
02-06 06:24:17.442     1     1 I (2)[1:swapper/0][M4U] m4u_config_port: DISP_RDMA0, m4u_tee_en:0,mmu_en:0->1, sec_en:0->0
02-06 06:24:17.442     1     1 I (2)[1:swapper/0][M4U] m4u_config_port: DISP_WDMA0, m4u_tee_en:0,mmu_en:0->1, sec_en:0->0
02-06 06:24:17.443     1     1 I         : (2)[1:swapper/0]this pctrl is null
02-06 06:24:17.443     1     1 W         : (2)[1:swapper/0][name:spm&]Power/swap - mtk_idle_disp_is_ready not support anymore!
02-06 06:24:17.444   235   235 I (2)[235:present_fence_w][DISP][_get_session_sync_info #247]ERROR: wrong session_id:65536, 0x00010000
02-06 06:24:17.444   235   235 I (2)[235:present_fence_w][DISP][_get_sync_info #270]ERROR: cant get sync info for session_id:0x00010000
02-06 06:24:17.444   235   235 I (2)[235:present_fence_w][DISP][mtkfb_release_present_fence #1052]ERROR: mtkfb_release_present_fence, layer_info is null
02-06 06:24:17.449     1     1 E         : (0)[1:swapper/0][M4U] m4u_fb_notifier_callback 5, 9
02-06 06:24:17.449     1     1 I         : (0)[1:swapper/0]disp driver(2) mtkfb_probe end
02-06 06:24:17.450     1     1 I (0)[1:swapper/0]atf_log: inited
02-06 06:24:17.451     1     1 I         : (0)[1:swapper/0]amms_dev->dma_ops=arm64_swiotlb_dma_ops+0x0/0xc0
02-06 06:24:17.451     1     1 I         : (0)[1:swapper/0]amms irq num 11
02-06 06:24:17.452     1     1 I         : (0)[1:swapper/0]aee kernel api ready
02-06 06:24:17.453     1     1 I (0)[1:swapper/0]MTK-BTIF[I]mtk_btif_probe: DO BTIF PROBE
02-06 06:24:17.453     1     1 I (0)[1:swapper/0]MTK-BTIF[E]hal_btif_clk_get_and_prepare(292): [CCF]clk_btif=00000000930908c0
02-06 06:24:17.453     1     1 I (0)[1:swapper/0]MTK-BTIF[E]hal_btif_clk_get_and_prepare(298): [CCF]clk_btif_apdma=000000000c19025c
02-06 06:24:17.453     1     1 I (0)[1:swapper/0]MTK-BTIF[I]BTIF_init: p_btif_buffer get memory 0x0000000092fc6967
02-06 06:24:17.453     1     1 I (0)[1:swapper/0]MTK-BTIF[I]BTIF_init: p_tx_queue get memory 0x0000000076e825c2
02-06 06:24:17.453     1     1 I (0)[1:swapper/0]MTK-BTIF[I]BTIF_init: p_rx_queue get memory 0x00000000e0f58d5a
02-06 06:24:17.453     1     1 I (0)[1:swapper/0]MTK-BTIF[I]hal_btif_info_get: _btif_tx_fifo_init succeed
02-06 06:24:17.453     1     1 I (0)[1:swapper/0]MTK-BTIF[I]_btif_set_default_setting: get btif irq(69),register base(0xffffff8009355000)
02-06 06:24:17.453     1     1 I (0)[1:swapper/0]MTK-BTIF[I]_btif_set_default_setting: get interrupt flag(0x8)
02-06 06:24:17.453     1     1 I (0)[1:swapper/0]MTK-BTIF[I]_btif_set_default_setting: get register phy base(0x1100c000)
02-06 06:24:17.453     1     1 I (0)[1:swapper/0]MTK-BTIF-DMA[I]hal_dma_set_default_setting: tx_dma irq(70),register base(0xffffff800935d880)
02-06 06:24:17.453     1     1 I (0)[1:swapper/0]MTK-BTIF-DMA[I]hal_dma_set_default_setting: get interrupt flag(0x8)
02-06 06:24:17.453     1     1 I (0)[1:swapper/0]MTK-BTIF-DMA[I]hal_dma_set_default_setting: get phy base dma_dir(1)(0x11000880)
02-06 06:24:17.453     1     1 I (0)[1:swapper/0]MTK-BTIF[I]_btif_vfifo_init: alloc vFIFO succeed in arch64,vir addr:0x00000000d1975f95,phy addr:0xff000000
02-06 06:24:17.453     1     1 I (0)[1:swapper/0]MTK-BTIF-DMA[I]hal_dma_set_default_setting: rx_dma irq(71),register base(0xffffff8009365900)
02-06 06:24:17.453     1     1 I (0)[1:swapper/0]MTK-BTIF-DMA[I]hal_dma_set_default_setting: get interrupt flag(0x8)
02-06 06:24:17.453     1     1 I (0)[1:swapper/0]MTK-BTIF-DMA[I]hal_dma_set_default_setting: get phy base dma_dir(0)(0x11000900)
02-06 06:24:17.453     1     1 I (0)[1:swapper/0]MTK-BTIF[I]_btif_vfifo_init: alloc vFIFO succeed in arch64,vir addr:0x00000000b50e8c48,phy addr:0xff002000
02-06 06:24:17.453     1     1 I (0)[1:swapper/0]MTK-BTIF[I]_btif_rx_btm_init: set RT to workqueue succeed
02-06 06:24:17.453     1     1 W         : -(0)[1:swapper/0]Perf order domain is not ready!
02-06 06:24:17.453     1     1 I (0)[1:swapper/0]MTK-BTIF[I]_btif_rx_btm_init: btif_rxd start to work!
02-06 06:24:17.453     1     1 I (0)[1:swapper/0]MTK-BTIF[I]_btif_rx_btm_init: rx_spin_lock init succeed
02-06 06:24:17.453     1     1 I (0)[1:swapper/0]MTK-BTIF[I]_btif_tx_ctx_init: nothing is done when btif tx in user's thread
02-06 06:24:17.453     1     1 I (0)[1:swapper/0]MTK-BTIF[I]_btif_tx_ctx_init: succeed
02-06 06:24:17.454     1     1 I         : (0)[1:swapper/0][Power/dcm]
02-06 06:24:17.454     0     0 I         : ******** dcm dump register *********
02-06 06:24:17.454     1     1 I         : (0)[1:swapper/0][Power/dcm] PERI_BUS_DCM_CTRL             (0xffffff800936d074): 0xb47f83e3
02-06 06:24:17.454     1     1 I         : (0)[1:swapper/0][Power/dcm] DFS_MEM_DCM_CTRL              (0xffffff800936d07c): 0x00000000
02-06 06:24:17.454     1     1 I         : (0)[1:swapper/0][Power/dcm] PERI_BUS_DCM_CTRL             (0xffffff800936d074): 0xb47f83e3
02-06 06:24:17.454     1     1 I         : (0)[1:swapper/0][Power/dcm] INFRA_MISC                    (0xffffff800936df00): 0x01c01224
02-06 06:24:17.454     1     1 I         : (0)[1:swapper/0][Power/dcm] MEM_DCM_CTRL                  (0xffffff800936d078): 0x19a007c0
02-06 06:24:17.454     1     1 I         : (0)[1:swapper/0][Power/dcm] INFRA_BUS_DCM_CTRL            (0xffffff800936d070): 0x40ff0603
02-06 06:24:17.454     1     1 I         : (0)[1:swapper/0][Power/dcm] PERI_BUS_DCM_CTRL             (0xffffff800936d074): 0xb47f83e3
02-06 06:24:17.454     1     1 I         : (0)[1:swapper/0][Power/dcm] P2P_RX_CLK_ON                 (0xffffff800936d0a0): 0x00000000
02-06 06:24:17.454     1     1 I         : (0)[1:swapper/0][Power/dcm] PERI_BUS_DCM_CTRL             (0xffffff800936d074): 0xb47f83e3
02-06 06:24:17.454     1     1 I         : (0)[1:swapper/0][Power/dcm] PERI_BUS_DCM_CTRL             (0xffffff800936d074): 0xb47f83e3
02-06 06:24:17.454     1     1 I         : (0)[1:swapper/0][Power/dcm] PERI_BUS_DCM_CTRL             (0xffffff800936d074): 0xb47f83e3
02-06 06:24:17.454     1     1 I         : (0)[1:swapper/0][Power/dcm] CHN0_EMI_CHN_EMI_CONB         (0xffffff8009385008): 0x00ff2048
02-06 06:24:17.454     1     1 I         : (0)[1:swapper/0][Power/dcm] CHN1_EMI_CHN_EMI_CONB         (0xffffff800938d008): 0x00ff2048
02-06 06:24:17.454     1     1 I (0)[1:swapper/0][Power/dcm] [dcm_set_default]type: 0x00004287, init_dcm_type=0x4287, INIT_DCM_TYPE_BY_K=0x0
02-06 06:24:17.454     1     1 I         : (0)[1:swapper/0][Power/dcm] [     ARMCORE_DCM 0x00000001] current state:1 (0)
02-06 06:24:17.454     1     1 I         : (0)[1:swapper/0][Power/dcm] [      MCUSYS_DCM 0x00000002] current state:1 (0)
02-06 06:24:17.454     1     1 I         : (0)[1:swapper/0][Power/dcm] [       INFRA_DCM 0x00000004] current state:1 (0)
02-06 06:24:17.454     1     1 I         : (0)[1:swapper/0][Power/dcm] [       STALL_DCM 0x00000080] current state:1 (0)
02-06 06:24:17.454     1     1 I         : (0)[1:swapper/0][Power/dcm] [    GIC_SYNC_DCM 0x00000200] current state:1 (0)
02-06 06:24:17.454     1     1 I         : (0)[1:swapper/0][Power/dcm] [        MCSI_DCM 0x00004000] current state:1 (0)
02-06 06:24:17.458     1     1 I (0)[1:swapper/0]MMP: mmprofile_enable(): enable: 1
02-06 06:24:17.458     1     1 I (0)[1:swapper/0]MMP: mmprofile_force_start(): start: 1
02-06 06:24:17.458     1     1 I (0)[1:swapper/0][mmdvfs]vcore_steps: [0, 1, 3, 0, 0, 0], count:3
02-06 06:24:17.458     1     1 I         : (0)[1:swapper/0][mmdvfs]start get step node of disp_freq
02-06 06:24:17.458     1     1 I         : (0)[1:swapper/0][mmdvfs] node name mm_step0
02-06 06:24:17.458     1     1 I         : (0)[1:swapper/0][mmdvfs]Get module clock: mmdvfs_clk_mm_sel_ck
02-06 06:24:17.458     1     1 I         : (0)[1:swapper/0][mmdvfs]Get module clock: mmdvfs_clk_mmpll_ck
02-06 06:24:17.458     1     1 I (0)[1:swapper/0][mmdvfs]mm_step0: 457MHz, clk:1/0/1
02-06 06:24:17.458     1     1 I         : (0)[1:swapper/0][mmdvfs]read freq steps mm_step0_ext failed (-22)
02-06 06:24:17.458     1     1 I         : (0)[1:swapper/0][mmdvfs] node name mm_step1
02-06 06:24:17.458     1     1 I         : (0)[1:swapper/0][mmdvfs]Get module clock: mmdvfs_clk_mm_sel_ck
02-06 06:24:17.458     1     1 I         : (0)[1:swapper/0][mmdvfs]Get module clock: mmdvfs_clk_univpll1_d2_ck
02-06 06:24:17.458     1     1 I (0)[1:swapper/0][mmdvfs]mm_step1: 312MHz, clk:1/0/2
02-06 06:24:17.458     1     1 I         : (0)[1:swapper/0][mmdvfs]read freq steps mm_step1_ext failed (-22)
02-06 06:24:17.458     1     1 I         : (0)[1:swapper/0][mmdvfs] node name mm_step2
02-06 06:24:17.458     1     1 I         : (0)[1:swapper/0][mmdvfs]Get module clock: mmdvfs_clk_mm_sel_ck
02-06 06:24:17.458     1     1 I         : (0)[1:swapper/0][mmdvfs]Get module clock: mmdvfs_clk_mmpll_d2_ck
02-06 06:24:17.458     1     1 I (0)[1:swapper/0][mmdvfs]mm_step2: 228MHz, clk:1/0/3
02-06 06:24:17.458     1     1 I         : (0)[1:swapper/0][mmdvfs]read freq steps mm_step2_ext failed (-22)
02-06 06:24:17.458     1     1 I (0)[1:swapper/0][mmdvfs]disp_freq: step size:3
02-06 06:24:17.458     1     1 I (0)[1:swapper/0][mmdvfs]disp_freq: add notifier
02-06 06:24:17.458     1     1 I         : (0)[1:swapper/0][mmdvfs]MMDVFS limit is off
02-06 06:24:17.458     1     1 I         : (0)[1:swapper/0][mmdvfs]start get step node of mdp_freq
02-06 06:24:17.458     1     1 I         : (0)[1:swapper/0][mmdvfs] node name mm_step0
02-06 06:24:17.458     1     1 I         : (0)[1:swapper/0][mmdvfs]Get module clock: mmdvfs_clk_mm_sel_ck
02-06 06:24:17.458     1     1 I         : (0)[1:swapper/0][mmdvfs]Get module clock: mmdvfs_clk_mmpll_ck
02-06 06:24:17.458     1     1 I (0)[1:swapper/0][mmdvfs]mm_step0: 457MHz, clk:1/0/1
02-06 06:24:17.458     1     1 I         : (0)[1:swapper/0][mmdvfs]read freq steps mm_step0_ext failed (-22)
02-06 06:24:17.458     1     1 I         : (0)[1:swapper/0][mmdvfs] node name mm_step1
02-06 06:24:17.458     1     1 I         : (0)[1:swapper/0][mmdvfs]Get module clock: mmdvfs_clk_mm_sel_ck
02-06 06:24:17.458     1     1 I         : (0)[1:swapper/0][mmdvfs]Get module clock: mmdvfs_clk_univpll1_d2_ck
02-06 06:24:17.458     1     1 I (0)[1:swapper/0][mmdvfs]mm_step1: 312MHz, clk:1/0/2
02-06 06:24:17.458     1     1 I         : (0)[1:swapper/0][mmdvfs]read freq steps mm_step1_ext failed (-22)
02-06 06:24:17.458     1     1 I         : (0)[1:swapper/0][mmdvfs] node name mm_step2
02-06 06:24:17.458     1     1 I         : (0)[1:swapper/0][mmdvfs]Get module clock: mmdvfs_clk_mm_sel_ck
02-06 06:24:17.458     1     1 I         : (0)[1:swapper/0][mmdvfs]Get module clock: mmdvfs_clk_mmpll_d2_ck
02-06 06:24:17.458     1     1 I (0)[1:swapper/0][mmdvfs]mm_step2: 228MHz, clk:1/0/3
02-06 06:24:17.458     1     1 I         : (0)[1:swapper/0][mmdvfs]read freq steps mm_step2_ext failed (-22)
02-06 06:24:17.458     1     1 I (0)[1:swapper/0][mmdvfs]mdp_freq: step size:3
02-06 06:24:17.458     1     1 I (0)[1:swapper/0][mmdvfs]mdp_freq: add notifier
02-06 06:24:17.458     1     1 I         : (0)[1:swapper/0][mmdvfs]MMDVFS limit is off
02-06 06:24:17.458     1     1 I         : (0)[1:swapper/0][mmdvfs]start get step node of vdec_freq
02-06 06:24:17.458     1     1 I         : (0)[1:swapper/0][mmdvfs] node name mm_step0
02-06 06:24:17.458     1     1 I         : (0)[1:swapper/0][mmdvfs]Get module clock: mmdvfs_clk_mm_sel_ck
02-06 06:24:17.458     1     1 I         : (0)[1:swapper/0][mmdvfs]Get module clock: mmdvfs_clk_mmpll_ck
02-06 06:24:17.458     1     1 I (0)[1:swapper/0][mmdvfs]mm_step0: 457MHz, clk:1/0/1
02-06 06:24:17.458     1     1 I         : (0)[1:swapper/0][mmdvfs]read freq steps mm_step0_ext failed (-22)
02-06 06:24:17.458     1     1 I         : (0)[1:swapper/0][mmdvfs] node name mm_step1
02-06 06:24:17.458     1     1 I         : (0)[1:swapper/0][mmdvfs]Get module clock: mmdvfs_clk_mm_sel_ck
02-06 06:24:17.458     1     1 I         : (0)[1:swapper/0][mmdvfs]Get module clock: mmdvfs_clk_univpll1_d2_ck
02-06 06:24:17.458     1     1 I (0)[1:swapper/0][mmdvfs]mm_step1: 312MHz, clk:1/0/2
02-06 06:24:17.458     1     1 I         : (0)[1:swapper/0][mmdvfs]read freq steps mm_step1_ext failed (-22)
02-06 06:24:17.458     1     1 I         : (0)[1:swapper/0][mmdvfs] node name mm_step2
02-06 06:24:17.458     1     1 I         : (0)[1:swapper/0][mmdvfs]Get module clock: mmdvfs_clk_mm_sel_ck
02-06 06:24:17.458     1     1 I         : (0)[1:swapper/0][mmdvfs]Get module clock: mmdvfs_clk_mmpll_d2_ck
02-06 06:24:17.458     1     1 I (0)[1:swapper/0][mmdvfs]mm_step2: 228MHz, clk:1/0/3
02-06 06:24:17.458     1     1 I         : (0)[1:swapper/0][mmdvfs]read freq steps mm_step2_ext failed (-22)
02-06 06:24:17.458     1     1 I (0)[1:swapper/0][mmdvfs]vdec_freq: step size:3
02-06 06:24:17.458     1     1 I (0)[1:swapper/0][mmdvfs]vdec_freq: add notifier
02-06 06:24:17.458     1     1 I         : (0)[1:swapper/0][mmdvfs]MMDVFS limit is off
02-06 06:24:17.458     1     1 I         : (0)[1:swapper/0][mmdvfs]start get step node of venc_freq
02-06 06:24:17.458     1     1 I         : (0)[1:swapper/0][mmdvfs] node name mm_step0
02-06 06:24:17.458     1     1 I         : (0)[1:swapper/0][mmdvfs]Get module clock: mmdvfs_clk_mm_sel_ck
02-06 06:24:17.458     1     1 I         : (0)[1:swapper/0][mmdvfs]Get module clock: mmdvfs_clk_mmpll_ck
02-06 06:24:17.458     1     1 I (0)[1:swapper/0][mmdvfs]mm_step0: 457MHz, clk:1/0/1
02-06 06:24:17.458     1     1 I         : (0)[1:swapper/0][mmdvfs]read freq steps mm_step0_ext failed (-22)
02-06 06:24:17.458     1     1 I         : (0)[1:swapper/0][mmdvfs] node name mm_step1
02-06 06:24:17.458     1     1 I         : (0)[1:swapper/0][mmdvfs]Get module clock: mmdvfs_clk_mm_sel_ck
02-06 06:24:17.458     1     1 I         : (0)[1:swapper/0][mmdvfs]Get module clock: mmdvfs_clk_univpll1_d2_ck
02-06 06:24:17.458     1     1 I (0)[1:swapper/0][mmdvfs]mm_step1: 312MHz, clk:1/0/2
02-06 06:24:17.458     1     1 I         : (0)[1:swapper/0][mmdvfs]read freq steps mm_step1_ext failed (-22)
02-06 06:24:17.458     1     1 I         : (0)[1:swapper/0][mmdvfs] node name mm_step2
02-06 06:24:17.458     1     1 I         : (0)[1:swapper/0][mmdvfs]Get module clock: mmdvfs_clk_mm_sel_ck
02-06 06:24:17.458     1     1 I         : (0)[1:swapper/0][mmdvfs]Get module clock: mmdvfs_clk_mmpll_d2_ck
02-06 06:24:17.458     1     1 I (0)[1:swapper/0][mmdvfs]mm_step2: 228MHz, clk:1/0/3
02-06 06:24:17.458     1     1 I         : (0)[1:swapper/0][mmdvfs]read freq steps mm_step2_ext failed (-22)
02-06 06:24:17.458     1     1 I (0)[1:swapper/0][mmdvfs]venc_freq: step size:3
02-06 06:24:17.458     1     1 I (0)[1:swapper/0][mmdvfs]venc_freq: add notifier
02-06 06:24:17.458     1     1 I         : (0)[1:swapper/0][mmdvfs]MMDVFS limit is off
02-06 06:24:17.458     1     1 I         : (0)[1:swapper/0][mmdvfs]start get step node of img_freq
02-06 06:24:17.458     1     1 I         : (0)[1:swapper/0][mmdvfs] node name mm_step0
02-06 06:24:17.458     1     1 I         : (0)[1:swapper/0][mmdvfs]Get module clock: mmdvfs_clk_mm_sel_ck
02-06 06:24:17.458     1     1 I         : (0)[1:swapper/0][mmdvfs]Get module clock: mmdvfs_clk_mmpll_ck
02-06 06:24:17.458     1     1 I (0)[1:swapper/0][mmdvfs]mm_step0: 457MHz, clk:1/0/1
02-06 06:24:17.458     1     1 I         : (0)[1:swapper/0][mmdvfs]read freq steps mm_step0_ext failed (-22)
02-06 06:24:17.458     1     1 I         : (0)[1:swapper/0][mmdvfs] node name mm_step1
02-06 06:24:17.458     1     1 I         : (0)[1:swapper/0][mmdvfs]Get module clock: mmdvfs_clk_mm_sel_ck
02-06 06:24:17.458     1     1 I         : (0)[1:swapper/0][mmdvfs]Get module clock: mmdvfs_clk_univpll1_d2_ck
02-06 06:24:17.458     1     1 I (0)[1:swapper/0][mmdvfs]mm_step1: 312MHz, clk:1/0/2
02-06 06:24:17.458     1     1 I         : (0)[1:swapper/0][mmdvfs]read freq steps mm_step1_ext failed (-22)
02-06 06:24:17.458     1     1 I         : (0)[1:swapper/0][mmdvfs] node name mm_step2
02-06 06:24:17.459     1     1 I         : (0)[1:swapper/0][mmdvfs]Get module clock: mmdvfs_clk_mm_sel_ck
02-06 06:24:17.459     1     1 I         : (0)[1:swapper/0][mmdvfs]Get module clock: mmdvfs_clk_mmpll_d2_ck
02-06 06:24:17.459     1     1 I (0)[1:swapper/0][mmdvfs]mm_step2: 228MHz, clk:1/0/3
02-06 06:24:17.459     1     1 I         : (0)[1:swapper/0][mmdvfs]read freq steps mm_step2_ext failed (-22)
02-06 06:24:17.459     1     1 I (0)[1:swapper/0][mmdvfs]img_freq: step size:3
02-06 06:24:17.459     1     1 I (0)[1:swapper/0][mmdvfs]img_freq: add notifier
02-06 06:24:17.459     1     1 I         : (0)[1:swapper/0][mmdvfs]MMDVFS limit is off
02-06 06:24:17.459     1     1 I         : (0)[1:swapper/0][mmdvfs]start get step node of cam_freq
02-06 06:24:17.459     1     1 I         : (0)[1:swapper/0][mmdvfs] node name mm_step0
02-06 06:24:17.459     1     1 I         : (0)[1:swapper/0][mmdvfs]Get module clock: mmdvfs_clk_mm_sel_ck
02-06 06:24:17.459     1     1 I         : (0)[1:swapper/0][mmdvfs]Get module clock: mmdvfs_clk_mmpll_ck
02-06 06:24:17.459     1     1 I (0)[1:swapper/0][mmdvfs]mm_step0: 457MHz, clk:1/0/1
02-06 06:24:17.459     1     1 I         : (0)[1:swapper/0][mmdvfs]read freq steps mm_step0_ext failed (-22)
02-06 06:24:17.459     1     1 I         : (0)[1:swapper/0][mmdvfs] node name mm_step1
02-06 06:24:17.459     1     1 I         : (0)[1:swapper/0][mmdvfs]Get module clock: mmdvfs_clk_mm_sel_ck
02-06 06:24:17.459     1     1 I         : (0)[1:swapper/0][mmdvfs]Get module clock: mmdvfs_clk_univpll1_d2_ck
02-06 06:24:17.459     1     1 I (0)[1:swapper/0][mmdvfs]mm_step1: 312MHz, clk:1/0/2
02-06 06:24:17.459     1     1 I         : (0)[1:swapper/0][mmdvfs]read freq steps mm_step1_ext failed (-22)
02-06 06:24:17.459     1     1 I         : (0)[1:swapper/0][mmdvfs] node name mm_step2
02-06 06:24:17.459     1     1 I         : (0)[1:swapper/0][mmdvfs]Get module clock: mmdvfs_clk_mm_sel_ck
02-06 06:24:17.459     1     1 I         : (0)[1:swapper/0][mmdvfs]Get module clock: mmdvfs_clk_mmpll_d2_ck
02-06 06:24:17.459     1     1 I (0)[1:swapper/0][mmdvfs]mm_step2: 228MHz, clk:1/0/3
02-06 06:24:17.459     1     1 I         : (0)[1:swapper/0][mmdvfs]read freq steps mm_step2_ext failed (-22)
02-06 06:24:17.459     1     1 I (0)[1:swapper/0][mmdvfs]cam_freq: step size:3
02-06 06:24:17.459     1     1 I (0)[1:swapper/0][mmdvfs]cam_freq: add notifier
02-06 06:24:17.459     1     1 I         : (0)[1:swapper/0][mmdvfs]MMDVFS limit is off
02-06 06:24:17.459     1     1 I         : (0)[1:swapper/0][mmdvfs]start get step node of dpe_freq
02-06 06:24:17.459     1     1 I         : (0)[1:swapper/0][mmdvfs]freq setting dpe_freq is not same as vcore_steps (3)
02-06 06:24:17.459     1     1 I (0)[1:swapper/0][mmdvfs]dpe_freq: step size:3
02-06 06:24:17.459     1     1 I (0)[1:swapper/0][mmdvfs]dpe_freq: add notifier
02-06 06:24:17.459     1     1 I         : (0)[1:swapper/0][mmdvfs]MMDVFS limit is off
02-06 06:24:17.459     1     1 I         : (0)[1:swapper/0][mmdvfs]start get step node of ipe_freq
02-06 06:24:17.459     1     1 I         : (0)[1:swapper/0][mmdvfs]freq setting ipe_freq is not same as vcore_steps (3)
02-06 06:24:17.459     1     1 I (0)[1:swapper/0][mmdvfs]ipe_freq: step size:3
02-06 06:24:17.459     1     1 I         : (0)[1:swapper/0][mmdvfs]MMDVFS limit is off
02-06 06:24:17.459     1     1 I         : (0)[1:swapper/0][mmdvfs]start get step node of ccu_freq
02-06 06:24:17.459     1     1 I         : (0)[1:swapper/0][mmdvfs]freq setting ccu_freq is not same as vcore_steps (3)
02-06 06:24:17.459     1     1 I (0)[1:swapper/0][mmdvfs]ccu_freq: step size:3
02-06 06:24:17.459     1     1 I         : (0)[1:swapper/0][mmdvfs]MMDVFS limit is off
02-06 06:24:17.459     7     7 I         : (2)[7:kworker/u16:0][Power/PPM] (0x0)(-1)(0)(0-7)(15)(0)(4)(4) (15)(0)(4)(4)
02-06 06:24:17.459     1     1 I         : (0)[1:swapper/0][mmdvfs]start get step node of img2_freq
02-06 06:24:17.459     1     1 I         : (0)[1:swapper/0][mmdvfs]freq setting img2_freq is not same as vcore_steps (3)
02-06 06:24:17.459     1     1 I (0)[1:swapper/0][mmdvfs]img2_freq: step size:3
02-06 06:24:17.459     1     1 I         : (0)[1:swapper/0][mmdvfs]MMDVFS limit is off
02-06 06:24:17.459     1     1 I         : (0)[1:swapper/0][mmdvfs]larb[0].comm_port=0 channel=0
02-06 06:24:17.459     1     1 I         : (0)[1:swapper/0][mmdvfs]larb[1].comm_port=1 channel=1
02-06 06:24:17.459     1     1 I         : (0)[1:swapper/0][mmdvfs]larb[2].comm_port=2 channel=0
02-06 06:24:17.459     1     1 I         : (0)[1:swapper/0][mmdvfs]larb[3].comm_port=3 channel=1
02-06 06:24:17.459     1     1 I         : (0)[1:swapper/0][mmdvfs]disp step size:3
02-06 06:24:17.459     1     1 I         : (0)[1:swapper/0][mmdvfs] - step[0]: 457
02-06 06:24:17.459     1     1 I         : (0)[1:swapper/0][mmdvfs] - step[1]: 312
02-06 06:24:17.459     1     1 I         : (0)[1:swapper/0][mmdvfs] - step[2]: 228
02-06 06:24:17.459     1     1 W (0)[1:swapper/0]mtk_mmdvfs_pmqos mmdvfs_pmqos: mmdvfs_pmqos supply vcore not found, using dummy regulator
02-06 06:24:17.459     1     1 I (0)[1:swapper/0]mtk_mmdvfs_pmqos mmdvfs_pmqos: Linked as a consumer to regulator.0
02-06 06:24:17.459     1     1 I         : (0)[1:swapper/0][mmdvfs]mmdvfs_pmqos_init
02-06 06:24:17.459     1     1 I (0)[1:swapper/0]mtk_cooler_shutdown: thermal/cooler/shutdown init
02-06 06:24:17.459     1     1 I (0)[1:swapper/0]mtk_cooler_shutdown: thermal/cooler/shutdown register ltf
02-06 06:24:17.460     1     1 I (0)[1:swapper/0]mtk_cooler_backlight: thermal/cooler/backlight init
02-06 06:24:17.460     1     1 I (0)[1:swapper/0]mtk_cooler_backlight: thermal/cooler/backlight register ltf
02-06 06:24:17.460     1     1 I (0)[1:swapper/0]mtk_cooler_kshutdown: thermal/cooler/kshutdown init
02-06 06:24:17.460     1     1 I (0)[1:swapper/0]mtk_cooler_kshutdown: thermal/cooler/kshutdown register ltf
02-06 06:24:17.460     1     1 W         : -(0)[1:swapper/0]Perf order domain is not ready!
02-06 06:24:17.461     1     1 I         : (0)[1:swapper/0][Thermal/TZ/BTS] mtkts_bts_prepare_table table_num=7
02-06 06:24:17.462     1     1 I         : (0)[1:swapper/0][Thermal/TZ/BTSMDPA] mtkts_btsmdpa_prepare_table table_num=7
02-06 06:24:17.462     1     1 I         : (0)[1:swapper/0][Thermal/TZ/CPU]tscpu_init
02-06 06:24:17.462     1     1 I         : (0)[1:swapper/0][Thermal/TZ/CPU]thermal_prob
02-06 06:24:17.463     1     1 I         : (0)[1:swapper/0][calibration] temp0=0xa45e2164, temp1=0x2cb7069, temp2=0xb2596c60
02-06 06:24:17.463     1     1 I         : (0)[1:swapper/0][Thermal/TZ/CPU][cal] g_adc_ge_t      = 657
02-06 06:24:17.463     1     1 I         : (0)[1:swapper/0][Thermal/TZ/CPU][cal] g_adc_oe_t      = 482
02-06 06:24:17.463     1     1 I         : (0)[1:swapper/0][Thermal/TZ/CPU][cal] g_degc_cali     = 52
02-06 06:24:17.463     1     1 I         : (0)[1:swapper/0][Thermal/TZ/CPU][cal] g_adc_cali_en_t = 1
02-06 06:24:17.463     1     1 I         : (0)[1:swapper/0][Thermal/TZ/CPU][cal] g_o_slope       = 0
02-06 06:24:17.463     1     1 I         : (0)[1:swapper/0][Thermal/TZ/CPU][cal] g_o_slope_sign  = 0
02-06 06:24:17.463     1     1 I         : (0)[1:swapper/0][Thermal/TZ/CPU][cal] g_id            = 0
02-06 06:24:17.463     1     1 I         : (0)[1:swapper/0][Thermal/TZ/CPU][cal] g_o_vtsmcu1     = 357
02-06 06:24:17.463     1     1 I         : (0)[1:swapper/0][Thermal/TZ/CPU][cal] g_o_vtsmcu2     = 368
02-06 06:24:17.463     1     1 I         : (0)[1:swapper/0][Thermal/TZ/CPU][cal] g_o_vtsmcu3     = 356
02-06 06:24:17.463     1     1 I         : (0)[1:swapper/0][Thermal/TZ/CPU][cal] g_o_vtsmcu4     = 356
02-06 06:24:17.463     1     1 I         : (0)[1:swapper/0][Thermal/TZ/CPU][cal] g_o_vtsmcu5     = 355
02-06 06:24:17.463     1     1 I         : (0)[1:swapper/0][Thermal/TZ/CPU][cal] g_o_vtsabb      = 357
02-06 06:24:17.463     1     1 I         : (0)[1:swapper/0][Thermal/TZ/CPU][T_De][cal] g_ge         = 354
02-06 06:24:17.463     1     1 I         : (0)[1:swapper/0][Thermal/TZ/CPU][T_De][cal] g_gain       = 10354
02-06 06:24:17.463     1     1 I         : (0)[1:swapper/0][Thermal/TZ/CPU][T_De][cal] g_x_roomt0   = 8811
02-06 06:24:17.463     1     1 I         : (0)[1:swapper/0][Thermal/TZ/CPU][T_De][cal] g_x_roomt1   = 8837
02-06 06:24:17.463     1     1 I         : (0)[1:swapper/0][Thermal/TZ/CPU][T_De][cal] g_x_roomt2   = 8809
02-06 06:24:17.463     1     1 I         : (0)[1:swapper/0][Thermal/TZ/CPU][T_De][cal] g_x_roomt3   = 8809
02-06 06:24:17.463     1     1 I         : (0)[1:swapper/0][Thermal/TZ/CPU][T_De][cal] g_x_roomt4   = 8806
02-06 06:24:17.464     1     1 I (0)[1:swapper/0][Thermal/TZ/PMIC] [mtktspmic_init: 768]
02-06 06:24:17.465     1     1 I (0)[1:swapper/0][W]mtk_wcn_cmb_stub_query_ctrl: Thermal query not registered
02-06 06:24:17.465     1     1 I         : (0)[1:swapper/0][Thermal/TZ/IMGS][mtk_imgs_init]
02-06 06:24:17.468     1     1 I         : (0)[1:swapper/0][Thermal/TZ/CPU]tscpu_bind binding OK, 3
02-06 06:24:17.468     1     1 I         : (0)[1:swapper/0][Thermal/TZ/CPU]tscpu_bind binding OK, 1
02-06 06:24:17.469     1     1 I         : (0)[1:swapper/0][Thermal/TZ/CPU]tscpu_bind binding OK, 2
02-06 06:24:17.470     1     1 I         : (0)[1:swapper/0][Thermal/TZ/CPU]tscpu_bind binding OK, 0
02-06 06:24:17.471     1     1 I         : (0)[1:swapper/0][ISP][ISP_Init] - E.
02-06 06:24:17.472     1     1 I         : (0)[1:swapper/0][ISP][ISP_probe] - E. ISP driver probe.
02-06 06:24:17.472     1     1 I         : (0)[1:swapper/0][ISP][ISP_probe] nr_isp_devs=1, devnode(imgsys), map_addr=0xffffff80093cd000
02-06 06:24:17.472     1     1 I         : (0)[1:swapper/0][ISP][ISP_probe] No IRQ!!: nr_isp_devs=1, devnode(imgsys), irq=0
02-06 06:24:17.472     1     1 I         : (0)[1:swapper/0][ISP][ISP_RegCharDev] - E.
02-06 06:24:17.472     1     1 I         : (0)[1:swapper/0][ISP][ISP_RegCharDev] - X.
02-06 06:24:17.472     1     1 I         : (0)[1:swapper/0][ISP][ISP_probe] CONFIG_MTK_CLKMGR get clock pointer
02-06 06:24:17.472     1     1 I         : (0)[1:swapper/0][ISP][ISP_probe] - X. ISP driver probe.
02-06 06:24:17.472     1     1 I         : (0)[1:swapper/0][ISP][ISP_probe] - E. ISP driver probe.
02-06 06:24:17.472     1     1 I         : (0)[1:swapper/0][ISP][ISP_probe] nr_isp_devs=2, devnode(dip1), map_addr=0xffffff8009d14000
02-06 06:24:17.472     1     1 I         : (0)[1:swapper/0][ISP][ISP_probe] No corresponding ISR!!: nr_isp_devs=2, devnode(dip1), irq=90
02-06 06:24:17.473     1     1 I         : (0)[1:swapper/0][ISP][ISP_probe] - X. ISP driver probe.
02-06 06:24:17.473     1     1 I         : (0)[1:swapper/0][ISP][ISP_probe] - E. ISP driver probe.
02-06 06:24:17.473     1     1 I         : (0)[1:swapper/0][ISP][ISP_probe] nr_isp_devs=3, devnode(camsysisp), map_addr=0xffffff80093d5000
02-06 06:24:17.473     1     1 I         : (0)[1:swapper/0][ISP][ISP_probe] No IRQ!!: nr_isp_devs=3, devnode(camsysisp), irq=0
02-06 06:24:17.473     1     1 I         : (0)[1:swapper/0][ISP][ISP_probe] - X. ISP driver probe.
02-06 06:24:17.473     1     1 I         : (0)[1:swapper/0][ISP][ISP_probe] - E. ISP driver probe.
02-06 06:24:17.473     1     1 I         : (0)[1:swapper/0][ISP][ISP_probe] nr_isp_devs=4, devnode(cam1), map_addr=0xffffff80093dd000
02-06 06:24:17.473     1     1 I         : (0)[1:swapper/0][ISP][ISP_probe] No corresponding ISR!!: nr_isp_devs=4, devnode(cam1), irq=113
02-06 06:24:17.473     1     1 I         : (0)[1:swapper/0][ISP][ISP_probe] - X. ISP driver probe.
02-06 06:24:17.473     1     1 I         : (0)[1:swapper/0][ISP][ISP_probe] - E. ISP driver probe.
02-06 06:24:17.473     1     1 I         : (0)[1:swapper/0][ISP][ISP_probe] nr_isp_devs=5, devnode(cam2), map_addr=0xffffff80093e5000
02-06 06:24:17.473     1     1 I         : (0)[1:swapper/0][ISP][ISP_probe] nr_isp_devs=5, devnode(cam2), irq=114, ISR: cam2
02-06 06:24:17.473     1     1 I         : (0)[1:swapper/0][ISP][ISP_probe] - X. ISP driver probe.
02-06 06:24:17.473     1     1 I         : (0)[1:swapper/0][ISP][ISP_probe] - E. ISP driver probe.
02-06 06:24:17.473     1     1 I         : (0)[1:swapper/0][ISP][ISP_probe] nr_isp_devs=6, devnode(cam3), map_addr=0xffffff80093ed000
02-06 06:24:17.473     1     1 I         : (0)[1:swapper/0][ISP][ISP_probe] nr_isp_devs=6, devnode(cam3), irq=115, ISR: cam3
02-06 06:24:17.473     1     1 I         : (0)[1:swapper/0][ISP][ISP_probe] - X. ISP driver probe.
02-06 06:24:17.473     1     1 I         : (0)[1:swapper/0][ISP][ISP_probe] - E. ISP driver probe.
02-06 06:24:17.473     1     1 I         : (0)[1:swapper/0][ISP][ISP_probe] nr_isp_devs=7, devnode(camsv1), map_addr=0xffffff80093f5000
02-06 06:24:17.473     1     1 I         : (0)[1:swapper/0][ISP][ISP_probe] nr_isp_devs=7, devnode(camsv1), irq=116, ISR: camsv1
02-06 06:24:17.473     1     1 I         : (0)[1:swapper/0][ISP][ISP_probe] - X. ISP driver probe.
02-06 06:24:17.473     1     1 I         : (0)[1:swapper/0][ISP][ISP_probe] - E. ISP driver probe.
02-06 06:24:17.473     1     1 I         : (0)[1:swapper/0][ISP][ISP_probe] nr_isp_devs=8, devnode(camsv2), map_addr=0xffffff80093fd000
02-06 06:24:17.473     1     1 I         : (0)[1:swapper/0][ISP][ISP_probe] nr_isp_devs=8, devnode(camsv2), irq=117, ISR: camsv2
02-06 06:24:17.473     1     1 I         : (0)[1:swapper/0][ISP][ISP_probe] - X. ISP driver probe.
02-06 06:24:17.473     1     1 I         : (0)[1:swapper/0][ISP][ISP_probe] - E. ISP driver probe.
02-06 06:24:17.473     1     1 I         : (0)[1:swapper/0][ISP][ISP_probe] nr_isp_devs=9, devnode(camsv3), map_addr=0xffffff8009d11000
02-06 06:24:17.473     1     1 I         : (0)[1:swapper/0][ISP][ISP_probe] nr_isp_devs=9, devnode(camsv3), irq=118, ISR: camsv3
02-06 06:24:17.473     1     1 I         : (0)[1:swapper/0][ISP][ISP_probe] - X. ISP driver probe.
02-06 06:24:17.473     1     1 I         : (0)[1:swapper/0][ISP][ISP_probe] - E. ISP driver probe.
02-06 06:24:17.473     1     1 I         : (0)[1:swapper/0][ISP][ISP_probe] nr_isp_devs=10, devnode(camsv4), map_addr=0xffffff8009d1d000
02-06 06:24:17.473     1     1 I         : (0)[1:swapper/0][ISP][ISP_probe] nr_isp_devs=10, devnode(camsv4), irq=119, ISR: camsv4
02-06 06:24:17.473     1     1 I         : (0)[1:swapper/0][ISP][ISP_probe] - X. ISP driver probe.
02-06 06:24:17.474     1     1 I         : (0)[1:swapper/0][ISP][ISP_Init] Finding SMI_LARB compatible: mediatek,smi_larb0
02-06 06:24:17.474     1     1 I (0)[1:swapper/0][ISP][ISP_Init] SMI_LARB0_BASE: 00000000bff0c1b4
02-06 06:24:17.474     1     1 I         : (0)[1:swapper/0][ISP][ISP_Init] Finding SMI_LARB compatible: mediatek,smi_larb1
02-06 06:24:17.474     1     1 I (0)[1:swapper/0][ISP][ISP_Init] SMI_LARB1_BASE: 00000000bb10d29d
02-06 06:24:17.474     1     1 I         : (0)[1:swapper/0][ISP][ISP_Init] Finding SMI_LARB compatible: mediatek,smi_larb2
02-06 06:24:17.475     1     1 I (0)[1:swapper/0][ISP][ISP_Init] SMI_LARB2_BASE: 000000005d1ae739
02-06 06:24:17.475     1     1 I         : (0)[1:swapper/0][ISP][ISP_Init] Finding SMI_LARB compatible: mediatek,smi_larb3
02-06 06:24:17.475     1     1 I (0)[1:swapper/0][ISP][ISP_Init] SMI_LARB3_BASE: 00000000f93376a1
02-06 06:24:17.475     1     1 I         : (0)[1:swapper/0][ISP][ISP_Init] Finding SMI_LARB compatible: mediatek,smi_larb4
02-06 06:24:17.475     1     1 E         : (0)[1:swapper/0][ISP][ISP_Init] find mediatek,smi_larb4 node failed!!!
02-06 06:24:17.475     1     1 I         : (0)[1:swapper/0][ISP][ISP_Init] Finding SMI_LARB compatible: mediatek,smi_larb5
02-06 06:24:17.475     1     1 E         : (0)[1:swapper/0][ISP][ISP_Init] find mediatek,smi_larb5 node failed!!!
02-06 06:24:17.475     1     1 I         : (0)[1:swapper/0][ISP][ISP_Init] Finding SMI_LARB compatible: mediatek,smi_larb6
02-06 06:24:17.475     1     1 E         : (0)[1:swapper/0][ISP][ISP_Init] find mediatek,smi_larb6 node failed!!!
02-06 06:24:17.475     1     1 I         : (0)[1:swapper/0][ISP][ISP_Init] Finding SMI_LARB compatible: mediatek,smi_larb7
02-06 06:24:17.476     1     1 E         : (0)[1:swapper/0][ISP][ISP_Init] find mediatek,smi_larb7 node failed!!!
02-06 06:24:17.476     1     1 I (0)[1:swapper/0][ISP][ISP_Init] ISP_SENINF0_BASE: 0000000010485dd0
02-06 06:24:17.476     1     1 I (0)[1:swapper/0][ISP][ISP_Init] ISP_SENINF1_BASE: 00000000c9128e6e
02-06 06:24:17.476     1     1 I (0)[1:swapper/0][ISP][ISP_Init] ISP_SENINF2_BASE: 000000004f246381
02-06 06:24:17.476     1     1 I (0)[1:swapper/0][ISP][ISP_Init] ISP_SENINF3_BASE: 000000007e29a71a
02-06 06:24:17.476     1     1 I (0)[1:swapper/0][ISP][ISP_Init] CLOCK_CELL_BASE: 00000000e1883901
02-06 06:24:17.476     1     1 I (0)[1:swapper/0][ISP][ISP_Init] ISP_MMSYS_CONFIG_BASE: 0000000016592e76
02-06 06:24:17.477     1     1 I         : (0)[1:swapper/0][ISP][ISP_Init] register isp callback for MDP
02-06 06:24:17.477     1     1 I         : (0)[1:swapper/0][ISP][ISP_Init] register isp callback for GCE
02-06 06:24:17.477     1     1 I         : (0)[1:swapper/0][ISP][ISP_Init] init m_LastMNum
02-06 06:24:17.477     0     0 I         : -(6)[0:swapper/6][ISP][ISP_Init] - X. Ret: 0.
02-06 06:24:17.477     0     0 W         : -(6)[0:swapper/6]Perf order domain is not ready!
02-06 06:24:17.477     1     1 I         : (0)[1:swapper/0][DPE]- E. DPE driver probe.
02-06 06:24:17.477     1     1 I         : (0)[1:swapper/0][DPE]nr_DPE_devs=1, devnode(dpe), map_addr=0xffffff8009d33000
02-06 06:24:17.477     1     1 I (0)[1:swapper/0][DPE]nr_DPE_devs=1,devnode(dpe),irq=91, ISR: dpe
02-06 06:24:17.477     1     1 I         : (0)[1:swapper/0][DPE]- X. DPE driver probe.
02-06 06:24:17.478     1     1 I         : (0)[1:swapper/0]FDVT [FDVT_probe] FDVT PROBE!!!
02-06 06:24:17.478     1     1 I         : (0)[1:swapper/0]FDVT [FDVT_probe] DT, i=0, map_addr=0xffffff8009d35000
02-06 06:24:17.478     1     1 I         : (0)[1:swapper/0]FDVT [FDVT_probe] DT, i=0, map_irq=109
02-06 06:24:17.485     1     1 I         : (0)[1:swapper/0][register_low_battery_notify] prio_val=5
02-06 06:24:17.485     1     1 I         : (0)[1:swapper/0][register_battery_percent_notify] prio_val=5
02-06 06:24:17.485     1     1 I         : (0)[1:swapper/0][register_battery_oc_notify] prio_val=5
02-06 06:24:17.486     1     1 I         : (0)[1:swapper/0]USB_BOOST, <create_sys_fs(), 535>
02-06 06:24:17.486     1     1 I         : (0)[1:swapper/0]USB_BOOST, <usb_boost_set_para_and_arg(), 139> para_range:<4>
02-06 06:24:17.486     1     1 I         : (0)[1:swapper/0]USB_BOOST, <usb_boost_set_para_and_arg(), 139> para_range:<4>
02-06 06:24:17.486     1     1 I         : (0)[1:swapper/0]USB_BOOST, <usb_boost_set_para_and_arg(), 139> para_range:<4>
02-06 06:24:17.486     1     1 I         : (0)[1:swapper/0]USB_BOOST, <usb_boost_set_para_and_arg(), 139> para_range:<4>
02-06 06:24:17.486     1     1 I         : (0)[1:swapper/0]USB_BOOST, <usb_boost_set_para_and_arg(), 139> para_range:<4>
02-06 06:24:17.486     1     1 I         : (0)[1:swapper/0]USB_BOOST, <usb_boost_set_para_and_arg(), 139> para_range:<4>
02-06 06:24:17.487     1     1 I (0)[1:swapper/0]musb-hdrc: version 6.0, ?dma?, otg (peripheral+host)
02-06 06:24:17.487     1     1 E (0)[1:swapper/0]Error: Driver 'musb-hdrc' is already registered, aborting...
02-06 06:24:17.487     1     1 W (0)[1:swapper/0]usb_phy_generic usb_phy_generic.0.auto: usb_phy_generic.0.auto supply vcc not found, using dummy regulator
02-06 06:24:17.487     1     1 I (0)[1:swapper/0]usb_phy_generic usb_phy_generic.0.auto: Linked as a consumer to regulator.0
02-06 06:24:17.487     1     1 I (0)[1:swapper/0][MUSB]mt_usb_probe 2132: keep musb->power & mtk_usb_power in the same value
02-06 06:24:17.487     1     1 I (0)[1:swapper/0][MUSB]mt_usb_probe 2181: get dr_mode: 3
02-06 06:24:17.487     1     1 I (0)[1:swapper/0]musb-hdrc: version 6.0, ?dma?, otg (peripheral+host)
02-06 06:24:17.487     1     1 I         : (0)[1:swapper/0]musb_probe mac=0xffffff8009df0000, phy=0xffffff8009e10000, irq=81
02-06 06:24:17.487     1     1 I -(0)[1:swapper/0][MUSB]usb_6765_dpidle_request 143: USB_DPIDLE_FORBIDDEN, skip_cnt<0>
02-06 06:24:17.488     1     1 I -(0)[1:swapper/0][MUSB]usb_6765_dpidle_request 136: USB_DPIDLE_ALLOWED, skip_cnt<0>
02-06 06:24:17.488     1     1 I (0)[1:swapper/0]phy phy-usb-phy.0: phy_efuse_set, intr_cal=0x14
02-06 06:24:17.488     1     1 I (0)[1:swapper/0]phy phy-usb-phy.0: u2_phy_props_set, bc12:0, src:0, vrt:0, term:0, rev6:0, dis:0
02-06 06:24:17.488     1     1 I (0)[1:swapper/0]mtk-tphy usb-phy: u2_phy_instance_power_on(0)
02-06 06:24:17.489     1     1 I (0)[1:swapper/0]phy phy-usb-phy.0: u2_phy_props_set, bc12:0, src:0, vrt:0, term:0, rev6:0, dis:0
02-06 06:24:17.489     1     1 W (0)[1:swapper/0]musb-hdrc musb-hdrc: musb-hdrc supply vusb not found, using dummy regulator
02-06 06:24:17.489     1     1 I (0)[1:swapper/0]musb-hdrc musb-hdrc: Linked as a consumer to regulator.0
02-06 06:24:17.489     1     1 W (0)[1:swapper/0]musb-hdrc musb-hdrc: musb-hdrc supply va12 not found, using dummy regulator
02-06 06:24:17.489     1     1 I (0)[1:swapper/0][MUSB]mt_usb_otg_init 612: host controlled by TYPEC
02-06 06:24:17.489     1     1 I (0)[1:swapper/0][MUSB]mt_usb_otg_init 615: host controlled by IDDIG
02-06 06:24:17.489     1     1 I (0)[1:swapper/0][MUSB]otg_iddig_probe 565: iddig_eint_num<0>
02-06 06:24:17.489     1     1 I (0)[1:swapper/0][MUSB]otg_iddig_probe 574: request EINT <0> fail, ret<-22>
02-06 06:24:17.489     1     1 W (0)[1:swapper/0]otg_iddig: probe of otg_iddig failed with error -22
02-06 06:24:17.490     1     1 I (0)[1:swapper/0][MUSB]mt_usb_enable 734: begin <0,0>,<1,0,0,0>
02-06 06:24:17.494     0     0 W         : -(4)[0:swapper/4]Perf order domain is not ready!
02-06 06:24:17.500     1     1 I (0)[1:swapper/0][MUSB]mt_usb_enable 766: end, <1,0,1,0>
02-06 06:24:17.500     1     1 I (0)[1:swapper/0]sizeof(struct TGPD): 16
02-06 06:24:17.500     1     1 I (0)[1:swapper/0]musb-hdrc musb-hdrc: MUSB HDRC host driver
02-06 06:24:17.500     1     1 I (0)[1:swapper/0]musb-hdrc musb-hdrc: new USB bus registered, assigned bus number 1
02-06 06:24:17.501     1     1 I (0)[1:swapper/0]hub 1-0: 1.0: USB hub found
02-06 06:24:17.501     1     1 I (0)[1:swapper/0]hub 1-0: 1.0: 1 port detected
02-06 06:24:17.501     1     1 I -(0)[1:swapper/0][MUSB]musb_hub_control 392: try to call musb_start in virthub
