02-06 06:24:17.724    53    53 I (0)[53:kworker/0:1][fg_sw_bat_cycle_accu]car[o:0 n:-2],diff_car: -2,ncar[o:0 n:2 hw:0] thr 0
02-06 06:24:17.724    53    53 I (0)[53:kworker/0:1]reset_set car: -2
02-06 06:24:17.724    53    53 I (0)[53:kworker/0:1]disable_gauge_irq irq_no: 0:328 depth:0
02-06 06:24:17.724    53    53 I (0)[53:kworker/0:1]disable_gauge_irq irq_no: 1:329 depth:0
02-06 06:24:17.724    53    53 I         : (0)[53:kworker/0:1]gauge_coulomb_before_reset car=-2
02-06 06:24:17.724    53    53 I         : (0)[53:kworker/0:1][fgauge_hw_reset]
02-06 06:24:17.724    53    53 I         : (0)[53:kworker/0:1][fgauge_hw_reset] reset fgadc car ret =0
02-06 06:24:17.725    53    53 I         : (0)[53:kworker/0:1]gauge_coulomb_after_reset
02-06 06:24:17.726    53    53 I (0)[53:kworker/0:1]disable_gauge_irq irq_no: 0:328 depth:1
02-06 06:24:17.727     0     0 W         : -(7)[0:swapper/7]Perf order domain is not ready!
02-06 06:24:17.727    53    53 I (0)[53:kworker/0:1]enable_gauge_irq irq_no: 0:328 depth:1
02-06 06:24:17.727    53    53 I (0)[53:kworker/0:1]disable_gauge_irq irq_no: 1:329 depth:1
02-06 06:24:17.728    53    53 I (0)[53:kworker/0:1]enable_gauge_irq irq_no: 1:329 depth:1
02-06 06:24:17.729    53    53 I         : (0)[53:kworker/0:1][fgr_dod_init]fg_c_d0[9901 44219 99] d0_sel[0] c_soc[99 9901] ui[10000 10000] soc[9901] con0[ui 100 99]
02-06 06:24:17.729    53    53 I (0)[53:kworker/0:1]disable_gauge_irq irq_no: 0:328 depth:0
02-06 06:24:17.730    53    53 I (0)[53:kworker/0:1]enable_gauge_irq irq_no: 0:328 depth:1
02-06 06:24:17.731    53    53 I (0)[53:kworker/0:1]disable_gauge_irq irq_no: 1:329 depth:0
02-06 06:24:17.732    53    53 I (0)[53:kworker/0:1]enable_gauge_irq irq_no: 1:329 depth:1
02-06 06:24:17.732    53    53 I (0)[53:kworker/0:1]disable_gauge_irq irq_no: 0:328 depth:0
02-06 06:24:17.733    53    53 I (0)[53:kworker/0:1]enable_gauge_irq irq_no: 0:328 depth:1
02-06 06:24:17.734    53    53 I (0)[53:kworker/0:1]disable_gauge_irq irq_no: 1:329 depth:0
02-06 06:24:17.735    53    53 I (0)[53:kworker/0:1]enable_gauge_irq irq_no: 1:329 depth:1
02-06 06:24:17.743     0     0 W         : -(7)[0:swapper/7]Perf order domain is not ready!
02-06 06:24:17.760     0     0 W         : -(7)[0:swapper/7]Perf order domain is not ready!
02-06 06:24:17.762    53    53 I (0)[53:kworker/0:1][battery_recovery] is_evb: 0 is_bat_exist 1
02-06 06:24:17.763    53    53 I (0)[53:kworker/0:1][battery_init]: kernel mode DONE
02-06 06:24:17.763    53    53 I (0)[53:kworker/0:1]mt6357_gauge_probe: done
02-06 06:24:17.763    53    53 I (0)[53:kworker/0:1]BOOTPROF: 1596.657234:probe: probe=platform_drv_probe drv=mt6357_gauge(mt6357_gauge_driver)   103.276692ms
02-06 06:24:17.763    53    53 I (0)[53:kworker/0:1]mt6357_charger_type_probe: starts
02-06 06:24:17.763    53    53 I (0)[53:kworker/0:1]check_boot_mode: failed to get boot mode phandle
02-06 06:24:17.763    53    53 I         : (0)[53:kworker/0:1]mt6357_charger_type_probe register psy success
02-06 06:24:17.763    53    53 I (0)[53:kworker/0:1]mt6357_charger_type_probe: bc12_active:0
02-06 06:24:17.763    53    53 I (0)[53:kworker/0:1]mt6357_charger_type_probe: done
02-06 06:24:17.764    53    53 I (0)[53:kworker/0:1][GPU/PVR][INFO]@pvr_probe: pvrsrvkm driver probe
02-06 06:24:17.764    53    53 I -(0)[53:kworker/0:1]PVR_K: 53: irq_res = 0x56
02-06 06:24:17.764    53    53 I -(0)[53:kworker/0:1]PVR_K: 53: reg_res = 0x13000000, 0x80000
02-06 06:24:17.765   211   211 I (0)[211:pbm][Power/PPM] @ppm_main_freq_to_idx: DVFS table of cluster 0 is not exist!
02-06 06:24:17.765   211   211 I (0)[211:pbm][Power/PPM] @ppm_main_freq_to_idx: DVFS table of cluster 1 is not exist!
02-06 06:24:17.765   211   211 I (0)[211:pbm][Power/PPM] @ppm_main_freq_to_idx: DVFS table of cluster 0 is not exist!
02-06 06:24:17.765   211   211 I (0)[211:pbm][Power/PPM] @ppm_main_freq_to_idx: DVFS table of cluster 1 is not exist!
02-06 06:24:17.765    53    53 I -(0)[53:kworker/0:1]PVR_K: 53: Read BVNC 22.87.104.18 from HW device registers
02-06 06:24:17.765   211   211 I (0)[211:pbm][Power/PPM] @ppm_main_freq_to_idx: DVFS table of cluster 0 is not exist!
02-06 06:24:17.765   211   211 I (0)[211:pbm][Power/PPM] @ppm_main_freq_to_idx: DVFS table of cluster 1 is not exist!
02-06 06:24:17.765    53    53 I -(0)[53:kworker/0:1]PVR_K: 53: RGX Device registered with BVNC 22.87.104.18
02-06 06:24:17.765    53    53 I         : (0)[53:kworker/0:1][drm] Initialized pvr 1.13.5776728 20170530 for 13000000.mfg_doma on minor 0
02-06 06:24:17.766     1     1 I (0)[1:swapper/0]BOOTPROF: 1600.021926:initcall: deferred_probe_initcall   131.462770ms
02-06 06:24:17.766     1     1 W (0)[1:swapper/0][name:spm&][SPM] PWAKE_EN: 1, PCMWDT_EN:1, BYPASS_SYSPWREQ:1
02-06 06:24:17.766     1     1 I (0)[1:swapper/0][SLP] SLEEP_DPIDLE_EN: 1, REPLACE_DEF_WAKESRC:0
02-06 06:24:17.766     1     1 I (0)[1:swapper/0], SUSPEND_LOG_EN: 1
02-06 06:24:17.767     1     1 I         : (0)[1:swapper/0][SPM] spm_base = 00000000460943bb, sleep_reg_md_base = 00000000646a4667, spm_irq_0 = 16
02-06 06:24:17.767     1     1 I         : (0)[1:swapper/0][SPM] edge trigger irqs:
02-06 06:24:17.767     1     1 I         : (0)[1:swapper/0][SPM] 'mediatek,mt6765-infracfg', irq=14, type=1
02-06 06:24:17.767     1     1 I         : (0)[1:swapper/0][SPM] 'mediatek,kp', irq=24, type=2
02-06 06:24:17.767     1     1 I         : (0)[1:swapper/0][SPM] 'mediatek,mddriver', irq=38, type=2
02-06 06:24:17.767     1     1 I         : (0)[1:swapper/0][SPM] 'mediatek,disp_rdma0', irq=100, type=8
02-06 06:24:17.768     1     1 I         : (0)[1:swapper/0]#@# spm_dram_type_check(41) __spmfw_idx 0x2, ddr=[1][1866]
02-06 06:24:17.770     1     1 I         : (0)[1:swapper/0][Power/cpufreq] cluster_id = 0, cluster_cpuid = 0
02-06 06:24:17.770     1     1 I         : (0)[1:swapper/0][Power/cpufreq] cluster_id = 1, cluster_cpuid = 4
02-06 06:24:17.771     1     1 I         : (0)[1:swapper/0][Power/cpufreq] 4,0,1,0,833,833,833,833
02-06 06:24:17.771     1     1 I (0)[1:swapper/0]mt-cpufreq mt-cpufreq: Linked as a consumer to regulator.4
02-06 06:24:17.771     1     1 I (0)[1:swapper/0]mt-cpufreq mt-cpufreq: Linked as a consumer to regulator.20
02-06 06:24:17.771     1     1 I         : (0)[1:swapper/0][Power/cpufreq] 4,0,1,0,833,833,833,833
02-06 06:24:17.773     1     1 I         : (0)[1:swapper/0][Power/cpufreq] 4,0,1,0,833,833,833,833
02-06 06:24:17.773     1     1 I         : (0)[1:swapper/0][Power/cpufreq] Voltage in mV=600, Frequency in KHz =900000, Power=89
02-06 06:24:17.773     1     1 I         : (0)[1:swapper/0][Power/cpufreq] 4,0,1,0,833,833,833,833
02-06 06:24:17.773     1     1 I         : (0)[1:swapper/0][Power/cpufreq] Voltage in mV=618, Frequency in KHz =979000, Power=102
02-06 06:24:17.773     1     1 I         : (0)[1:swapper/0][Power/cpufreq] 4,0,1,0,833,833,833,833
02-06 06:24:17.773     1     1 I         : (0)[1:swapper/0][Power/cpufreq] Voltage in mV=643, Frequency in KHz =1085000, Power=123
02-06 06:24:17.773     1     1 I         : (0)[1:swapper/0][Power/cpufreq] 4,0,1,0,833,833,833,833
02-06 06:24:17.773     1     1 I         : (0)[1:swapper/0][Power/cpufreq] Voltage in mV=675, Frequency in KHz =1218000, Power=152
02-06 06:24:17.773     1     1 I         : (0)[1:swapper/0][Power/cpufreq] 4,0,1,0,833,833,833,833
02-06 06:24:17.773     1     1 I         : (0)[1:swapper/0][Power/cpufreq] Voltage in mV=706, Frequency in KHz =1351000, Power=185
02-06 06:24:17.773     1     1 I         : (0)[1:swapper/0][Power/cpufreq] 4,0,1,0,833,833,833,833
02-06 06:24:17.773     1     1 I         : (0)[1:swapper/0][Power/cpufreq] Voltage in mV=737, Frequency in KHz =1484000, Power=221
02-06 06:24:17.773     1     1 I         : (0)[1:swapper/0][Power/cpufreq] 4,0,1,0,833,833,833,833
02-06 06:24:17.773     1     1 I         : (0)[1:swapper/0][Power/cpufreq] Voltage in mV=768, Frequency in KHz =1617000, Power=262
02-06 06:24:17.773     1     1 I         : (0)[1:swapper/0][Power/cpufreq] 4,0,1,0,833,833,833,833
02-06 06:24:17.773     1     1 I         : (0)[1:swapper/0][Power/cpufreq] Voltage in mV=800, Frequency in KHz =1750000, Power=308
02-06 06:24:17.773     1     1 I         : (0)[1:swapper/0][Power/cpufreq] 4,0,1,0,833,833,833,833
02-06 06:24:17.773     1     1 I         : (0)[1:swapper/0][Power/cpufreq] Voltage in mV=837, Frequency in KHz =1779000, Power=342
02-06 06:24:17.774     1     1 I         : (0)[1:swapper/0][Power/cpufreq] 4,0,1,0,833,833,833,833
02-06 06:24:17.774     1     1 I         : (0)[1:swapper/0][Power/cpufreq] Voltage in mV=875, Frequency in KHz =1809000, Power=380
02-06 06:24:17.774     1     1 I         : (0)[1:swapper/0][Power/cpufreq] 4,0,1,0,833,833,833,833
02-06 06:24:17.774     1     1 I         : (0)[1:swapper/0][Power/cpufreq] Voltage in mV=912, Frequency in KHz =1838000, Power=420
02-06 06:24:17.774     1     1 I         : (0)[1:swapper/0][Power/cpufreq] 4,0,1,0,833,833,833,833
02-06 06:24:17.774     1     1 I         : (0)[1:swapper/0][Power/cpufreq] Voltage in mV=950, Frequency in KHz =1868000, Power=463
02-06 06:24:17.774     1     1 I         : (0)[1:swapper/0][Power/cpufreq] 4,0,1,0,833,833,833,833
02-06 06:24:17.774     1     1 I         : (0)[1:swapper/0][Power/cpufreq] Voltage in mV=987, Frequency in KHz =1897000, Power=508
02-06 06:24:17.774     1     1 I         : (0)[1:swapper/0][Power/cpufreq] 4,0,1,0,833,833,833,833
02-06 06:24:17.774     1     1 I         : (0)[1:swapper/0][Power/cpufreq] Voltage in mV=1025, Frequency in KHz =1927000, Power=556
02-06 06:24:17.774   266   266 I (4)[266:kworker/4:1]mt6370_pmu_charger mt6370_pmu_charger: mt6370_pmu_chg_get_online: online = 0
02-06 06:24:17.774     1     1 I         : (0)[1:swapper/0][Power/cpufreq] 4,0,1,0,833,833,833,833
02-06 06:24:17.774     1     1 I         : (0)[1:swapper/0][Power/cpufreq] Voltage in mV=1068, Frequency in KHz =1961000, Power=615
02-06 06:24:17.774   266   266 I (4)[266:kworker/4:1]mt6370_pmu_charger mt6370_pmu_charger: mt6370_pmu_chg_get_online: online = 0
02-06 06:24:17.774     1     1 I         : (0)[1:swapper/0][Power/cpufreq] 4,0,1,0,833,833,833,833
02-06 06:24:17.774     1     1 I         : (0)[1:swapper/0][Power/cpufreq] Voltage in mV=1118, Frequency in KHz =2001000, Power=687
02-06 06:24:17.774     1     1 I         : (0)[1:swapper/0][Power/cpufreq] energy model register result 0
02-06 06:24:17.774     1     1 I         : (0)[1:swapper/0][Power/cpufreq] 4,0,1,0,833,833,833,833
02-06 06:24:17.775     1     1 I         : (0)[1:swapper/0][Power/cpufreq] 4,0,1,0,833,833,833,833
02-06 06:24:17.776     1     1 I         : (0)[1:swapper/0][Power/cpufreq] Voltage in mV=600, Frequency in KHz =400000, Power=12
02-06 06:24:17.776     1     1 I         : (0)[1:swapper/0][Power/cpufreq] 4,0,1,0,833,833,833,833
02-06 06:24:17.776     1     1 I         : (0)[1:swapper/0][Power/cpufreq] Voltage in mV=631, Frequency in KHz =501000, Power=16
02-06 06:24:17.776     1     1 I         : (0)[1:swapper/0][Power/cpufreq] 4,0,1,0,833,833,833,833
02-06 06:24:17.776     1     1 I         : (0)[1:swapper/0][Power/cpufreq] Voltage in mV=643, Frequency in KHz =542000, Power=19
02-06 06:24:17.776     1     1 I         : (0)[1:swapper/0][Power/cpufreq] 4,0,1,0,833,833,833,833
02-06 06:24:17.776     1     1 I         : (0)[1:swapper/0][Power/cpufreq] Voltage in mV=675, Frequency in KHz =643000, Power=24
02-06 06:24:17.776     1     1 I         : (0)[1:swapper/0][Power/cpufreq] 4,0,1,0,833,833,833,833
02-06 06:24:17.776     1     1 I         : (0)[1:swapper/0][Power/cpufreq] Voltage in mV=706, Frequency in KHz =745000, Power=31
02-06 06:24:17.776     1     1 I         : (0)[1:swapper/0][Power/cpufreq] 4,0,1,0,833,833,833,833
02-06 06:24:17.776     1     1 I         : (0)[1:swapper/0][Power/cpufreq] Voltage in mV=737, Frequency in KHz =846000, Power=39
02-06 06:24:17.776     1     1 I         : (0)[1:swapper/0][Power/cpufreq] 4,0,1,0,833,833,833,833
02-06 06:24:17.776     1     1 I         : (0)[1:swapper/0][Power/cpufreq] Voltage in mV=768, Frequency in KHz =948000, Power=47
02-06 06:24:17.776     1     1 I         : (0)[1:swapper/0][Power/cpufreq] 4,0,1,0,833,833,833,833
02-06 06:24:17.776     1     1 I         : (0)[1:swapper/0][Power/cpufreq] Voltage in mV=800, Frequency in KHz =1050000, Power=57
02-06 06:24:17.776     1     1 I         : (0)[1:swapper/0][Power/cpufreq] 4,0,1,0,833,833,833,833
02-06 06:24:17.776     1     1 I         : (0)[1:swapper/0][Power/cpufreq] Voltage in mV=837, Frequency in KHz =1102000, Power=65
02-06 06:24:17.776     1     1 I         : (0)[1:swapper/0][Power/cpufreq] 4,0,1,0,833,833,833,833
02-06 06:24:17.776     1     1 I         : (0)[1:swapper/0][Power/cpufreq] Voltage in mV=875, Frequency in KHz =1155000, Power=75
02-06 06:24:17.776     1     1 I         : (0)[1:swapper/0][Power/cpufreq] 4,0,1,0,833,833,833,833
02-06 06:24:17.776     1     1 I         : (0)[1:swapper/0][Power/cpufreq] Voltage in mV=912, Frequency in KHz =1208000, Power=85
02-06 06:24:17.777     1     1 I         : (0)[1:swapper/0][Power/cpufreq] 4,0,1,0,833,833,833,833
02-06 06:24:17.777     1     1 I         : (0)[1:swapper/0][Power/cpufreq] Voltage in mV=950, Frequency in KHz =1261000, Power=96
02-06 06:24:17.777     0     0 W         : -(5)[0:swapper/5]Perf order domain is not ready!
02-06 06:24:17.777     1     1 I         : (0)[1:swapper/0][Power/cpufreq] 4,0,1,0,833,833,833,833
02-06 06:24:17.777     1     1 I         : (0)[1:swapper/0][Power/cpufreq] Voltage in mV=987, Frequency in KHz =1314000, Power=108
02-06 06:24:17.777     1     1 I         : (0)[1:swapper/0][Power/cpufreq] 4,0,1,0,833,833,833,833
02-06 06:24:17.777     1     1 I         : (0)[1:swapper/0][Power/cpufreq] Voltage in mV=1025, Frequency in KHz =1367000, Power=122
02-06 06:24:17.777     1     1 I         : (0)[1:swapper/0][Power/cpufreq] 4,0,1,0,833,833,833,833
02-06 06:24:17.777     1     1 I         : (0)[1:swapper/0][Power/cpufreq] Voltage in mV=1068, Frequency in KHz =1429000, Power=138
02-06 06:24:17.777     1     1 I         : (0)[1:swapper/0][Power/cpufreq] 4,0,1,0,833,833,833,833
02-06 06:24:17.777     1     1 I         : (0)[1:swapper/0][Power/cpufreq] Voltage in mV=1118, Frequency in KHz =1500000, Power=159
02-06 06:24:17.777     1     1 I         : (0)[1:swapper/0][Power/cpufreq] energy model register result 0
02-06 06:24:17.777    53    53 I         : (0)[53:kworker/0:1]Initializing perf order domain:
02-06 06:24:17.777    53    53 I         : (0)[53:kworker/0:1]cpu=0, cpu_perf=1024
02-06 06:24:17.777    53    53 I         : (0)[53:kworker/0:1]cpu=4, cpu_perf=600
02-06 06:24:17.777    53    53 I         : (0)[53:kworker/0:1]Sort perf_domains from little to big:
02-06 06:24:17.777    53    53 I (0)[53:kworker/0:1]    cpumask: 0xf0
02-06 06:24:17.777    53    53 I (0)[53:kworker/0:1]    cpumask: 0xffffffffffffff0f
02-06 06:24:17.777    53    53 I         : (0)[53:kworker/0:1]arch_scale_cpu_capacity(4)=600, tbl->row[last_idx].cap=768
02-06 06:24:17.777    53    53 I         : (0)[53:kworker/0:1]arch_scale_cpu_capacity(5)=600, tbl->row[last_idx].cap=768
02-06 06:24:17.777    53    53 I         : (0)[53:kworker/0:1]arch_scale_cpu_capacity(6)=600, tbl->row[last_idx].cap=768
02-06 06:24:17.777    53    53 I         : (0)[53:kworker/0:1]arch_scale_cpu_capacity(7)=600, tbl->row[last_idx].cap=768
02-06 06:24:17.777    53    53 I         : (0)[53:kworker/0:1]Initializing perf order domain done
02-06 06:24:17.777   136   136 E (1)[136:kworker/1:1]power_supply mtk-gauge: driver failed to report `energy_empty' property: -22
02-06 06:24:17.778     1     1 I         : (0)[1:swapper/0][Power/PPM] DVFS table type = 4
02-06 06:24:17.778     1     1 I         : (0)[1:swapper/0][Power/PPM] DVFS table of cluster 0:
02-06 06:24:17.778     1     1 I (0)[1:swapper/0][Power/PPM] 0: 2001000 KHz
02-06 06:24:17.778     1     1 I (0)[1:swapper/0][Power/PPM] 1: 1961000 KHz
02-06 06:24:17.778     1     1 I (0)[1:swapper/0][Power/PPM] 2: 1927000 KHz
02-06 06:24:17.778     1     1 I (0)[1:swapper/0][Power/PPM] 3: 1897000 KHz
02-06 06:24:17.778     1     1 I (0)[1:swapper/0][Power/PPM] 4: 1868000 KHz
02-06 06:24:17.778     1     1 I (0)[1:swapper/0][Power/PPM] 5: 1838000 KHz
02-06 06:24:17.778     1     1 I (0)[1:swapper/0][Power/PPM] 6: 1809000 KHz
02-06 06:24:17.778     1     1 I (0)[1:swapper/0][Power/PPM] 7: 1779000 KHz
02-06 06:24:17.778     1     1 I (0)[1:swapper/0][Power/PPM] 8: 1750000 KHz
02-06 06:24:17.778     1     1 I (0)[1:swapper/0][Power/PPM] 9: 1617000 KHz
02-06 06:24:17.778     1     1 I (0)[1:swapper/0][Power/PPM] 10: 1484000 KHz
02-06 06:24:17.778     1     1 I (0)[1:swapper/0][Power/PPM] 11: 1351000 KHz
02-06 06:24:17.778     1     1 I (0)[1:swapper/0][Power/PPM] 12: 1218000 KHz
02-06 06:24:17.778     1     1 I (0)[1:swapper/0][Power/PPM] 13: 1085000 KHz
02-06 06:24:17.778     1     1 I (0)[1:swapper/0][Power/PPM] 14: 979000 KHz
02-06 06:24:17.778     1     1 I (0)[1:swapper/0][Power/PPM] 15: 900000 KHz
02-06 06:24:17.778     1     1 I         : (0)[1:swapper/0][Power/PPM] DVFS table type = 4
02-06 06:24:17.778     1     1 I         : (0)[1:swapper/0][Power/PPM] DVFS table of cluster 1:
02-06 06:24:17.778     1     1 I (0)[1:swapper/0][Power/PPM] 0: 1500000 KHz
02-06 06:24:17.778     1     1 I (0)[1:swapper/0][Power/PPM] 1: 1429000 KHz
02-06 06:24:17.778     1     1 I (0)[1:swapper/0][Power/PPM] 2: 1367000 KHz
02-06 06:24:17.778     1     1 I (0)[1:swapper/0][Power/PPM] 3: 1314000 KHz
02-06 06:24:17.778     1     1 I (0)[1:swapper/0][Power/PPM] 4: 1261000 KHz
02-06 06:24:17.778     1     1 I (0)[1:swapper/0][Power/PPM] 5: 1208000 KHz
02-06 06:24:17.778     1     1 I (0)[1:swapper/0][Power/PPM] 6: 1155000 KHz
02-06 06:24:17.778     1     1 I (0)[1:swapper/0][Power/PPM] 7: 1102000 KHz
02-06 06:24:17.778     1     1 I (0)[1:swapper/0][Power/PPM] 8: 1050000 KHz
02-06 06:24:17.778     1     1 I (0)[1:swapper/0][Power/PPM] 9: 948000 KHz
02-06 06:24:17.778     1     1 I (0)[1:swapper/0][Power/PPM] 10: 846000 KHz
02-06 06:24:17.778     1     1 I (0)[1:swapper/0][Power/PPM] 11: 745000 KHz
02-06 06:24:17.778     1     1 I (0)[1:swapper/0][Power/PPM] 12: 643000 KHz
02-06 06:24:17.778     1     1 I (0)[1:swapper/0][Power/PPM] 13: 542000 KHz
02-06 06:24:17.778     1     1 I (0)[1:swapper/0][Power/PPM] 14: 501000 KHz
02-06 06:24:17.778     1     1 I (0)[1:swapper/0][Power/PPM] 15: 400000 KHz
02-06 06:24:17.780     1     1 I         : (6)[1:swapper/0][Power/cpufreq] 4,0,1,0,833,833,833,833
02-06 06:24:17.780     1     1 I         : (6)[1:swapper/0][Power/cpufreq] 4,0,1,0,833,833,833,833
02-06 06:24:17.780     1     1 I         : (6)[1:swapper/0][Power/cpufreq] 4,0,1,0,833,833,833,833
02-06 06:24:17.780     1     1 I         : (6)[1:swapper/0][Power/cpufreq] 4,0,1,0,833,833,833,833
02-06 06:24:17.780     1     1 I         : (6)[1:swapper/0][Power/PPM] (0x1)(-1)(0)(0-7)(8)(8)(4)(4) [(1)(8)(0)(-1)] (8)(8)(4)(4) [(1)(8)(0)(-1)]
02-06 06:24:17.780     1     1 I (6)[1:swapper/0]mt-eem 1100b000.eem_fsm: Linked as a consumer to regulator.4
02-06 06:24:17.780     1     1 E (6)[1:swapper/0]vproc: mode operation not allowed
02-06 06:24:17.780     1     1 I (6)[1:swapper/0][xxxxEEM] @eem_init01(): 2569, get_volt(EEM_DET_L) = 0x00000048, VBOOT = 0x00000030
02-06 06:24:17.780     1     1 I (6)[1:swapper/0][xxxxEEM] @eem_init01(): 2569, get_volt(EEM_DET_L) = 0x00000048, VBOOT = 0x00000030
02-06 06:24:17.780     1     1 I (6)[1:swapper/0][xxxxEEM] @eem_init01(): 2569, get_volt(EEM_DET_L) = 0x00000036, VBOOT = 0x00000030
02-06 06:24:17.781     1     1 I (6)[1:swapper/0][xxxxEEM] @eem_init01(): 2569, get_volt(EEM_DET_L) = 0x00000036, VBOOT = 0x00000030
02-06 06:24:17.781     1     1 I         : (6)[1:swapper/0][Power/PPM] (0x0)(-1)(0)(0-7)(15)(0)(4)(4) (15)(0)(4)(4)
02-06 06:24:17.784     1     1 I (6)[1:swapper/0][Power/PPM] @ppm_lcmoff_policy_init: register PPM_POLICY_LCM_OFF done!
02-06 06:24:17.784     1     1 I         : (6)[1:swapper/0][Power/PPM] basic power table:
02-06 06:24:17.784     1     1 I         : (6)[1:swapper/0][Power/PPM] [0][0] = (272, 1024)
02-06 06:24:17.784     1     1 I         : (6)[1:swapper/0][Power/PPM] [0][1] = (265, 1004)
02-06 06:24:17.784     1     1 I         : (6)[1:swapper/0][Power/PPM] [0][2] = (249, 986)
02-06 06:24:17.784     1     1 I         : (6)[1:swapper/0][Power/PPM] [0][3] = (243, 971)
02-06 06:24:17.784     1     1 I         : (6)[1:swapper/0][Power/PPM] [0][4] = (234, 956)
02-06 06:24:17.784     1     1 I         : (6)[1:swapper/0][Power/PPM] [0][5] = (220, 941)
02-06 06:24:17.784     1     1 I         : (6)[1:swapper/0][Power/PPM] [0][6] = (214, 926)
02-06 06:24:17.784     1     1 I         : (6)[1:swapper/0][Power/PPM] [0][7] = (207, 910)
02-06 06:24:17.784     1     1 I         : (6)[1:swapper/0][Power/PPM] [0][8] = (185, 896)
02-06 06:24:17.784     1     1 I         : (6)[1:swapper/0][Power/PPM] [0][9] = (166, 827)
02-06 06:24:17.784     1     1 I         : (6)[1:swapper/0][Power/PPM] [0][10] = (145, 759)
02-06 06:24:17.784     1     1 I         : (6)[1:swapper/0][Power/PPM] [0][11] = (128, 691)
02-06 06:24:17.784     1     1 I         : (6)[1:swapper/0][Power/PPM] [0][12] = (112, 623)
02-06 06:24:17.784     1     1 I         : (6)[1:swapper/0][Power/PPM] [0][13] = (97, 555)
02-06 06:24:17.784     1     1 I         : (6)[1:swapper/0][Power/PPM] [0][14] = (86, 501)
02-06 06:24:17.784     1     1 I         : (6)[1:swapper/0][Power/PPM] [0][15] = (79, 461)
02-06 06:24:17.784     0     0 I (5)[0:swapper/5]CPU5: update max cpu_capacity 768
02-06 06:24:17.784     0     0 I (0)[0:swapper/0]CPU0: update max cpu_capacity 1024
02-06 06:24:17.784     1     1 I         : (6)[1:swapper/0][Power/PPM] [1][0] = (474, 2048)
02-06 06:24:17.784     1     1 I         : (6)[1:swapper/0][Power/PPM] [1][1] = (462, 2008)
02-06 06:24:17.784     1     1 I         : (6)[1:swapper/0][Power/PPM] [1][2] = (434, 1972)
02-06 06:24:17.784     1     1 I         : (6)[1:swapper/0][Power/PPM] [1][3] = (422, 1942)
02-06 06:24:17.784     1     1 I         : (6)[1:swapper/0][Power/PPM] [1][4] = (406, 1912)
02-06 06:24:17.784     1     1 I         : (6)[1:swapper/0][Power/PPM] [1][5] = (382, 1882)
02-06 06:24:17.784     1     1 I         : (6)[1:swapper/0][Power/PPM] [1][6] = (372, 1852)
02-06 06:24:17.784     1     1 I         : (6)[1:swapper/0][Power/PPM] [1][7] = (358, 1820)
02-06 06:24:17.784     1     1 I         : (6)[1:swapper/0][Power/PPM] [1][8] = (321, 1792)
02-06 06:24:17.784     1     1 I         : (6)[1:swapper/0][Power/PPM] [1][9] = (286, 1654)
02-06 06:24:17.784     1     1 I         : (6)[1:swapper/0][Power/PPM] [1][10] = (249, 1518)
02-06 06:24:17.784     1     1 I         : (6)[1:swapper/0][Power/PPM] [1][11] = (218, 1382)
02-06 06:24:17.784     1     1 I         : (6)[1:swapper/0][Power/PPM] [1][12] = (190, 1246)
02-06 06:24:17.784     1     1 I         : (6)[1:swapper/0][Power/PPM] [1][13] = (162, 1110)
02-06 06:24:17.784     1     1 I         : (6)[1:swapper/0][Power/PPM] [1][14] = (143, 1002)
02-06 06:24:17.784     1     1 I         : (6)[1:swapper/0][Power/PPM] [1][15] = (132, 922)
02-06 06:24:17.784     1     1 I         : (6)[1:swapper/0][Power/PPM] [2][0] = (677, 3072)
02-06 06:24:17.784     1     1 I         : (6)[1:swapper/0][Power/PPM] [2][1] = (659, 3012)
02-06 06:24:17.784     1     1 I         : (6)[1:swapper/0][Power/PPM] [2][2] = (619, 2958)
02-06 06:24:17.784     1     1 I         : (6)[1:swapper/0][Power/PPM] [2][3] = (602, 2913)
02-06 06:24:17.784     1     1 I         : (6)[1:swapper/0][Power/PPM] [2][4] = (578, 2868)
02-06 06:24:17.784     1     1 I         : (6)[1:swapper/0][Power/PPM] [2][5] = (543, 2823)
02-06 06:24:17.784     1     1 I         : (6)[1:swapper/0][Power/PPM] [2][6] = (530, 2778)
02-06 06:24:17.784     1     1 I         : (6)[1:swapper/0][Power/PPM] [2][7] = (509, 2730)
02-06 06:24:17.784     1     1 I         : (6)[1:swapper/0][Power/PPM] [2][8] = (456, 2688)
02-06 06:24:17.784     1     1 I         : (6)[1:swapper/0][Power/PPM] [2][9] = (407, 2481)
02-06 06:24:17.784     1     1 I         : (6)[1:swapper/0][Power/PPM] [2][10] = (353, 2277)
02-06 06:24:17.784     1     1 I         : (6)[1:swapper/0][Power/PPM] [2][11] = (308, 2073)
02-06 06:24:17.784     1     1 I         : (6)[1:swapper/0][Power/PPM] [2][12] = (269, 1869)
02-06 06:24:17.784     1     1 I         : (6)[1:swapper/0][Power/PPM] [2][13] = (228, 1665)
02-06 06:24:17.784     1     1 I         : (6)[1:swapper/0][Power/PPM] [2][14] = (201, 1503)
02-06 06:24:17.784     1     1 I         : (6)[1:swapper/0][Power/PPM] [2][15] = (185, 1383)
02-06 06:24:17.784     1     1 I         : (6)[1:swapper/0][Power/PPM] [3][0] = (879, 4096)
02-06 06:24:17.784     1     1 I         : (6)[1:swapper/0][Power/PPM] [3][1] = (856, 4016)
02-06 06:24:17.784     1     1 I         : (6)[1:swapper/0][Power/PPM] [3][2] = (804, 3944)
02-06 06:24:17.784     1     1 I         : (6)[1:swapper/0][Power/PPM] [3][3] = (782, 3884)
02-06 06:24:17.784     1     1 I         : (6)[1:swapper/0][Power/PPM] [3][4] = (751, 3824)
02-06 06:24:17.784     1     1 I         : (6)[1:swapper/0][Power/PPM] [3][5] = (705, 3764)
02-06 06:24:17.784     1     1 I         : (6)[1:swapper/0][Power/PPM] [3][6] = (688, 3704)
02-06 06:24:17.784     1     1 I         : (6)[1:swapper/0][Power/PPM] [3][7] = (660, 3640)
02-06 06:24:17.784     1     1 I         : (6)[1:swapper/0][Power/PPM] [3][8] = (592, 3584)
02-06 06:24:17.784     1     1 I         : (6)[1:swapper/0][Power/PPM] [3][9] = (527, 3308)
02-06 06:24:17.784     1     1 I         : (6)[1:swapper/0][Power/PPM] [3][10] = (457, 3036)
02-06 06:24:17.784     1     1 I         : (6)[1:swapper/0][Power/PPM] [3][11] = (398, 2764)
02-06 06:24:17.784     1     1 I         : (6)[1:swapper/0][Power/PPM] [3][12] = (347, 2492)
02-06 06:24:17.784     1     1 I         : (6)[1:swapper/0][Power/PPM] [3][13] = (294, 2220)
02-06 06:24:17.784     1     1 I         : (6)[1:swapper/0][Power/PPM] [3][14] = (258, 2004)
02-06 06:24:17.784     1     1 I         : (6)[1:swapper/0][Power/PPM] [3][15] = (239, 1844)
02-06 06:24:17.784     1     1 I         : (6)[1:swapper/0][Power/PPM] [4][0] = (133, 768)
02-06 06:24:17.784     1     1 I         : (6)[1:swapper/0][Power/PPM] [4][1] = (121, 731)
02-06 06:24:17.784     1     1 I         : (6)[1:swapper/0][Power/PPM] [4][2] = (110, 700)
02-06 06:24:17.784     1     1 I         : (6)[1:swapper/0][Power/PPM] [4][3] = (101, 672)
02-06 06:24:17.784     1     1 I         : (6)[1:swapper/0][Power/PPM] [4][4] = (94, 645)
02-06 06:24:17.784     1     1 I         : (6)[1:swapper/0][Power/PPM] [4][5] = (87, 618)
02-06 06:24:17.784     1     1 I         : (6)[1:swapper/0][Power/PPM] [4][6] = (79, 591)
02-06 06:24:17.784     1     1 I         : (6)[1:swapper/0][Power/PPM] [4][7] = (74, 564)
02-06 06:24:17.784     1     1 I         : (6)[1:swapper/0][Power/PPM] [4][8] = (62, 537)
02-06 06:24:17.784     1     1 I         : (6)[1:swapper/0][Power/PPM] [4][9] = (52, 485)
02-06 06:24:17.784     1     1 I         : (6)[1:swapper/0][Power/PPM] [4][10] = (43, 433)
02-06 06:24:17.784     1     1 I         : (6)[1:swapper/0][Power/PPM] [4][11] = (36, 381)
02-06 06:24:17.784     1     1 I         : (6)[1:swapper/0][Power/PPM] [4][12] = (29, 329)
02-06 06:24:17.784     1     1 I         : (6)[1:swapper/0][Power/PPM] [4][13] = (22, 277)
02-06 06:24:17.784     1     1 I         : (6)[1:swapper/0][Power/PPM] [4][14] = (18, 235)
02-06 06:24:17.784     1     1 I         : (6)[1:swapper/0][Power/PPM] [4][15] = (15, 205)
02-06 06:24:17.784     1     1 I         : (6)[1:swapper/0][Power/PPM] [5][0] = (241, 1536)
02-06 06:24:17.784     1     1 I         : (6)[1:swapper/0][Power/PPM] [5][1] = (218, 1462)
02-06 06:24:17.784     1     1 I         : (6)[1:swapper/0][Power/PPM] [5][2] = (199, 1400)
02-06 06:24:17.784     1     1 I         : (6)[1:swapper/0][Power/PPM] [5][3] = (183, 1344)
02-06 06:24:17.784     1     1 I         : (6)[1:swapper/0][Power/PPM] [5][4] = (171, 1290)
02-06 06:24:17.784     1     1 I         : (6)[1:swapper/0][Power/PPM] [5][5] = (157, 1236)
02-06 06:24:17.784     1     1 I         : (6)[1:swapper/0][Power/PPM] [5][6] = (144, 1182)
02-06 06:24:17.784     1     1 I         : (6)[1:swapper/0][Power/PPM] [5][7] = (134, 1128)
02-06 06:24:17.784     1     1 I         : (6)[1:swapper/0][Power/PPM] [5][8] = (112, 1074)
02-06 06:24:17.784     1     1 I         : (6)[1:swapper/0][Power/PPM] [5][9] = (95, 970)
02-06 06:24:17.784     1     1 I         : (6)[1:swapper/0][Power/PPM] [5][10] = (78, 866)
02-06 06:24:17.784     1     1 I         : (6)[1:swapper/0][Power/PPM] [5][11] = (65, 762)
02-06 06:24:17.784     1     1 I         : (6)[1:swapper/0][Power/PPM] [5][12] = (52, 658)
02-06 06:24:17.784     1     1 I         : (6)[1:swapper/0][Power/PPM] [5][13] = (40, 554)
02-06 06:24:17.784     1     1 I         : (6)[1:swapper/0][Power/PPM] [5][14] = (33, 470)
02-06 06:24:17.784     1     1 I         : (6)[1:swapper/0][Power/PPM] [5][15] = (27, 410)
02-06 06:24:17.784     1     1 I         : (6)[1:swapper/0][Power/PPM] [6][0] = (348, 2304)
02-06 06:24:17.784     1     1 I         : (6)[1:swapper/0][Power/PPM] [6][1] = (316, 2193)
02-06 06:24:17.784     1     1 I         : (6)[1:swapper/0][Power/PPM] [6][2] = (287, 2100)
02-06 06:24:17.784     1     1 I         : (6)[1:swapper/0][Power/PPM] [6][3] = (265, 2016)
02-06 06:24:17.784     1     1 I         : (6)[1:swapper/0][Power/PPM] [6][4] = (248, 1935)
02-06 06:24:17.784     1     1 I         : (6)[1:swapper/0][Power/PPM] [6][5] = (228, 1854)
02-06 06:24:17.784     1     1 I         : (6)[1:swapper/0][Power/PPM] [6][6] = (209, 1773)
02-06 06:24:17.784     1     1 I         : (6)[1:swapper/0][Power/PPM] [6][7] = (194, 1692)
02-06 06:24:17.784     1     1 I         : (6)[1:swapper/0][Power/PPM] [6][8] = (162, 1611)
02-06 06:24:17.784     1     1 I         : (6)[1:swapper/0][Power/PPM] [6][9] = (137, 1455)
02-06 06:24:17.785     1     1 I         : (6)[1:swapper/0][Power/PPM] [6][10] = (113, 1299)
02-06 06:24:17.785     1     1 I         : (6)[1:swapper/0][Power/PPM] [6][11] = (93, 1143)
02-06 06:24:17.785     1     1 I         : (6)[1:swapper/0][Power/PPM] [6][12] = (75, 987)
02-06 06:24:17.785     1     1 I         : (6)[1:swapper/0][Power/PPM] [6][13] = (58, 831)
02-06 06:24:17.785     1     1 I         : (6)[1:swapper/0][Power/PPM] [6][14] = (48, 705)
02-06 06:24:17.785     1     1 I         : (6)[1:swapper/0][Power/PPM] [6][15] = (39, 615)
02-06 06:24:17.785     1     1 I         : (6)[1:swapper/0][Power/PPM] [7][0] = (456, 3072)
02-06 06:24:17.785     1     1 I         : (6)[1:swapper/0][Power/PPM] [7][1] = (414, 2924)
02-06 06:24:17.785     1     1 I         : (6)[1:swapper/0][Power/PPM] [7][2] = (376, 2800)
02-06 06:24:17.785     1     1 I         : (6)[1:swapper/0][Power/PPM] [7][3] = (347, 2688)
02-06 06:24:17.785     1     1 I         : (6)[1:swapper/0][Power/PPM] [7][4] = (324, 2580)
02-06 06:24:17.785     1     1 I         : (6)[1:swapper/0][Power/PPM] [7][5] = (299, 2472)
02-06 06:24:17.785     1     1 I         : (6)[1:swapper/0][Power/PPM] [7][6] = (274, 2364)
02-06 06:24:17.785     1     1 I         : (6)[1:swapper/0][Power/PPM] [7][7] = (254, 2256)
02-06 06:24:17.785     1     1 I         : (6)[1:swapper/0][Power/PPM] [7][8] = (212, 2148)
02-06 06:24:17.785     1     1 I         : (6)[1:swapper/0][Power/PPM] [7][9] = (180, 1940)
02-06 06:24:17.785     1     1 I         : (6)[1:swapper/0][Power/PPM] [7][10] = (148, 1732)
02-06 06:24:17.785     1     1 I         : (6)[1:swapper/0][Power/PPM] [7][11] = (122, 1524)
02-06 06:24:17.785     1     1 I         : (6)[1:swapper/0][Power/PPM] [7][12] = (99, 1316)
02-06 06:24:17.785     1     1 I         : (6)[1:swapper/0][Power/PPM] [7][13] = (76, 1108)
02-06 06:24:17.785     1     1 I         : (6)[1:swapper/0][Power/PPM] [7][14] = (62, 940)
02-06 06:24:17.785     1     1 I         : (6)[1:swapper/0][Power/PPM] [7][15] = (50, 820)
02-06 06:24:17.785     1     1 I         : (6)[1:swapper/0][Power/PPM] LxLL delta table:
02-06 06:24:17.785     1     1 I         : (6)[1:swapper/0][Power/PPM] [0][0][0] = (0)
02-06 06:24:17.785     1     1 I         : (6)[1:swapper/0][Power/PPM] [0][0][1] = (0)
02-06 06:24:17.785     1     1 I         : (6)[1:swapper/0][Power/PPM] [0][0][2] = (0)
02-06 06:24:17.785     1     1 I         : (6)[1:swapper/0][Power/PPM] [0][0][3] = (0)
02-06 06:24:17.785     1     1 I         : (6)[1:swapper/0][Power/PPM] [0][0][4] = (0)
02-06 06:24:17.785     1     1 I         : (6)[1:swapper/0][Power/PPM] [0][0][5] = (0)
02-06 06:24:17.785     1     1 I         : (6)[1:swapper/0][Power/PPM] [0][0][6] = (0)
02-06 06:24:17.785     1     1 I         : (6)[1:swapper/0][Power/PPM] [0][0][7] = (0)
02-06 06:24:17.785     1     1 I         : (6)[1:swapper/0][Power/PPM] [0][0][8] = (0)
02-06 06:24:17.785     1     1 I         : (6)[1:swapper/0][Power/PPM] [0][0][9] = (0)
02-06 06:24:17.785     1     1 I         : (6)[1:swapper/0][Power/PPM] [0][0][10] = (0)
02-06 06:24:17.785     1     1 I         : (6)[1:swapper/0][Power/PPM] [0][0][11] = (0)
02-06 06:24:17.785     1     1 I         : (6)[1:swapper/0][Power/PPM] [0][0][12] = (0)
02-06 06:24:17.785     1     1 I         : (6)[1:swapper/0][Power/PPM] [0][0][13] = (0)
02-06 06:24:17.785     1     1 I         : (6)[1:swapper/0][Power/PPM] [0][0][14] = (0)
02-06 06:24:17.785     1     1 I         : (6)[1:swapper/0][Power/PPM] [0][0][15] = (0)
02-06 06:24:17.785     1     1 I         : (6)[1:swapper/0][Power/PPM] [0][1][0] = (7)
02-06 06:24:17.785     1     1 I         : (6)[1:swapper/0][Power/PPM] [0][1][1] = (16)
02-06 06:24:17.785     1     1 I         : (6)[1:swapper/0][Power/PPM] [0][1][2] = (6)
02-06 06:24:17.785     1     1 I         : (6)[1:swapper/0][Power/PPM] [0][1][3] = (9)
02-06 06:24:17.785     1     1 I         : (6)[1:swapper/0][Power/PPM] [0][1][4] = (14)
02-06 06:24:17.785     1     1 I         : (6)[1:swapper/0][Power/PPM] [0][1][5] = (6)
02-06 06:24:17.785     1     1 I         : (6)[1:swapper/0][Power/PPM] [0][1][6] = (7)
02-06 06:24:17.785     1     1 I         : (6)[1:swapper/0][Power/PPM] [0][1][7] = (22)
02-06 06:24:17.785     1     1 I         : (6)[1:swapper/0][Power/PPM] [0][1][8] = (19)
02-06 06:24:17.785     1     1 I         : (6)[1:swapper/0][Power/PPM] [0][1][9] = (21)
02-06 06:24:17.785     1     1 I         : (6)[1:swapper/0][Power/PPM] [0][1][10] = (17)
02-06 06:24:17.785     1     1 I         : (6)[1:swapper/0][Power/PPM] [0][1][11] = (16)
02-06 06:24:17.785     1     1 I         : (6)[1:swapper/0][Power/PPM] [0][1][12] = (15)
02-06 06:24:17.785     1     1 I         : (6)[1:swapper/0][Power/PPM] [0][1][13] = (11)
02-06 06:24:17.785     1     1 I         : (6)[1:swapper/0][Power/PPM] [0][1][14] = (7)
02-06 06:24:17.785     1     1 I         : (6)[1:swapper/0][Power/PPM] [0][1][15] = (79)
02-06 06:24:17.785     1     1 I         : (6)[1:swapper/0][Power/PPM] [0][2][0] = (12)
02-06 06:24:17.785     1     1 I         : (6)[1:swapper/0][Power/PPM] [0][2][1] = (28)
02-06 06:24:17.785     1     1 I         : (6)[1:swapper/0][Power/PPM] [0][2][2] = (12)
02-06 06:24:17.785     1     1 I         : (6)[1:swapper/0][Power/PPM] [0][2][3] = (16)
02-06 06:24:17.785     1     1 I         : (6)[1:swapper/0][Power/PPM] [0][2][4] = (24)
02-06 06:24:17.785     1     1 I         : (6)[1:swapper/0][Power/PPM] [0][2][5] = (10)
02-06 06:24:17.785     1     1 I         : (6)[1:swapper/0][Power/PPM] [0][2][6] = (14)
02-06 06:24:17.785     1     1 I         : (6)[1:swapper/0][Power/PPM] [0][2][7] = (37)
02-06 06:24:17.785     1     1 I         : (6)[1:swapper/0][Power/PPM] [0][2][8] = (35)
02-06 06:24:17.785     1     1 I         : (6)[1:swapper/0][Power/PPM] [0][2][9] = (37)
02-06 06:24:17.785     1     1 I         : (6)[1:swapper/0][Power/PPM] [0][2][10] = (31)
02-06 06:24:17.785     1     1 I         : (6)[1:swapper/0][Power/PPM] [0][2][11] = (28)
02-06 06:24:17.785     1     1 I         : (6)[1:swapper/0][Power/PPM] [0][2][12] = (28)
02-06 06:24:17.785     1     1 I         : (6)[1:swapper/0][Power/PPM] [0][2][13] = (19)
02-06 06:24:17.785     1     1 I         : (6)[1:swapper/0][Power/PPM] [0][2][14] = (11)
02-06 06:24:17.785     1     1 I         : (6)[1:swapper/0][Power/PPM] [0][2][15] = (53)
02-06 06:24:17.785     1     1 I         : (6)[1:swapper/0][Power/PPM] [0][3][0] = (18)
02-06 06:24:17.785     1     1 I         : (6)[1:swapper/0][Power/PPM] [0][3][1] = (40)
02-06 06:24:17.785     1     1 I         : (6)[1:swapper/0][Power/PPM] [0][3][2] = (17)
02-06 06:24:17.785     1     1 I         : (6)[1:swapper/0][Power/PPM] [0][3][3] = (24)
02-06 06:24:17.785     1     1 I         : (6)[1:swapper/0][Power/PPM] [0][3][4] = (35)
02-06 06:24:17.785     1     1 I         : (6)[1:swapper/0][Power/PPM] [0][3][5] = (13)
02-06 06:24:17.785     1     1 I         : (6)[1:swapper/0][Power/PPM] [0][3][6] = (21)
02-06 06:24:17.785     1     1 I         : (6)[1:swapper/0][Power/PPM] [0][3][7] = (53)
02-06 06:24:17.785     1     1 I         : (6)[1:swapper/0][Power/PPM] [0][3][8] = (49)
02-06 06:24:17.785     1     1 I         : (6)[1:swapper/0][Power/PPM] [0][3][9] = (54)
02-06 06:24:17.785     1     1 I         : (6)[1:swapper/0][Power/PPM] [0][3][10] = (45)
02-06 06:24:17.785     1     1 I         : (6)[1:swapper/0][Power/PPM] [0][3][11] = (39)
02-06 06:24:17.785     1     1 I         : (6)[1:swapper/0][Power/PPM] [0][3][12] = (41)
02-06 06:24:17.785     1     1 I         : (6)[1:swapper/0][Power/PPM] [0][3][13] = (27)
02-06 06:24:17.785     1     1 I         : (6)[1:swapper/0][Power/PPM] [0][3][14] = (16)
02-06 06:24:17.785     1     1 I         : (6)[1:swapper/0][Power/PPM] [0][3][15] = (53)
02-06 06:24:17.785     1     1 I         : (6)[1:swapper/0][Power/PPM] [0][4][0] = (23)
02-06 06:24:17.785     1     1 I         : (6)[1:swapper/0][Power/PPM] [0][4][1] = (52)
02-06 06:24:17.785     1     1 I         : (6)[1:swapper/0][Power/PPM] [0][4][2] = (22)
02-06 06:24:17.785     1     1 I         : (6)[1:swapper/0][Power/PPM] [0][4][3] = (31)
02-06 06:24:17.785     1     1 I         : (6)[1:swapper/0][Power/PPM] [0][4][4] = (46)
02-06 06:24:17.785     1     1 I         : (6)[1:swapper/0][Power/PPM] [0][4][5] = (17)
02-06 06:24:17.785     1     1 I         : (6)[1:swapper/0][Power/PPM] [0][4][6] = (28)
02-06 06:24:17.785     1     1 I         : (6)[1:swapper/0][Power/PPM] [0][4][7] = (68)
02-06 06:24:17.785     1     1 I         : (6)[1:swapper/0][Power/PPM] [0][4][8] = (65)
02-06 06:24:17.785     1     1 I         : (6)[1:swapper/0][Power/PPM] [0][4][9] = (70)
02-06 06:24:17.785     1     1 I         : (6)[1:swapper/0][Power/PPM] [0][4][10] = (59)
02-06 06:24:17.785     1     1 I         : (6)[1:swapper/0][Power/PPM] [0][4][11] = (51)
02-06 06:24:17.785     1     1 I         : (6)[1:swapper/0][Power/PPM] [0][4][12] = (53)
02-06 06:24:17.785     1     1 I         : (6)[1:swapper/0][Power/PPM] [0][4][13] = (36)
02-06 06:24:17.785     1     1 I         : (6)[1:swapper/0][Power/PPM] [0][4][14] = (19)
02-06 06:24:17.785     1     1 I         : (6)[1:swapper/0][Power/PPM] [0][4][15] = (54)
02-06 06:24:17.785     1     1 I         : (6)[1:swapper/0][Power/PPM] [1][0][0] = (12)
02-06 06:24:17.785     1     1 I         : (6)[1:swapper/0][Power/PPM] [1][0][1] = (11)
02-06 06:24:17.785     1     1 I         : (6)[1:swapper/0][Power/PPM] [1][0][2] = (9)
02-06 06:24:17.785     1     1 I         : (6)[1:swapper/0][Power/PPM] [1][0][3] = (7)
02-06 06:24:17.785     1     1 I         : (6)[1:swapper/0][Power/PPM] [1][0][4] = (7)
02-06 06:24:17.785     1     1 I         : (6)[1:swapper/0][Power/PPM] [1][0][5] = (8)
02-06 06:24:17.785     1     1 I         : (6)[1:swapper/0][Power/PPM] [1][0][6] = (5)
02-06 06:24:17.785     1     1 I         : (6)[1:swapper/0][Power/PPM] [1][0][7] = (12)
02-06 06:24:17.785     1     1 I         : (6)[1:swapper/0][Power/PPM] [1][0][8] = (10)
02-06 06:24:17.785     1     1 I         : (6)[1:swapper/0][Power/PPM] [1][0][9] = (9)
02-06 06:24:17.785     1     1 I         : (6)[1:swapper/0][Power/PPM] [1][0][10] = (7)
02-06 06:24:17.785     1     1 I         : (6)[1:swapper/0][Power/PPM] [1][0][11] = (7)
02-06 06:24:17.785     1     1 I         : (6)[1:swapper/0][Power/PPM] [1][0][12] = (7)
02-06 06:24:17.785     1     1 I         : (6)[1:swapper/0][Power/PPM] [1][0][13] = (4)
02-06 06:24:17.785     1     1 I         : (6)[1:swapper/0][Power/PPM] [1][0][14] = (3)
02-06 06:24:17.785     1     1 I         : (6)[1:swapper/0][Power/PPM] [1][0][15] = (15)
02-06 06:24:17.785     1     1 I         : (6)[1:swapper/0][Power/PPM] [1][1][0] = (19)
02-06 06:24:17.785     1     1 I         : (6)[1:swapper/0][Power/PPM] [1][1][1] = (27)
02-06 06:24:17.785     1     1 I         : (6)[1:swapper/0][Power/PPM] [1][1][2] = (15)
02-06 06:24:17.785     1     1 I         : (6)[1:swapper/0][Power/PPM] [1][1][3] = (16)
02-06 06:24:17.785     1     1 I         : (6)[1:swapper/0][Power/PPM] [1][1][4] = (21)
02-06 06:24:17.785     1     1 I         : (6)[1:swapper/0][Power/PPM] [1][1][5] = (14)
02-06 06:24:17.785     1     1 I         : (6)[1:swapper/0][Power/PPM] [1][1][6] = (12)
02-06 06:24:17.785     1     1 I         : (6)[1:swapper/0][Power/PPM] [1][1][7] = (34)
02-06 06:24:17.785     1     1 I         : (6)[1:swapper/0][Power/PPM] [1][1][8] = (29)
02-06 06:24:17.785     1     1 I         : (6)[1:swapper/0][Power/PPM] [1][1][9] = (30)
02-06 06:24:17.785     1     1 I         : (6)[1:swapper/0][Power/PPM] [1][1][10] = (24)
02-06 06:24:17.785     1     1 I         : (6)[1:swapper/0][Power/PPM] [1][1][11] = (23)
02-06 06:24:17.786     1     1 I         : (6)[1:swapper/0][Power/PPM] [1][1][12] = (22)
02-06 06:24:17.786     1     1 I         : (6)[1:swapper/0][Power/PPM] [1][1][13] = (15)
02-06 06:24:17.786     1     1 I         : (6)[1:swapper/0][Power/PPM] [1][1][14] = (10)
02-06 06:24:17.786     1     1 I         : (6)[1:swapper/0][Power/PPM] [1][1][15] = (15)
02-06 06:24:17.786     1     1 I         : (6)[1:swapper/0][Power/PPM] [1][2][0] = (24)
02-06 06:24:17.786     1     1 I         : (6)[1:swapper/0][Power/PPM] [1][2][1] = (39)
02-06 06:24:17.786     1     1 I         : (6)[1:swapper/0][Power/PPM] [1][2][2] = (21)
02-06 06:24:17.786     1     1 I         : (6)[1:swapper/0][Power/PPM] [1][2][3] = (23)
02-06 06:24:17.786     1     1 I         : (6)[1:swapper/0][Power/PPM] [1][2][4] = (31)
02-06 06:24:17.786     1     1 I         : (6)[1:swapper/0][Power/PPM] [1][2][5] = (18)
02-06 06:24:17.786     1     1 I         : (6)[1:swapper/0][Power/PPM] [1][2][6] = (19)
02-06 06:24:17.786     1     1 I         : (6)[1:swapper/0][Power/PPM] [1][2][7] = (49)
02-06 06:24:17.786     1     1 I         : (6)[1:swapper/0][Power/PPM] [1][2][8] = (45)
02-06 06:24:17.786     1     1 I         : (6)[1:swapper/0][Power/PPM] [1][2][9] = (46)
02-06 06:24:17.786     1     1 I         : (6)[1:swapper/0][Power/PPM] [1][2][10] = (38)
02-06 06:24:17.786     1     1 I         : (6)[1:swapper/0][Power/PPM] [1][2][11] = (35)
02-06 06:24:17.786     1     1 I         : (6)[1:swapper/0][Power/PPM] [1][2][12] = (35)
02-06 06:24:17.786     1     1 I         : (6)[1:swapper/0][Power/PPM] [1][2][13] = (23)
02-06 06:24:17.786     1     1 I         : (6)[1:swapper/0][Power/PPM] [1][2][14] = (14)
02-06 06:24:17.786     1     1 I         : (6)[1:swapper/0][Power/PPM] [1][2][15] = (15)
02-06 06:24:17.786     1     1 I         : (6)[1:swapper/0][Power/PPM] [1][3][0] = (30)
02-06 06:24:17.786     1     1 I         : (6)[1:swapper/0][Power/PPM] [1][3][1] = (51)
02-06 06:24:17.786     1     1 I         : (6)[1:swapper/0][Power/PPM] [1][3][2] = (26)
02-06 06:24:17.786     1     1 I         : (6)[1:swapper/0][Power/PPM] [1][3][3] = (31)
02-06 06:24:17.786     1     1 I         : (6)[1:swapper/0][Power/PPM] [1][3][4] = (42)
02-06 06:24:17.786     1     1 I         : (6)[1:swapper/0][Power/PPM] [1][3][5] = (21)
02-06 06:24:17.786     1     1 I         : (6)[1:swapper/0][Power/PPM] [1][3][6] = (26)
02-06 06:24:17.786     1     1 I         : (6)[1:swapper/0][Power/PPM] [1][3][7] = (65)
02-06 06:24:17.786     1     1 I         : (6)[1:swapper/0][Power/PPM] [1][3][8] = (59)
02-06 06:24:17.786     1     1 I         : (6)[1:swapper/0][Power/PPM] [1][3][9] = (63)
02-06 06:24:17.786     1     1 I         : (6)[1:swapper/0][Power/PPM] [1][3][10] = (52)
02-06 06:24:17.786     1     1 I         : (6)[1:swapper/0][Power/PPM] [1][3][11] = (46)
02-06 06:24:17.786     1     1 I         : (6)[1:swapper/0][Power/PPM] [1][3][12] = (48)
02-06 06:24:17.786     1     1 I         : (6)[1:swapper/0][Power/PPM] [1][3][13] = (31)
02-06 06:24:17.786     1     1 I         : (6)[1:swapper/0][Power/PPM] [1][3][14] = (19)
02-06 06:24:17.786     1     1 I         : (6)[1:swapper/0][Power/PPM] [1][3][15] = (15)
02-06 06:24:17.786     1     1 I         : (6)[1:swapper/0][Power/PPM] [1][4][0] = (35)
02-06 06:24:17.786     1     1 I         : (6)[1:swapper/0][Power/PPM] [1][4][1] = (63)
02-06 06:24:17.786     1     1 I         : (6)[1:swapper/0][Power/PPM] [1][4][2] = (31)
02-06 06:24:17.786     1     1 I         : (6)[1:swapper/0][Power/PPM] [1][4][3] = (38)
02-06 06:24:17.786     1     1 I         : (6)[1:swapper/0][Power/PPM] [1][4][4] = (53)
02-06 06:24:17.786     1     1 I         : (6)[1:swapper/0][Power/PPM] [1][4][5] = (25)
02-06 06:24:17.786     1     1 I         : (6)[1:swapper/0][Power/PPM] [1][4][6] = (33)
02-06 06:24:17.786     1     1 I         : (6)[1:swapper/0][Power/PPM] [1][4][7] = (80)
02-06 06:24:17.786     1     1 I         : (6)[1:swapper/0][Power/PPM] [1][4][8] = (75)
02-06 06:24:17.786     1     1 I         : (6)[1:swapper/0][Power/PPM] [1][4][9] = (79)
02-06 06:24:17.786     1     1 I         : (6)[1:swapper/0][Power/PPM] [1][4][10] = (66)
02-06 06:24:17.786     1     1 I         : (6)[1:swapper/0][Power/PPM] [1][4][11] = (58)
02-06 06:24:17.786     1     1 I         : (6)[1:swapper/0][Power/PPM] [1][4][12] = (60)
02-06 06:24:17.786     1     1 I         : (6)[1:swapper/0][Power/PPM] [1][4][13] = (40)
02-06 06:24:17.786     1     1 I         : (6)[1:swapper/0][Power/PPM] [1][4][14] = (22)
02-06 06:24:17.786     1     1 I         : (6)[1:swapper/0][Power/PPM] [1][4][15] = (15)
02-06 06:24:17.786     1     1 I         : (6)[1:swapper/0][Power/PPM] [2][0][0] = (23)
02-06 06:24:17.786     1     1 I         : (6)[1:swapper/0][Power/PPM] [2][0][1] = (19)
02-06 06:24:17.786     1     1 I         : (6)[1:swapper/0][Power/PPM] [2][0][2] = (16)
02-06 06:24:17.786     1     1 I         : (6)[1:swapper/0][Power/PPM] [2][0][3] = (12)
02-06 06:24:17.786     1     1 I         : (6)[1:swapper/0][Power/PPM] [2][0][4] = (14)
02-06 06:24:17.786     1     1 I         : (6)[1:swapper/0][Power/PPM] [2][0][5] = (13)
02-06 06:24:17.786     1     1 I         : (6)[1:swapper/0][Power/PPM] [2][0][6] = (10)
02-06 06:24:17.786     1     1 I         : (6)[1:swapper/0][Power/PPM] [2][0][7] = (22)
02-06 06:24:17.786     1     1 I         : (6)[1:swapper/0][Power/PPM] [2][0][8] = (17)
02-06 06:24:17.786     1     1 I         : (6)[1:swapper/0][Power/PPM] [2][0][9] = (17)
02-06 06:24:17.786     1     1 I         : (6)[1:swapper/0][Power/PPM] [2][0][10] = (13)
02-06 06:24:17.786     1     1 I         : (6)[1:swapper/0][Power/PPM] [2][0][11] = (13)
02-06 06:24:17.786     1     1 I         : (6)[1:swapper/0][Power/PPM] [2][0][12] = (12)
02-06 06:24:17.786     1     1 I         : (6)[1:swapper/0][Power/PPM] [2][0][13] = (7)
02-06 06:24:17.786     1     1 I         : (6)[1:swapper/0][Power/PPM] [2][0][14] = (6)
02-06 06:24:17.786     1     1 I         : (6)[1:swapper/0][Power/PPM] [2][0][15] = (12)
02-06 06:24:17.786     1     1 I         : (6)[1:swapper/0][Power/PPM] [2][1][0] = (30)
02-06 06:24:17.786     1     1 I         : (6)[1:swapper/0][Power/PPM] [2][1][1] = (35)
02-06 06:24:17.786     1     1 I         : (6)[1:swapper/0][Power/PPM] [2][1][2] = (22)
02-06 06:24:17.786     1     1 I         : (6)[1:swapper/0][Power/PPM] [2][1][3] = (21)
02-06 06:24:17.786     1     1 I         : (6)[1:swapper/0][Power/PPM] [2][1][4] = (28)
02-06 06:24:17.786     1     1 I         : (6)[1:swapper/0][Power/PPM] [2][1][5] = (19)
02-06 06:24:17.786     1     1 I         : (6)[1:swapper/0][Power/PPM] [2][1][6] = (17)
02-06 06:24:17.786     1     1 I         : (6)[1:swapper/0][Power/PPM] [2][1][7] = (44)
02-06 06:24:17.786     1     1 I         : (6)[1:swapper/0][Power/PPM] [2][1][8] = (36)
02-06 06:24:17.786     1     1 I         : (6)[1:swapper/0][Power/PPM] [2][1][9] = (38)
02-06 06:24:17.786     1     1 I         : (6)[1:swapper/0][Power/PPM] [2][1][10] = (30)
02-06 06:24:17.786     1     1 I         : (6)[1:swapper/0][Power/PPM] [2][1][11] = (29)
02-06 06:24:17.786     1     1 I         : (6)[1:swapper/0][Power/PPM] [2][1][12] = (27)
02-06 06:24:17.786     1     1 I         : (6)[1:swapper/0][Power/PPM] [2][1][13] = (18)
02-06 06:24:17.786     1     1 I         : (6)[1:swapper/0][Power/PPM] [2][1][14] = (13)
02-06 06:24:17.786     1     1 I         : (6)[1:swapper/0][Power/PPM] [2][1][15] = (12)
02-06 06:24:17.786     1     1 I         : (6)[1:swapper/0][Power/PPM] [2][2][0] = (35)
02-06 06:24:17.786     1     1 I         : (6)[1:swapper/0][Power/PPM] [2][2][1] = (47)
02-06 06:24:17.786     1     1 I         : (6)[1:swapper/0][Power/PPM] [2][2][2] = (28)
02-06 06:24:17.786     1     1 I         : (6)[1:swapper/0][Power/PPM] [2][2][3] = (28)
02-06 06:24:17.786     1     1 I         : (6)[1:swapper/0][Power/PPM] [2][2][4] = (38)
02-06 06:24:17.786     1     1 I         : (6)[1:swapper/0][Power/PPM] [2][2][5] = (23)
02-06 06:24:17.786     1     1 I         : (6)[1:swapper/0][Power/PPM] [2][2][6] = (24)
02-06 06:24:17.786     1     1 I         : (6)[1:swapper/0][Power/PPM] [2][2][7] = (59)
02-06 06:24:17.786     1     1 I         : (6)[1:swapper/0][Power/PPM] [2][2][8] = (52)
02-06 06:24:17.786     1     1 I         : (6)[1:swapper/0][Power/PPM] [2][2][9] = (54)
02-06 06:24:17.786     1     1 I         : (6)[1:swapper/0][Power/PPM] [2][2][10] = (44)
02-06 06:24:17.786     1     1 I         : (6)[1:swapper/0][Power/PPM] [2][2][11] = (41)
