02-06 06:24:18.995   345   345 D [mTEE]  :  pathname = /data/vendor/thh/ta/020b0000000000000000000000000000/020b0000000000000000000000000000.ta
02-06 06:24:18.995   345   345 D [mTEE]  :  flags = 0 mode = 0 retval = -2
02-06 06:24:18.995   361   361 I beanpodkeymaster: cmd:48 Received 4 byte response
02-06 06:24:18.996   361   361 E cutils-trace: Error opening trace file: No such file or directory (2)
02-06 06:24:18.996   345   345 I [mTEE]  :  come into the TZ_VFS_OPEN function
02-06 06:24:18.996   345   345 D [mTEE]  : errno = 2
02-06 06:24:18.996   345   345 D [mTEE]  :  pathname = /vendor/thh/ta/020f0000000000000000000000000000.ta
02-06 06:24:18.996   345   345 D [mTEE]  :  flags = 0 mode = 0 retval = -2
02-06 06:24:19.031   269   269 I         : (6)[269:teei_log_thread][TZ_LOG] uTSecMan| a free ta.
02-06 06:24:18.997   345   345 I [mTEE]  :  come into the TZ_VFS_OPEN function
02-06 06:24:19.031   269   269 I         : (6)[269:teei_log_thread][TZ_LOG] uTSecMan| ta verify success.
02-06 06:24:18.997   345   345 D [mTEE]  : errno = 2
02-06 06:24:18.997   345   345 D [mTEE]  :  pathname = /data/vendor/thh/ta/020f0000000000000000000000000000/020f0000000000000000000000000000.ta
02-06 06:24:18.997   345   345 D [mTEE]  :  flags = 0 mode = 0 retval = -2
02-06 06:24:19.031   269   269 I         : (6)[269:teei_log_thread][TZ_LOG] uTSecMan|
02-06 06:24:19.031   269   269 I         : (6)[269:teei_log_thread][TZ_LOG] uTSecMan| ta unpack success.
02-06 06:24:19.031   269   269 I         : (6)[269:teei_log_thread][TZ_LOG] uTSecMan|
02-06 06:24:19.031   269   269 I         : (6)[269:teei_log_thread][TZ_LOG] km4     | km ta create entry.
02-06 06:24:19.031   269   269 I         : (6)[269:teei_log_thread][TZ_LOG] km4     | KEYMASTER VERSION: km4.1.
02-06 06:24:19.031   269   269 I         : (6)[269:teei_log_thread][TZ_LOG] km4     |
02-06 06:24:19.031   269   269 I         : (6)[269:teei_log_thread][TZ_LOG] km4     | km4.0  topwell_mt6761_S_isee400_V340S  save  b  cert  kb  utagent  202202231541  wangweishan
02-06 06:24:19.031   269   269 I         : (6)[269:teei_log_thread][TZ_LOG] km4     | message version:3
02-06 06:24:19.031   269   269 I         : (6)[269:teei_log_thread][TZ_LOG] uTSecMan| lookup ta: '020b0000000000000000000000000000' (40)
02-06 06:24:19.031   269   269 I         : (6)[269:teei_log_thread][TZ_LOG] km4     | AndroidKeymaster Configure finish 0
02-06 06:24:19.031   269   269 I         : (6)[269:teei_log_thread][TZ_LOG] uTSecMan| [sec_manager_handle.cc:458/package_query_ta]<err>TA is not installed
02-06 06:24:19.031   269   269 I         : (6)[269:teei_log_thread][TZ_LOG] uTSecMan|
02-06 06:24:19.031   269   269 I         : (6)[269:teei_log_thread][TZ_LOG] uTSecMan| [sec_verify_server.cc:94/dispatch]<err>ta load failed err:12
02-06 06:24:19.031   269   269 I         : (6)[269:teei_log_thread][TZ_LOG] uTbtaLdr| [sec_verify.cc:46/open_verified_ta]<err>query verified ta failed: No such object found (-2).
02-06 06:24:19.031   269   269 I         : (6)[269:teei_log_thread][TZ_LOG] uTbtaLdr| [ta_name_space.cc:181/open_file_from_vfs]<err>open ta '020b0000000000000000000000000000' failed!
02-06 06:24:19.031   269   269 I         : (6)[269:teei_log_thread][TZ_LOG] uTbtaLdr|
02-06 06:24:19.031   269   269 I         : (6)[269:teei_log_thread][TZ_LOG] uTbtaLdr| [loader.cc:514/launch]<err>open ta failed
02-06 06:24:19.031   269   269 I         : (6)[269:teei_log_thread][TZ_LOG] uTbtaLdr|
02-06 06:24:19.031   269   269 I         : (6)[269:teei_log_thread][TZ_LOG] uTbtaLdr| [main.cc:121/TEE_OpenSession]<err>failed (ffff0008) to create BTA
02-06 06:24:19.031   269   269 I         : (6)[269:teei_log_thread][TZ_LOG] uTbtaLdr|
02-06 06:24:19.031   269   269 I         : (6)[269:teei_log_thread][TZ_LOG] uTSecMan| lookup ta: '020f0000000000000000000000000000' (40)
02-06 06:24:18.993   350   350 I recovery: type=1400 audit(0.0:78): avc: denied { ioctl } for path="/dev/block/dm-0" dev="tmpfs" ino=11771 ioctlcmd=0x5331 scontext=u:r:recovery:s0 tcontext=u:object_r:dm_device:s0 tclass=blk_file permissive=1
02-06 06:24:18.997   331   331 E SELinux : avc:  denied  { add } for interface=android.hardware.keymaster::IKeymasterDevice sid=u:r:recovery:s0 pid=361 scontext=u:r:recovery:s0 tcontext=u:object_r:hal_keymaster_hwservice:s0 tclass=hwservice_manager permissive=1
02-06 06:24:18.997   361   361 I HidlServiceManagement: Registered android.hardware.keymaster@4.1::IKeymasterDevice/default
02-06 06:24:18.998   361   361 I HidlServiceManagement: Removing namespace from process name android.hardware.keymaster@4.1-service.beanpod to keymaster@4.1-service.beanpod.
02-06 06:24:18.998   361   361 I android.hardware.keymaster@4.1-service.beanpod: register beanpod keymaster4.1 success
02-06 06:24:18.998   331   331 I hw-BpHwBinder: onLastStrongRef automatically unlinking death recipients
02-06 06:24:18.999   334   334 I keystore2: found android.hardware.keymaster@4.0::IKeymasterDevice with interface name default and seclevel TRUSTED_ENVIRONMENT
02-06 06:24:18.999   361   361 I beanpodkeymaster: enter BeanpodKeymaster bp_keymaster_call
02-06 06:24:19.001   332   332 E SELinux : avc:  denied  { add } for pid=334 uid=0 name=android.system.keystore2.IKeystoreService/default scontext=u:r:recovery:s0 tcontext=u:object_r:keystore_service:s0 tclass=service_manager permissive=1
02-06 06:24:19.001   332   332 I servicemanager: getDeviceHalManifest: Reading VINTF information.
02-06 06:24:19.001   361   361 I beanpodkeymaster: exit BeanpodKeymaster bp_keymaster_call
02-06 06:24:19.001   361   361 I beanpodkeymaster: BeanpodKeymaster cmd:4c Received 40 byte response
02-06 06:24:19.002   361   361 I beanpodkeymaster: cmd:50 Received 40 byte response
02-06 06:24:19.002   334   353 I keystore2: keystore2::shared_secret_negotiation: Shared secret negotiation concluded successfully.
02-06 06:24:19.002   345   345 I [mTEE]  :  come into the TZ_VFS_OPEN function
02-06 06:24:19.003   345   345 D [mTEE]  : errno = 2
02-06 06:24:19.003   345   345 D [mTEE]  :  pathname = /vendor/thh/ta/06090000000000000000000000000000.ta
02-06 06:24:19.003   345   345 D [mTEE]  :  flags = 0 mode = 0 retval = -2
02-06 06:24:19.012   345   345 I [mTEE]  :  come into the TZ_VFS_OPEN function
02-06 06:24:19.012   345   345 D [mTEE]  : errno = 2
02-06 06:24:19.012   345   345 D [mTEE]  :  pathname = /data/vendor/thh/ta/9073f03a9618383bb1856eb3f990babd/9073f03a9618383bb1856eb3f990babd.ta
02-06 06:24:19.012   345   345 D [mTEE]  :  flags = 0 mode = 0 retval = -2
02-06 06:24:19.013   332   332 E SELinux : avc:  denied  { add } for pid=334 uid=0 name=android.security.apc scontext=u:r:recovery:s0 tcontext=u:object_r:apc_service:s0 tclass=service_manager permissive=1
02-06 06:24:19.014   345   345 I [mTEE]  :  come into the TZ_VFS_OPEN function
02-06 06:24:19.014   345   345 D [mTEE]  : errno = 2
02-06 06:24:19.014   345   345 D [mTEE]  :  pathname = /vendor/thh/ta/08050000000000000000000000003419.ta
02-06 06:24:19.014   345   345 D [mTEE]  :  flags = 0 mode = 0 retval = -2
02-06 06:24:19.014   332   332 E SELinux : avc:  denied  { add } for pid=334 uid=0 name=android.security.authorization scontext=u:r:recovery:s0 tcontext=u:object_r:authorization_service:s0 tclass=service_manager permissive=1
02-06 06:24:19.014   345   345 I [mTEE]  :  come into the TZ_VFS_OPEN function
02-06 06:24:19.014   345   345 D [mTEE]  : errno = 2
02-06 06:24:19.014   345   345 D [mTEE]  :  pathname = /data/vendor/thh/ta/08050000000000000000000000003419/08050000000000000000000000003419.ta
02-06 06:24:19.014   345   345 D [mTEE]  :  flags = 0 mode = 0 retval = -2
02-06 06:24:19.014   332   332 E SELinux : avc:  denied  { add } for pid=334 uid=0 name=android.security.maintenance scontext=u:r:recovery:s0 tcontext=u:object_r:keystore_maintenance_service:s0 tclass=service_manager permissive=1
02-06 06:24:19.015   332   332 E SELinux : avc:  denied  { add } for pid=334 uid=0 name=android.security.metrics scontext=u:r:recovery:s0 tcontext=u:object_r:keystore_metrics_service:s0 tclass=service_manager permissive=1
02-06 06:24:19.015   332   332 E SELinux : avc:  denied  { add } for pid=334 uid=0 name=android.security.legacykeystore scontext=u:r:recovery:s0 tcontext=u:object_r:legacykeystore_service:s0 tclass=service_manager permissive=1
02-06 06:24:19.015   334   334 I keystore2: keystore2_main: Successfully registered Keystore 2.0 service.
02-06 06:24:19.015   334   334 I keystore2: keystore2_main: Joining thread pool now.
02-06 06:24:19.015   345   345 I [mTEE]  :  come into the TZ_VFS_OPEN function
02-06 06:24:19.016   345   345 D [mTEE]  : errno = 2
02-06 06:24:19.016   345   345 D [mTEE]  :  pathname = /vendor/thh/ta/5020170115e016302017012521300000.ta
02-06 06:24:19.016   345   345 D [mTEE]  :  flags = 0 mode = 0 retval = -2
02-06 06:24:19.047   350   350 I (5)[350:recovery]EXT4-fs (dm-0): mounted filesystem without journal. Opts:
02-06 06:24:19.016   345   345 I [mTEE]  :  come into the TZ_VFS_OPEN function
02-06 06:24:19.016   345   345 D [mTEE]  : errno = 2
02-06 06:24:19.016   345   345 D [mTEE]  :  pathname = /data/vendor/thh/ta/5020170115e016302017012521300000/5020170115e016302017012521300000.ta
02-06 06:24:19.016   345   345 D [mTEE]  :  flags = 0 mode = 0 retval = -2
02-06 06:24:19.017   345   345 I [mTEE]  :  come into the TZ_VFS_OPEN function
02-06 06:24:19.017   345   345 D [mTEE]  : errno = 2
02-06 06:24:19.017   345   345 D [mTEE]  :  pathname = /vendor/thh/ta/0f5eed3c3b5a47afacca69a84bf0efad.ta
02-06 06:24:19.017   345   345 D [mTEE]  :  flags = 0 mode = 0 retval = -2
02-06 06:24:19.018   345   345 I [mTEE]  :  come into the TZ_VFS_OPEN function
02-06 06:24:19.018   345   345 D [mTEE]  : errno = 2
02-06 06:24:19.018   345   345 D [mTEE]  :  pathname = /data/vendor/thh/ta/0f5eed3c3b5a47afacca69a84bf0efad/0f5eed3c3b5a47afacca69a84bf0efad.ta
02-06 06:24:19.018   345   345 D [mTEE]  :  flags = 0 mode = 0 retval = -2
02-06 06:24:19.019   345   345 I [mTEE]  :  come into the TZ_VFS_OPEN function
02-06 06:24:19.019   345   345 D [mTEE]  : errno = 2
02-06 06:24:19.019   345   345 D [mTEE]  :  pathname = /vendor/thh/ta/07407000000000000000000000000000.ta
02-06 06:24:19.019   345   345 D [mTEE]  :  flags = 0 mode = 0 retval = -2
02-06 06:24:19.020   345   345 I [mTEE]  :  come into the TZ_VFS_OPEN function
02-06 06:24:19.020   345   345 D [mTEE]  : errno = 2
02-06 06:24:19.020   345   345 D [mTEE]  :  pathname = /data/vendor/thh/ta/07407000000000000000000000000000/07407000000000000000000000000000.ta
02-06 06:24:19.020   345   345 D [mTEE]  :  flags = 0 mode = 0 retval = -2
02-06 06:24:19.021   345   345 I [mTEE]  :  come into the TZ_VFS_OPEN function
02-06 06:24:19.021   345   345 D [mTEE]  : errno = 2
02-06 06:24:19.021   345   345 D [mTEE]  :  pathname = /vendor/thh/ta/05160000000000000000000000000000.ta
02-06 06:24:19.021   345   345 D [mTEE]  :  flags = 0 mode = 0 retval = -2
02-06 06:24:19.022   345   345 I [mTEE]  :  come into the TZ_VFS_OPEN function
02-06 06:24:19.022   345   345 D [mTEE]  : errno = 2
02-06 06:24:19.022   345   345 D [mTEE]  :  pathname = /data/vendor/thh/ta/05160000000000000000000000000000/05160000000000000000000000000000.ta
02-06 06:24:19.022   345   345 D [mTEE]  :  flags = 0 mode = 0 retval = -2
02-06 06:24:19.022   345   345 I [mTEE]  :  come into the TZ_VFS_OPEN function
02-06 06:24:19.023   345   345 D [mTEE]  : errno = 2
02-06 06:24:19.023   345   345 D [mTEE]  :  pathname = /vendor/thh/ta/91dba524a6e24909acc48abd7163121a.ta
02-06 06:24:19.023   345   345 D [mTEE]  :  flags = 0 mode = 0 retval = -2
02-06 06:24:19.023   345   345 I [mTEE]  :  come into the TZ_VFS_OPEN function
02-06 06:24:19.023   345   345 D [mTEE]  : errno = 2
02-06 06:24:19.023   345   345 D [mTEE]  :  pathname = /data/vendor/thh/ta/91dba524a6e24909acc48abd7163121a/91dba524a6e24909acc48abd7163121a.ta
02-06 06:24:19.023   345   345 D [mTEE]  :  flags = 0 mode = 0 retval = -2
02-06 06:24:19.024   345   345 I [mTEE]  :  come into the TZ_VFS_OPEN function
02-06 06:24:19.024   345   345 D [mTEE]  : errno = 2
02-06 06:24:19.024   345   345 D [mTEE]  :  pathname = /vendor/thh/ta/08070000000000000000000000008270.ta
02-06 06:24:19.024   345   345 D [mTEE]  :  flags = 0 mode = 0 retval = -2
02-06 06:24:19.025   345   345 I [mTEE]  :  come into the TZ_VFS_OPEN function
02-06 06:24:19.025   345   345 D [mTEE]  : errno = 2
02-06 06:24:19.025   345   345 D [mTEE]  :  pathname = /data/vendor/thh/ta/08070000000000000000000000008270/08070000000000000000000000008270.ta
02-06 06:24:19.025   345   345 D [mTEE]  :  flags = 0 mode = 0 retval = -2
02-06 06:24:19.057   269   269 I         : (6)[269:teei_log_thread][TZ_LOG] km4     | params[1] is empty
02-06 06:24:19.026   345   345 I [mTEE]  :  come into the TZ_VFS_OPEN function
02-06 06:24:19.057   269   269 I         : (6)[269:teei_log_thread][TZ_LOG] uTSecMan| [sec_manager_handle.cc:458/package_query_ta]<err>TA is not installed
02-06 06:24:19.026   345   345 D [mTEE]  : errno = 2
02-06 06:24:19.026   345   345 D [mTEE]  :  pathname = /vendor/thh/ta/09080000000000000000000000009381.ta
02-06 06:24:19.026   345   345 D [mTEE]  :  flags = 0 mode = 0 retval = -2
02-06 06:24:19.057   269   269 I         : (6)[269:teei_log_thread][TZ_LOG] uTSecMan|
02-06 06:24:19.057   269   269 I         : (6)[269:teei_log_thread][TZ_LOG] uTSecMan| [sec_verify_server.cc:94/dispatch]<err>ta load failed err:12
02-06 06:24:19.057   269   269 I         : (6)[269:teei_log_thread][TZ_LOG] uTbtaLdr| [sec_verify.cc:46/open_verified_ta]<err>query verified ta failed: No such object found (-2).
02-06 06:24:19.057   269   269 I         : (6)[269:teei_log_thread][TZ_LOG] km4     | enter generate random from openssl
02-06 06:24:19.057   269   269 I         : (6)[269:teei_log_thread][TZ_LOG] km4     | generate random from openssl,buflen=32
02-06 06:24:19.057   269   269 I         : (6)[269:teei_log_thread][TZ_LOG] uTbtaLdr| [ta_name_space.cc:181/open_file_from_vfs]<err>open ta '020f0000000000000000000000000000' failed!
02-06 06:24:19.027   345   345 I [mTEE]  :  come into the TZ_VFS_OPEN function
02-06 06:24:19.057   269   269 I         : (6)[269:teei_log_thread][TZ_LOG] uTbtaLdr|
02-06 06:24:19.027   345   345 D [mTEE]  : errno = 2
02-06 06:24:19.027   345   345 D [mTEE]  :  pathname = /data/vendor/thh/ta/09080000000000000000000000009381/09080000000000000000000000009381.ta
02-06 06:24:19.027   345   345 D [mTEE]  :  flags = 0 mode = 0 retval = -2
02-06 06:24:19.057   269   269 I         : (6)[269:teei_log_thread][TZ_LOG] uTbtaLdr| [loader.cc:514/launch]<err>open ta failed
02-06 06:24:19.057   269   269 I         : (6)[269:teei_log_thread][TZ_LOG] uTbtaLdr|
02-06 06:24:19.057   269   269 I         : (6)[269:teei_log_thread][TZ_LOG] uTbtaLdr| [main.cc:121/TEE_OpenSession]<err>failed (ffff0008) to create BTA
02-06 06:24:19.057   269   269 I         : (6)[269:teei_log_thread][TZ_LOG] uTbtaLdr|
02-06 06:24:19.057   269   269 I         : (6)[269:teei_log_thread][TZ_LOG] uTSecMan| lookup ta: '06090000000000000000000000000000' (40)
02-06 06:24:19.057   269   269 I         : (6)[269:teei_log_thread][TZ_LOG] uTSecMan| [sec_manager_handle.cc:458/package_query_ta]<err>TA is not installed
02-06 06:24:19.057   269   269 I         : (6)[269:teei_log_thread][TZ_LOG] uTSecMan|
02-06 06:24:19.057   269   269 I         : (6)[269:teei_log_thread][TZ_LOG] uTSecMan| [sec_verify_server.cc:94/dispatch]<err>ta load failed err:12
02-06 06:24:19.057   269   269 I         : (6)[269:teei_log_thread][TZ_LOG] uTbtaLdr| [sec_verify.cc:46/open_verified_ta]<err>query verified ta failed: No such object found (-2).
02-06 06:24:19.028   345   345 I [mTEE]  :  come into the TZ_VFS_OPEN function
02-06 06:24:19.057   269   269 I         : (6)[269:teei_log_thread][TZ_LOG] uTbtaLdr| [ta_name_space.cc:181/open_file_from_vfs]<err>open ta '06090000000000000000000000000000' failed!
02-06 06:24:19.028   345   345 D [mTEE]  : errno = 2
02-06 06:24:19.028   345   345 D [mTEE]  :  pathname = /vendor/thh/ta/08030000000000000000000000000000.ta
02-06 06:24:19.058   269   269 I         : (6)[269:teei_log_thread][TZ_LOG] uTbtaLdr|
02-06 06:24:19.028   345   345 D [mTEE]  :  flags = 0 mode = 0 retval = -2
02-06 06:24:19.028   345   345 I [mTEE]  :  come into the TZ_VFS_OPEN function
02-06 06:24:19.029   345   345 D [mTEE]  : errno = 2
02-06 06:24:19.058   269   269 I         : (6)[269:teei_log_thread][TZ_LOG] uTbtaLdr| [loader.cc:514/launch]<err>open ta failed
02-06 06:24:19.029   345   345 D [mTEE]  :  pathname = /data/vendor/thh/ta/08030000000000000000000000000000/08030000000000000000000000000000.ta
02-06 06:24:19.029   345   345 D [mTEE]  :  flags = 0 mode = 0 retval = -2
02-06 06:24:19.058   269   269 I         : (6)[269:teei_log_thread][TZ_LOG] uTbtaLdr|
02-06 06:24:19.058   269   269 I         : (6)[269:teei_log_thread][TZ_LOG] uTbtaLdr| [main.cc:121/TEE_OpenSession]<err>failed (ffff0008) to create BTA
02-06 06:24:19.058   269   269 I         : (6)[269:teei_log_thread][TZ_LOG] uTbtaLdr|
02-06 06:24:19.058   269   269 I         : (6)[269:teei_log_thread][TZ_LOG] uTSecMan| lookup ta: '05120000000000000000000000000000' (40)
02-06 06:24:19.030   345   345 I [mTEE]  :  come into the TZ_VFS_OPEN function
02-06 06:24:19.058   269   269 I         : (6)[269:teei_log_thread][TZ_LOG] uTSecMan| [sec_manager_handle.cc:458/package_query_ta]<err>TA is not installed
02-06 06:24:19.058   269   269 I         : (6)[269:teei_log_thread][TZ_LOG] uTSecMan|
02-06 06:24:19.058   269   269 I         : (6)[269:teei_log_thread][TZ_LOG] uTSecMan| [sec_verify_server.cc:94/dispatch]<err>ta load failed err:12
02-06 06:24:19.058   269   269 I         : (6)[269:teei_log_thread][TZ_LOG] uTbtaLdr| [sec_verify.cc:46/open_verified_ta]<err>query verified ta failed: No such object found (-2).
02-06 06:24:19.058   269   269 I         : (6)[269:teei_log_thread][TZ_LOG] uTbtaLdr| [ta_name_space.cc:181/open_file_from_vfs]<err>open ta '05120000000000000000000000000000' failed!
02-06 06:24:19.058   269   269 I         : (6)[269:teei_log_thread][TZ_LOG] uTbtaLdr|
02-06 06:24:19.058   269   269 I         : (6)[269:teei_log_thread][TZ_LOG] uTbtaLdr| [loader.cc:514/launch]<err>open ta failed
02-06 06:24:19.058   269   269 I         : (6)[269:teei_log_thread][TZ_LOG] uTbtaLdr|
02-06 06:24:19.058   269   269 I         : (6)[269:teei_log_thread][TZ_LOG] uTbtaLdr| [main.cc:121/TEE_OpenSession]<err>failed (ffff0008) to create BTA
02-06 06:24:19.058   269   269 I         : (6)[269:teei_log_thread][TZ_LOG] uTbtaLdr|
02-06 06:24:19.058   269   269 I         : (6)[269:teei_log_thread][TZ_LOG] uTSecMan| lookup ta: '40188311faf343488db888ad39496f9a' (40)
02-06 06:24:19.058   269   269 I         : (6)[269:teei_log_thread][TZ_LOG] uTSecMan| [sec_manager_handle.cc:458/package_query_ta]<err>TA is not installed
02-06 06:24:19.058   269   269 I         : (6)[269:teei_log_thread][TZ_LOG] uTSecMan|
02-06 06:24:19.058   269   269 I         : (6)[269:teei_log_thread][TZ_LOG] uTSecMan| [sec_verify_server.cc:94/dispatch]<err>ta load failed err:12
02-06 06:24:19.058   269   269 I         : (6)[269:teei_log_thread][TZ_LOG] uTbtaLdr| [sec_verify.cc:46/open_verified_ta]<err>query verified ta failed: No such object found (-2).
02-06 06:24:19.058   269   269 I         : (6)[269:teei_log_thread][TZ_LOG] uTbtaLdr| [ta_name_space.cc:181/open_file_from_vfs]<err>open ta '40188311faf343488db888ad39496f9a' failed!
02-06 06:24:19.058   269   269 I         : (6)[269:teei_log_thread][TZ_LOG] uTbtaLdr|
02-06 06:24:19.058   269   269 I         : (6)[269:teei_log_thread][TZ_LOG] uTbtaLdr| [loader.cc:514/launch]<err>open ta failed
02-06 06:24:19.058   269   269 I         : (6)[269:teei_log_thread][TZ_LOG] uTbtaLdr|
02-06 06:24:19.058   269   269 I         : (6)[269:teei_log_thread][TZ_LOG] uTbtaLdr| [main.cc:121/TEE_OpenSession]<err>failed (ffff0008) to create BTA
02-06 06:24:19.058   269   269 I         : (6)[269:teei_log_thread][TZ_LOG] uTbtaLdr|
02-06 06:24:19.058   269   269 I         : (6)[269:teei_log_thread][TZ_LOG] uTSecMan| lookup ta: '07060000000000000000000000007169' (40)
02-06 06:24:19.058   269   269 I         : (6)[269:teei_log_thread][TZ_LOG] uTSecMan| [sec_manager_handle.cc:458/package_query_ta]<err>TA is not installed
02-06 06:24:19.058   269   269 I         : (6)[269:teei_log_thread][TZ_LOG] uTSecMan|
02-06 06:24:19.058   269   269 I         : (6)[269:teei_log_thread][TZ_LOG] uTSecMan| [sec_verify_server.cc:94/dispatch]<err>ta load failed err:12
02-06 06:24:19.058   269   269 I         : (6)[269:teei_log_thread][TZ_LOG] uTbtaLdr| [sec_verify.cc:46/open_verified_ta]<err>query verified ta failed: No such object found (-2).
02-06 06:24:19.058   269   269 I         : (6)[269:teei_log_thread][TZ_LOG] uTbtaLdr| [ta_name_space.cc:181/open_file_from_vfs]<err>open ta '07060000000000000000000000007169' failed!
02-06 06:24:19.058   269   269 I         : (6)[269:teei_log_thread][TZ_LOG] uTbtaLdr|
02-06 06:24:19.058   269   269 I         : (6)[269:teei_log_thread][TZ_LOG] uTbtaLdr| [loader.cc:514/launch]<err>open ta failed
02-06 06:24:19.058   269   269 I         : (6)[269:teei_log_thread][TZ_LOG] uTbtaLdr|
02-06 06:24:19.058   269   269 I         : (6)[269:teei_log_thread][TZ_LOG] uTbtaLdr| [main.cc:121/TEE_OpenSession]<err>failed (ffff0008) to create BTA
02-06 06:24:19.058   269   269 I         : (6)[269:teei_log_thread][TZ_LOG] uTbtaLdr|
02-06 06:24:19.058   269   269 I         : (6)[269:teei_log_thread][TZ_LOG] uTSecMan| lookup ta: '4be4f7dc1f2c11e5b5f7727283247c7f' (40)
02-06 06:24:19.058   269   269 I         : (6)[269:teei_log_thread][TZ_LOG] uTSecMan| [sec_manager_handle.cc:458/package_query_ta]<err>TA is not installed
02-06 06:24:19.058   269   269 I         : (6)[269:teei_log_thread][TZ_LOG] uTSecMan|
02-06 06:24:19.058   269   269 I         : (6)[269:teei_log_thread][TZ_LOG] uTSecMan| [sec_verify_server.cc:94/dispatch]<err>ta load failed err:12
02-06 06:24:19.058   269   269 I         : (6)[269:teei_log_thread][TZ_LOG] uTbtaLdr| [sec_verify.cc:46/open_verified_ta]<err>query verified ta failed: No such object found (-2).
02-06 06:24:19.058   269   269 I         : (6)[269:teei_log_thread][TZ_LOG] uTbtaLdr| [ta_name_space.cc:181/open_file_from_vfs]<err>open ta '4be4f7dc1f2c11e5b5f7727283247c7f' failed!
02-06 06:24:19.030   345   345 D [mTEE]  : errno = 2
02-06 06:24:19.030   345   345 D [mTEE]  :  pathname = /vendor/thh/ta/85f630e0f0964c5fa2cc268ce04e3da3.ta
02-06 06:24:19.058   269   269 I         : (6)[269:teei_log_thread][TZ_LOG] uTbtaLdr|
02-06 06:24:19.030   345   345 D [mTEE]  :  flags = 0 mode = 0 retval = -2
02-06 06:24:19.058   269   269 I         : (6)[269:teei_log_thread][TZ_LOG] uTbtaLdr| [loader.cc:514/launch]<err>open ta failed
02-06 06:24:19.030   345   345 I [mTEE]  :  come into the TZ_VFS_OPEN function
02-06 06:24:19.030   345   345 D [mTEE]  : errno = 2
02-06 06:24:19.030   345   345 D [mTEE]  :  pathname = /data/vendor/thh/ta/85f630e0f0964c5fa2cc268ce04e3da3/85f630e0f0964c5fa2cc268ce04e3da3.ta
02-06 06:24:19.030   345   345 D [mTEE]  :  flags = 0 mode = 0 retval = -2
02-06 06:24:19.031   345   345 I [mTEE]  :  come into the TZ_VFS_OPEN function
02-06 06:24:19.058   269   269 I         : (6)[269:teei_log_thread][TZ_LOG] uTbtaLdr|
02-06 06:24:19.032   345   345 D [mTEE]  : errno = 2
02-06 06:24:19.058   269   269 I         : (6)[269:teei_log_thread][TZ_LOG] uTbtaLdr| [main.cc:121/TEE_OpenSession]<err>failed (ffff0008) to create BTA
02-06 06:24:19.032   345   345 D [mTEE]  :  pathname = /vendor/thh/ta/98fb95bcb4bf42d26473eae48690d7ea.ta
02-06 06:24:19.058   269   269 I         : (6)[269:teei_log_thread][TZ_LOG] uTbtaLdr|
02-06 06:24:19.039   345   345 D [mTEE]  :  come into the TZ_VFS_CLOSE function
02-06 06:24:19.058   269   269 I         : (6)[269:teei_log_thread][TZ_LOG] uTSecMan| lookup ta: '9073f03a9618383bb1856eb3f990babd' (40)
02-06 06:24:19.039   345   345 I [mTEE]  :  come into the TZ_VFS_OPEN function
02-06 06:24:19.058   269   269 I         : (6)[269:teei_log_thread][TZ_LOG] uTSecMan| [sec_manager_handle.cc:458/package_query_ta]<err>TA is not installed
02-06 06:24:19.058   269   269 I         : (6)[269:teei_log_thread][TZ_LOG] uTSecMan|
02-06 06:24:19.039   345   345 D [mTEE]  :  pathname = /vendor/thh/ta/93feffccd8ca11e796c7c7a21acb4932.ta
02-06 06:24:19.039   345   345 D [mTEE]  :  flags = 0 mode = 0 retval = 6
02-06 06:24:19.058   269   269 I         : (6)[269:teei_log_thread][TZ_LOG] uTSecMan| [sec_verify_server.cc:94/dispatch]<err>ta load failed err:12
02-06 06:24:19.058   269   269 I         : (6)[269:teei_log_thread][TZ_LOG] uTbtaLdr| [sec_verify.cc:46/open_verified_ta]<err>query verified ta failed: No such object found (-2).
02-06 06:24:19.040   345   345 D [mTEE]  :  come into the TZ_VFS_LSEEK function
02-06 06:24:19.058   269   269 I         : (6)[269:teei_log_thread][TZ_LOG] uTbtaLdr| [ta_name_space.cc:181/open_file_from_vfs]<err>open ta '9073f03a9618383bb1856eb3f990babd' failed!
02-06 06:24:19.041   345   345 D [mTEE]  :  come into the TZ_VFS_LSEEK function
02-06 06:24:19.058   269   269 I         : (6)[269:teei_log_thread][TZ_LOG] uTbtaLdr|
02-06 06:24:19.041   345   345 D [mTEE]  :  come into the TZ_VFS_LSEEK function
02-06 06:24:19.042   345   345 D [mTEE]  :  come into the TZ_VFS_READ function
02-06 06:24:19.058   269   269 I         : (6)[269:teei_log_thread][TZ_LOG] uTbtaLdr| [loader.cc:514/launch]<err>open ta failed
02-06 06:24:19.058   269   269 I         : (6)[269:teei_log_thread][TZ_LOG] uTbtaLdr|
02-06 06:24:19.058   269   269 I         : (6)[269:teei_log_thread][TZ_LOG] uTbtaLdr| [main.cc:121/TEE_OpenSession]<err>failed (ffff0008) to create BTA
02-06 06:24:19.058   269   269 I         : (6)[269:teei_log_thread][TZ_LOG] uTbtaLdr|
02-06 06:24:19.058   269   269 I         : (6)[269:teei_log_thread][TZ_LOG] uTSecMan| lookup ta: '08050000000000000000000000003419' (40)
02-06 06:24:19.058   269   269 I         : (6)[269:teei_log_thread][TZ_LOG] uTSecMan| [sec_manager_handle.cc:458/package_query_ta]<err>TA is not installed
02-06 06:24:19.058   269   269 I         : (6)[269:teei_log_thread][TZ_LOG] uTSecMan|
02-06 06:24:19.058   269   269 I         : (6)[269:teei_log_thread][TZ_LOG] uTSecMan| [sec_verify_server.cc:94/dispatch]<err>ta load failed err:12
02-06 06:24:19.058   269   269 I         : (6)[269:teei_log_thread][TZ_LOG] uTbtaLdr| [sec_verify.cc:46/open_verified_ta]<err>query verified ta failed: No such object found (-2).
02-06 06:24:19.058   269   269 I         : (6)[269:teei_log_thread][TZ_LOG] uTbtaLdr| [ta_name_space.cc:181/open_file_from_vfs]<err>open ta '08050000000000000000000000003419' failed!
02-06 06:24:19.058   269   269 I         : (6)[269:teei_log_thread][TZ_LOG] uTbtaLdr|
02-06 06:24:19.058   269   269 I         : (6)[269:teei_log_thread][TZ_LOG] uTbtaLdr| [loader.cc:514/launch]<err>open ta failed
02-06 06:24:19.058   269   269 I         : (6)[269:teei_log_thread][TZ_LOG] uTbtaLdr|
02-06 06:24:19.058   269   269 I         : (6)[269:teei_log_thread][TZ_LOG] uTbtaLdr| [main.cc:121/TEE_OpenSession]<err>failed (ffff0008) to create BTA
02-06 06:24:19.042   345   345 D [mTEE]  :  come into the TZ_VFS_CLOSE function
02-06 06:24:19.058   269   269 I         : (6)[269:teei_log_thread][TZ_LOG] uTbtaLdr|
02-06 06:24:19.042   345   345 D [mTEE]  :  fd = 6
02-06 06:24:19.042   345   345 D [mTEE]  :  retVal = 0
02-06 06:24:19.058   269   269 I         : (6)[269:teei_log_thread][TZ_LOG] uTSecMan| lookup ta: '5020170115e016302017012521300000' (40)
02-06 06:24:19.058   269   269 I         : (6)[269:teei_log_thread][TZ_LOG] uTSecMan| [sec_manager_handle.cc:458/package_query_ta]<err>TA is not installed
02-06 06:24:19.058   269   269 I         : (6)[269:teei_log_thread][TZ_LOG] uTSecMan|
02-06 06:24:19.058   269   269 I         : (6)[269:teei_log_thread][TZ_LOG] uTSecMan| [sec_verify_server.cc:94/dispatch]<err>ta load failed err:12
02-06 06:24:19.058   269   269 I         : (6)[269:teei_log_thread][TZ_LOG] uTbtaLdr| [sec_verify.cc:46/open_verified_ta]<err>query verified ta failed: No such object found (-2).
02-06 06:24:19.059   269   269 I         : (6)[269:teei_log_thread][TZ_LOG] uTbtaLdr| [ta_name_space.cc:181/open_file_from_vfs]<err>open ta '5020170115e016302017012521300000' failed!
02-06 06:24:19.059   269   269 I         : (6)[269:teei_log_thread][TZ_LOG] uTbtaLdr|
02-06 06:24:19.059   269   269 I         : (6)[269:teei_log_thread][TZ_LOG] uTbtaLdr| [loader.cc:514/launch]<err>open ta failed
02-06 06:24:19.059   269   269 I         : (6)[269:teei_log_thread][TZ_LOG] uTbtaLdr|
02-06 06:24:19.059   269   269 I         : (6)[269:teei_log_thread][TZ_LOG] uTbtaLdr| [main.cc:121/TEE_OpenSession]<err>failed (ffff0008) to create BTA
02-06 06:24:19.059   269   269 I         : (6)[269:teei_log_thread][TZ_LOG] uTbtaLdr|
02-06 06:24:19.059   269   269 I         : (6)[269:teei_log_thread][TZ_LOG] uTSecMan| lookup ta: '0f5eed3c3b5a47afacca69a84bf0efad' (40)
02-06 06:24:19.059   269   269 I         : (6)[269:teei_log_thread][TZ_LOG] uTSecMan| [sec_manager_handle.cc:458/package_query_ta]<err>TA is not installed
02-06 06:24:19.059   269   269 I         : (6)[269:teei_log_thread][TZ_LOG] uTSecMan|
02-06 06:24:19.059   269   269 I         : (6)[269:teei_log_thread][TZ_LOG] uTSecMan| [sec_verify_server.cc:94/dispatch]<err>ta load failed err:12
02-06 06:24:19.059   269   269 I         : (6)[269:teei_log_thread][TZ_LOG] uTbtaLdr| [sec_verify.cc:46/open_verified_ta]<err>query verified ta failed: No such object found (-2).
02-06 06:24:19.059   269   269 I         : (6)[269:teei_log_thread][TZ_LOG] uTbtaLdr| [ta_name_space.cc:181/open_file_from_vfs]<err>open ta '0f5eed3c3b5a47afacca69a84bf0efad' failed!
02-06 06:24:19.059   269   269 I         : (6)[269:teei_log_thread][TZ_LOG] uTbtaLdr|
02-06 06:24:19.059   269   269 I         : (6)[269:teei_log_thread][TZ_LOG] uTbtaLdr| [loader.cc:514/launch]<err>open ta failed
02-06 06:24:19.059   269   269 I         : (6)[269:teei_log_thread][TZ_LOG] uTbtaLdr|
02-06 06:24:19.059   269   269 I         : (6)[269:teei_log_thread][TZ_LOG] uTbtaLdr| [main.cc:121/TEE_OpenSession]<err>failed (ffff0008) to create BTA
02-06 06:24:19.059   269   269 I         : (6)[269:teei_log_thread][TZ_LOG] uTbtaLdr|
02-06 06:24:19.059   269   269 I         : (6)[269:teei_log_thread][TZ_LOG] uTSecMan| lookup ta: '07407000000000000000000000000000' (40)
02-06 06:24:19.059   269   269 I         : (6)[269:teei_log_thread][TZ_LOG] uTSecMan| [sec_manager_handle.cc:458/package_query_ta]<err>TA is not installed
02-06 06:24:19.059   269   269 I         : (6)[269:teei_log_thread][TZ_LOG] uTSecMan|
02-06 06:24:19.059   269   269 I         : (6)[269:teei_log_thread][TZ_LOG] uTSecMan| [sec_verify_server.cc:94/dispatch]<err>ta load failed err:12
02-06 06:24:19.059   269   269 I         : (6)[269:teei_log_thread][TZ_LOG] uTbtaLdr| [sec_verify.cc:46/open_verified_ta]<err>query verified ta failed: No such object found (-2).
02-06 06:24:19.059   269   269 I         : (6)[269:teei_log_thread][TZ_LOG] uTbtaLdr| [ta_name_space.cc:181/open_file_from_vfs]<err>open ta '07407000000000000000000000000000' failed!
02-06 06:24:19.059   269   269 I         : (6)[269:teei_log_thread][TZ_LOG] uTbtaLdr|
02-06 06:24:19.059   269   269 I         : (6)[269:teei_log_thread][TZ_LOG] uTbtaLdr| [loader.cc:514/launch]<err>open ta failed
02-06 06:24:19.059   269   269 I         : (6)[269:teei_log_thread][TZ_LOG] uTbtaLdr|
02-06 06:24:19.059   269   269 I         : (6)[269:teei_log_thread][TZ_LOG] uTbtaLdr| [main.cc:121/TEE_OpenSession]<err>failed (ffff0008) to create BTA
02-06 06:24:19.059   269   269 I         : (6)[269:teei_log_thread][TZ_LOG] uTbtaLdr|
02-06 06:24:19.059   269   269 I         : (6)[269:teei_log_thread][TZ_LOG] uTSecMan| lookup ta: '05160000000000000000000000000000' (40)
02-06 06:24:19.059   269   269 I         : (6)[269:teei_log_thread][TZ_LOG] uTSecMan| [sec_manager_handle.cc:458/package_query_ta]<err>TA is not installed
02-06 06:24:19.059   269   269 I         : (6)[269:teei_log_thread][TZ_LOG] uTSecMan|
02-06 06:24:19.059   269   269 I         : (6)[269:teei_log_thread][TZ_LOG] uTSecMan| [sec_verify_server.cc:94/dispatch]<err>ta load failed err:12
02-06 06:24:19.059   269   269 I         : (6)[269:teei_log_thread][TZ_LOG] uTbtaLdr| [sec_verify.cc:46/open_verified_ta]<err>query verified ta failed: No such object found (-2).
02-06 06:24:19.059   269   269 I         : (6)[269:teei_log_thread][TZ_LOG] uTbtaLdr| [ta_name_space.cc:181/open_file_from_vfs]<err>open ta '05160000000000000000000000000000' failed!
02-06 06:24:19.059   269   269 I         : (6)[269:teei_log_thread][TZ_LOG] uTbtaLdr|
02-06 06:24:19.039   350   350 I recovery: type=1400 audit(0.0:79): avc: denied { getattr } for path="/persist" dev="mmcblk0p12" ino=2 scontext=u:r:recovery:s0 tcontext=u:object_r:mnt_vendor_file:s0 tclass=dir permissive=1
02-06 06:24:19.059   269   269 I         : (6)[269:teei_log_thread][TZ_LOG] uTbtaLdr| [loader.cc:514/launch]<err>open ta failed
02-06 06:24:19.059   269   269 I         : (6)[269:teei_log_thread][TZ_LOG] uTbtaLdr|
02-06 06:24:19.059   269   269 I         : (6)[269:teei_log_thread][TZ_LOG] uTbtaLdr| [main.cc:121/TEE_OpenSession]<err>failed (ffff0008) to create BTA
02-06 06:24:19.059   269   269 I         : (6)[269:teei_log_thread][TZ_LOG] uTbtaLdr|
02-06 06:24:19.059   269   269 I         : (6)[269:teei_log_thread][TZ_LOG] uTSecMan| lookup ta: '91dba524a6e24909acc48abd7163121a' (40)
02-06 06:24:19.059   269   269 I         : (6)[269:teei_log_thread][TZ_LOG] uTSecMan| [sec_manager_handle.cc:458/package_query_ta]<err>TA is not installed
02-06 06:24:19.059   269   269 I         : (6)[269:teei_log_thread][TZ_LOG] uTSecMan|
02-06 06:24:19.059   269   269 I         : (6)[269:teei_log_thread][TZ_LOG] uTSecMan| [sec_verify_server.cc:94/dispatch]<err>ta load failed err:12
02-06 06:24:19.059   269   269 I         : (6)[269:teei_log_thread][TZ_LOG] uTbtaLdr| [sec_verify.cc:46/open_verified_ta]<err>query verified ta failed: No such object found (-2).
02-06 06:24:19.059   269   269 I         : (6)[269:teei_log_thread][TZ_LOG] uTbtaLdr| [ta_name_space.cc:181/open_file_from_vfs]<err>open ta '91dba524a6e24909acc48abd7163121a' failed!
02-06 06:24:19.059   269   269 I         : (6)[269:teei_log_thread][TZ_LOG] uTbtaLdr|
02-06 06:24:19.059   269   269 I         : (6)[269:teei_log_thread][TZ_LOG] uTbtaLdr| [loader.cc:514/launch]<err>open ta failed
02-06 06:24:19.059   269   269 I         : (6)[269:teei_log_thread][TZ_LOG] uTbtaLdr|
02-06 06:24:19.059   269   269 I         : (6)[269:teei_log_thread][TZ_LOG] uTbtaLdr| [main.cc:121/TEE_OpenSession]<err>failed (ffff0008) to create BTA
02-06 06:24:19.059   269   269 I         : (6)[269:teei_log_thread][TZ_LOG] uTbtaLdr|
02-06 06:24:19.059   269   269 I         : (6)[269:teei_log_thread][TZ_LOG] uTSecMan| lookup ta: '08070000000000000000000000008270' (40)
02-06 06:24:19.084   269   269 I         : (6)[269:teei_log_thread][TZ_LOG] uTSecMan| [sec_manager_handle.cc:458/package_query_ta]<err>TA is not installed
02-06 06:24:19.084   269   269 I         : (6)[269:teei_log_thread][TZ_LOG] uTSecMan|
02-06 06:24:19.084   269   269 I         : (6)[269:teei_log_thread][TZ_LOG] uTSecMan| [sec_verify_server.cc:94/dispatch]<err>ta load failed err:12
02-06 06:24:19.084   269   269 I         : (6)[269:teei_log_thread][TZ_LOG] uTbtaLdr| [sec_verify.cc:46/open_verified_ta]<err>query verified ta failed: No such object found (-2).
02-06 06:24:19.084   269   269 I         : (6)[269:teei_log_thread][TZ_LOG] uTbtaLdr| [ta_name_space.cc:181/open_file_from_vfs]<err>open ta '08070000000000000000000000008270' failed!
02-06 06:24:19.084   269   269 I         : (6)[269:teei_log_thread][TZ_LOG] uTbtaLdr|
02-06 06:24:19.084   269   269 I         : (6)[269:teei_log_thread][TZ_LOG] uTbtaLdr| [loader.cc:514/launch]<err>open ta failed
02-06 06:24:19.084   269   269 I         : (6)[269:teei_log_thread][TZ_LOG] uTbtaLdr|
02-06 06:24:19.084   269   269 I         : (6)[269:teei_log_thread][TZ_LOG] uTbtaLdr| [main.cc:121/TEE_OpenSession]<err>failed (ffff0008) to create BTA
02-06 06:24:19.084   269   269 I         : (6)[269:teei_log_thread][TZ_LOG] uTbtaLdr|
02-06 06:24:19.084   269   269 I         : (6)[269:teei_log_thread][TZ_LOG] uTSecMan| lookup ta: '09080000000000000000000000009381' (40)
02-06 06:24:19.084   269   269 I         : (6)[269:teei_log_thread][TZ_LOG] uTSecMan| [sec_manager_handle.cc:458/package_query_ta]<err>TA is not installed
02-06 06:24:19.084   269   269 I         : (6)[269:teei_log_thread][TZ_LOG] uTSecMan|
02-06 06:24:19.084   269   269 I         : (6)[269:teei_log_thread][TZ_LOG] uTSecMan| [sec_verify_server.cc:94/dispatch]<err>ta load failed err:12
02-06 06:24:19.084   269   269 I         : (6)[269:teei_log_thread][TZ_LOG] uTbtaLdr| [sec_verify.cc:46/open_verified_ta]<err>query verified ta failed: No such object found (-2).
02-06 06:24:19.084   269   269 I         : (6)[269:teei_log_thread][TZ_LOG] uTbtaLdr| [ta_name_space.cc:181/open_file_from_vfs]<err>open ta '09080000000000000000000000009381' failed!
02-06 06:24:19.084   269   269 I         : (6)[269:teei_log_thread][TZ_LOG] uTbtaLdr|
02-06 06:24:19.084   269   269 I         : (6)[269:teei_log_thread][TZ_LOG] uTbtaLdr| [loader.cc:514/launch]<err>open ta failed
02-06 06:24:19.084   269   269 I         : (6)[269:teei_log_thread][TZ_LOG] uTbtaLdr|
02-06 06:24:19.084   269   269 I         : (6)[269:teei_log_thread][TZ_LOG] uTbtaLdr| [main.cc:121/TEE_OpenSession]<err>failed (ffff0008) to create BTA
02-06 06:24:19.084   269   269 I         : (6)[269:teei_log_thread][TZ_LOG] uTbtaLdr|
02-06 06:24:19.084   269   269 I         : (6)[269:teei_log_thread][TZ_LOG] uTSecMan| lookup ta: '08030000000000000000000000000000' (40)
02-06 06:24:19.084   269   269 I         : (6)[269:teei_log_thread][TZ_LOG] uTSecMan| [sec_manager_handle.cc:458/package_query_ta]<err>TA is not installed
02-06 06:24:19.084   269   269 I         : (6)[269:teei_log_thread][TZ_LOG] uTSecMan|
02-06 06:24:19.084   269   269 I         : (6)[269:teei_log_thread][TZ_LOG] uTSecMan| [sec_verify_server.cc:94/dispatch]<err>ta load failed err:12
02-06 06:24:19.084   269   269 I         : (6)[269:teei_log_thread][TZ_LOG] uTbtaLdr| [sec_verify.cc:46/open_verified_ta]<err>query verified ta failed: No such object found (-2).
02-06 06:24:19.084   269   269 I         : (6)[269:teei_log_thread][TZ_LOG] uTbtaLdr| [ta_name_space.cc:181/open_file_from_vfs]<err>open ta '08030000000000000000000000000000' failed!
02-06 06:24:19.084   269   269 I         : (6)[269:teei_log_thread][TZ_LOG] uTbtaLdr|
02-06 06:24:19.084   269   269 I         : (6)[269:teei_log_thread][TZ_LOG] uTbtaLdr| [loader.cc:514/launch]<err>open ta failed
02-06 06:24:19.084   269   269 I         : (6)[269:teei_log_thread][TZ_LOG] uTbtaLdr|
02-06 06:24:19.084   269   269 I         : (6)[269:teei_log_thread][TZ_LOG] uTbtaLdr| [main.cc:121/TEE_OpenSession]<err>failed (ffff0008) to create BTA
02-06 06:24:19.084   269   269 I         : (6)[269:teei_log_thread][TZ_LOG] uTbtaLdr|
02-06 06:24:19.084   269   269 I         : (6)[269:teei_log_thread][TZ_LOG] uTSecMan| lookup ta: '85f630e0f0964c5fa2cc268ce04e3da3' (40)
02-06 06:24:19.084   269   269 I         : (6)[269:teei_log_thread][TZ_LOG] uTSecMan| [sec_manager_handle.cc:458/package_query_ta]<err>TA is not installed
02-06 06:24:19.084   269   269 I         : (6)[269:teei_log_thread][TZ_LOG] uTSecMan|
02-06 06:24:19.084   269   269 I         : (6)[269:teei_log_thread][TZ_LOG] uTSecMan| [sec_verify_server.cc:94/dispatch]<err>ta load failed err:12
02-06 06:24:19.085   269   269 I         : (6)[269:teei_log_thread][TZ_LOG] uTbtaLdr| [sec_verify.cc:46/open_verified_ta]<err>query verified ta failed: No such object found (-2).
02-06 06:24:19.085   269   269 I         : (6)[269:teei_log_thread][TZ_LOG] uTbtaLdr| [ta_name_space.cc:181/open_file_from_vfs]<err>open ta '85f630e0f0964c5fa2cc268ce04e3da3' failed!
02-06 06:24:19.085   269   269 I         : (6)[269:teei_log_thread][TZ_LOG] uTbtaLdr|
02-06 06:24:19.085   269   269 I         : (6)[269:teei_log_thread][TZ_LOG] uTbtaLdr| [loader.cc:514/launch]<err>open ta failed
02-06 06:24:19.085   269   269 I         : (6)[269:teei_log_thread][TZ_LOG] uTbtaLdr|
02-06 06:24:19.085   269   269 I         : (6)[269:teei_log_thread][TZ_LOG] uTbtaLdr| [main.cc:121/TEE_OpenSession]<err>failed (ffff0008) to create BTA
02-06 06:24:19.085   269   269 I         : (6)[269:teei_log_thread][TZ_LOG] uTbtaLdr|
02-06 06:24:19.085   269   269 I         : (6)[269:teei_log_thread][TZ_LOG] uTSecMan| lookup ta: '98fb95bcb4bf42d26473eae48690d7ea' (40)
02-06 06:24:19.085   269   269 I         : (6)[269:teei_log_thread][TZ_LOG] uTSecMan| [sec_manager_handle.cc:458/package_query_ta]<err>TA is not installed
02-06 06:24:19.085   269   269 I         : (6)[269:teei_log_thread][TZ_LOG] uTSecMan|
02-06 06:24:19.085   269   269 I         : (6)[269:teei_log_thread][TZ_LOG] uTSecMan| [sec_verify_server.cc:94/dispatch]<err>ta load failed err:12
02-06 06:24:19.085   269   269 I         : (6)[269:teei_log_thread][TZ_LOG] uTbtaLdr| [sec_verify.cc:46/open_verified_ta]<err>query verified ta failed: No such object found (-2).
02-06 06:24:19.085   269   269 I         : (6)[269:teei_log_thread][TZ_LOG] uTbtaLdr| [ta_name_space.cc:181/open_file_from_vfs]<err>open ta '98fb95bcb4bf42d26473eae48690d7ea' failed!
02-06 06:24:19.085   269   269 I         : (6)[269:teei_log_thread][TZ_LOG] uTbtaLdr|
02-06 06:24:19.085   269   269 I         : (6)[269:teei_log_thread][TZ_LOG] uTbtaLdr| [loader.cc:514/launch]<err>open ta failed
02-06 06:24:19.085   269   269 I         : (6)[269:teei_log_thread][TZ_LOG] uTbtaLdr|
02-06 06:24:19.085   269   269 I         : (6)[269:teei_log_thread][TZ_LOG] uTbtaLdr| [main.cc:121/TEE_OpenSession]<err>failed (ffff0008) to create BTA
02-06 06:24:19.085   269   269 I         : (6)[269:teei_log_thread][TZ_LOG] uTbtaLdr|
02-06 06:24:19.085   269   269 I         : (6)[269:teei_log_thread][TZ_LOG] uTSecMan| lookup ta: '7b66512021214487ba710a51d7ea78fe' (40)
02-06 06:24:19.085   269   269 I         : (6)[269:teei_log_thread][TZ_LOG] uTSecMan| [sec_manager_handle.cc:458/package_query_ta]<err>TA is not installed
02-06 06:24:19.085   269   269 I         : (6)[269:teei_log_thread][TZ_LOG] uTSecMan|
02-06 06:24:19.085   269   269 I         : (6)[269:teei_log_thread][TZ_LOG] uTSecMan| [sec_verify_server.cc:94/dispatch]<err>ta load failed err:12
02-06 06:24:19.085   269   269 I         : (6)[269:teei_log_thread][TZ_LOG] uTbtaLdr| [sec_verify.cc:46/open_verified_ta]<err>query verified ta failed: No such object found (-2).
02-06 06:24:19.085   269   269 I         : (6)[269:teei_log_thread][TZ_LOG] uTbtaLdr| [ta_name_space.cc:181/open_file_from_vfs]<err>open ta '7b66512021214487ba710a51d7ea78fe' failed!
02-06 06:24:19.085   269   269 I         : (6)[269:teei_log_thread][TZ_LOG] uTbtaLdr|
02-06 06:24:19.085   269   269 I         : (6)[269:teei_log_thread][TZ_LOG] uTbtaLdr| [loader.cc:514/launch]<err>open ta failed
02-06 06:24:19.085   269   269 I         : (6)[269:teei_log_thread][TZ_LOG] uTbtaLdr|
02-06 06:24:19.085   269   269 I         : (6)[269:teei_log_thread][TZ_LOG] uTbtaLdr| [main.cc:121/TEE_OpenSession]<err>failed (ffff0008) to create BTA
02-06 06:24:19.085   269   269 I         : (6)[269:teei_log_thread][TZ_LOG] uTbtaLdr|
02-06 06:24:19.085   269   269 I         : (6)[269:teei_log_thread][TZ_LOG] uTSecMan| lookup ta: '09010000000000000000000000000000' (40)
02-06 06:24:19.085   269   269 I         : (6)[269:teei_log_thread][TZ_LOG] uTSecMan| [sec_manager_handle.cc:458/package_query_ta]<err>TA is not installed
02-06 06:24:19.085   269   269 I         : (6)[269:teei_log_thread][TZ_LOG] uTSecMan|
02-06 06:24:19.085   269   269 I         : (6)[269:teei_log_thread][TZ_LOG] uTSecMan| [sec_verify_server.cc:94/dispatch]<err>ta load failed err:12
02-06 06:24:19.085   269   269 I         : (6)[269:teei_log_thread][TZ_LOG] uTbtaLdr| [sec_verify.cc:46/open_verified_ta]<err>query verified ta failed: No such object found (-2).
02-06 06:24:19.085   269   269 I         : (6)[269:teei_log_thread][TZ_LOG] uTbtaLdr| [ta_name_space.cc:181/open_file_from_vfs]<err>open ta '09010000000000000000000000000000' failed!
02-06 06:24:19.085   269   269 I         : (6)[269:teei_log_thread][TZ_LOG] uTbtaLdr|
02-06 06:24:19.085   269   269 I         : (6)[269:teei_log_thread][TZ_LOG] uTbtaLdr| [loader.cc:514/launch]<err>open ta failed
02-06 06:24:19.085   269   269 I         : (6)[269:teei_log_thread][TZ_LOG] uTbtaLdr|
02-06 06:24:19.085   269   269 I         : (6)[269:teei_log_thread][TZ_LOG] uTbtaLdr| [main.cc:121/TEE_OpenSession]<err>failed (ffff0008) to create BTA
02-06 06:24:19.085   269   269 I         : (6)[269:teei_log_thread][TZ_LOG] uTbtaLdr|
02-06 06:24:19.085   269   269 I         : (6)[269:teei_log_thread][TZ_LOG] uTSecMan| lookup ta: '93feffccd8ca11e796c7c7a21acb4932' (40)
02-06 06:24:19.067   345   345 I [mTEE]  :  come into the TZ_VFS_OPEN function
02-06 06:24:19.067   345   345 D [mTEE]  : check persist=3
02-06 06:24:19.067   345   345 D [mTEE]  :  pathname = /mnt/vendor/persist/rpmb/rpmb.txt
02-06 06:24:19.067   345   345 D [mTEE]  :  flags = 4098 mode = 0 retval = 6
02-06 06:24:19.068   345   345 D [mTEE]  :  come into the TZ_VFS_LSEEK function
02-06 06:24:19.069   345   345 D [mTEE]  :  come into the TZ_VFS_READ function
02-06 06:24:19.071   345   345 D [mTEE]  :  come into the TZ_VFS_CLOSE function
02-06 06:24:19.071   345   345 D [mTEE]  :  fd = 6
02-06 06:24:19.071   345   345 D [mTEE]  :  retVal = 0
02-06 06:24:19.111   269   269 I         : (6)[269:teei_log_thread][TZ_LOG] uTSecMan| verify activation information success.
02-06 06:24:19.111   269   269 I         : (6)[269:teei_log_thread][TZ_LOG] uTSecMan| ta verify success.
02-06 06:24:19.111   269   269 I         : (6)[269:teei_log_thread][TZ_LOG] uTSecMan|
02-06 06:24:19.111   269   269 I         : (6)[269:teei_log_thread][TZ_LOG] uTSecMan| ta unpack success.
02-06 06:24:19.111   269   269 I         : (6)[269:teei_log_thread][TZ_LOG] uTSecMan|
02-06 06:24:19.093   350   350 I recovery: type=1400 audit(0.0:80): avc: denied { ioctl } for path="/dev/block/dm-3" dev="tmpfs" ino=11782 ioctlcmd=0x5331 scontext=u:r:recovery:s0 tcontext=u:object_r:dm_device:s0 tclass=blk_file permissive=1
02-06 06:24:19.103   345   346 I [mTEE]  : init soter finish. flag = 1
02-06 06:24:19.137   346   346 I (6)[346:teei_daemon]BOOTPROF: 2971.510852:TEEI end of load driver TAs
02-06 06:24:19.141   269   269 I         : (6)[269:teei_log_thread][TZ_LOG] spi_drv | spi base addr = 1100a000
02-06 06:24:19.141   269   269 I         : (6)[269:teei_log_thread][TZ_LOG] spi_drv | spi_index = 30, spi_num = 0, irq_num = 150, apc_num = 105, pad = 0, dma_num = 9
02-06 06:24:19.141   269   269 I         : (6)[269:teei_log_thread][TZ_LOG] spi_drv |
02-06 06:24:19.141   269   269 I         : (6)[269:teei_log_thread][TZ_LOG] spi_drv | set devapc in  TEE.
02-06 06:24:19.141   269   269 I         : (6)[269:teei_log_thread][TZ_LOG] spi_drv |
02-06 06:24:19.141   269   269 I         : (6)[269:teei_log_thread][TZ_LOG] spi_drv | spi driver based ISEE [3.1], build at 2022-02-23 15:45:00.
02-06 06:24:19.141   269   269 I         : (6)[269:teei_log_thread][TZ_LOG] spi_drv |
02-06 06:24:19.147   350   350 I (7)[350:recovery]EXT4-fs (dm-3): mounted filesystem without journal. Opts:
02-06 06:24:19.116   350   350 I recovery: type=1400 audit(0.0:81): avc: denied { write } for name="properties_serial" dev="tmpfs" ino=11053 scontext=u:r:recovery:s0 tcontext=u:object_r:properties_serial:s0 tclass=file permissive=1
02-06 06:24:19.116   350   350 I recovery: type=1400 audit(0.0:82): avc: denied { write } for name="u:object_r:storage_config_prop:s0" dev="tmpfs" ino=11001 scontext=u:r:recovery:s0 tcontext=u:object_r:storage_config_prop:s0 tclass=file permissive=1
02-06 06:24:19.123   350   350 I recovery: type=1400 audit(0.0:83): avc: denied { create } for name="additional.fstab" scontext=u:r:recovery:s0 tcontext=u:object_r:rootfs:s0 tclass=file permissive=1
02-06 06:24:19.123   350   350 I recovery: type=1400 audit(0.0:84): avc: denied { write } for path="/system/etc/additional.fstab" dev="rootfs" ino=16530 scontext=u:r:recovery:s0 tcontext=u:object_r:rootfs:s0 tclass=file permissive=1
02-06 06:24:19.123   350   350 I recovery: type=1400 audit(0.0:85): avc: denied { setattr } for name="additional.fstab" dev="rootfs" ino=16530 scontext=u:r:recovery:s0 tcontext=u:object_r:rootfs:s0 tclass=file permissive=1
02-06 06:24:19.247   350   350 W (7)[350:recovery]pvrsrvkm 13000000.mfg_doma: Direct firmware load for rgx.fw.22.87.104.18 failed with error -2
02-06 06:24:19.247   350   350 W (7)[350:recovery]pvrsrvkm 13000000.mfg_doma: Direct firmware load for rgx.fw.22.87p.104.18 failed with error -2
02-06 06:24:19.247   350   350 W (7)[350:recovery]pvrsrvkm 13000000.mfg_doma: Direct firmware load for rgx.fw failed with error -2
02-06 06:24:19.247   350   350 E -(7)[350:recovery]PVR_K: (Fatal):   350: All RGX Firmware image loads failed for 'rgx.fw' [1600]
02-06 06:24:19.247   350   350 E -(7)[350:recovery]PVR_K: (Error):   350: RGXInit: InitFirmware failed (4) [1368]
02-06 06:24:19.247   350   350 E -(7)[350:recovery]PVR_K: (Error):   350: RGXInit() failed (PVRSRV_ERROR_INIT_FAILURE) in PVRSRVCommonDeviceInitialise() [2343]
02-06 06:24:19.247   350   350 E -(7)[350:recovery]PVR_K: (Error):   350: PVRSRVDeviceFinalise() failed (PVRSRV_ERROR_NOT_INITIALISED) in PVRSRVCommonDeviceInitialise() [2352]
02-06 06:24:19.247   350   350 E -(7)[350:recovery]PVR_K: (Error):   350: PVRSRVDeviceOpen: Failed to initialise device (PVRSRV_ERROR_NOT_INITIALISED) [478]
02-06 06:24:19.274   350   350 E         : (7)[350:recovery][M4U] m4u_fb_notifier_callback 1, 9
02-06 06:24:19.274   350   350 I (7)[350:recovery]mtk-tpd: [tpd_fb_notifier_callback:421] tpd_fb_notifier_callback
02-06 06:24:19.274   350   350 E         : (7)[350:recovery][M4U] m4u_fb_notifier_callback 16, 9
02-06 06:24:19.274   350   350 I (7)[350:recovery]mtk-tpd: [tpd_fb_notifier_callback:421] tpd_fb_notifier_callback
